******************************************************************************
             TMS320C2000 Linker PC v6.1.3                      
******************************************************************************
>> Linked Fri Oct 25 13:31:38 2013

OUTPUT FILE NAME:   <F2802x_BurnInUnit.out>
ENTRY POINT SYMBOL: "_c_int00"  address: 003f1149


MEMORY CONFIGURATION

         name            origin    length      used     unused   attr    fill
----------------------  --------  ---------  --------  --------  ----  --------
PAGE 0:
  BOOT_RSVD             00000000   00000050  00000000  00000050  RWIX
  progRAM               00008000   00000800  00000206  000005fa  RWIX
  OTP                   003d7800   00000400  00000000  00000400  RWIX
  FLASHD                003f0000   00002000  000014a6  00000b5a  RWIX
  FLASHC                003f2000   00002000  00001ffd  00000003  RWIX
  FLASHA                003f6000   00001f80  00000474  00001b0c  RWIX
  CSM_RSVD              003f7f80   00000076  00000000  00000076  RWIX
  BEGIN                 003f7ff6   00000002  00000002  00000000  RWIX
  CSM_PWL               003f7ff8   00000008  00000000  00000008  RWIX
  IQTABLES              003fe000   00000b50  00000000  00000b50  RWIX
  IQTABLES2             003feb50   0000008c  00000000  0000008c  RWIX
  IQTABLES3             003febdc   000000aa  00000000  000000aa  RWIX
  BOOTROM               003ff27c   00000d44  00000000  00000d44  RWIX
  RESET                 003fffc0   00000002  00000000  00000002  RWIX
  VECTORS               003fffc2   0000003e  00000000  0000003e  RWIX

PAGE 1:
  RAMM0                 00000050   000003b0  00000380  00000030  RWIX
  RAMM1                 00000400   00000400  00000191  0000026f  RWIX
  DEV_EMU               00000880   00000105  00000004  00000101  RWIX
  SYS_PWR_CTL           00000985   00000003  00000003  00000000  RWIX
  FLASH_REGS            00000a80   00000060  00000008  00000058  RWIX
  CSM                   00000ae0   00000010  00000010  00000000  RWIX
  ADC_RESULT            00000b00   00000020  00000020  00000000  RWIX
  CPU_TIMER0            00000c00   00000008  00000008  00000000  RWIX
  CPU_TIMER1            00000c08   00000008  00000008  00000000  RWIX
  CPU_TIMER2            00000c10   00000008  00000008  00000000  RWIX
  PIE_CTRL              00000ce0   00000020  0000001a  00000006  RWIX
  PIE_VECT              00000d00   00000100  00000100  00000000  RWIX
  COMP1                 00006400   00000020  00000014  0000000c  RWIX
  COMP2                 00006420   00000020  00000014  0000000c  RWIX
  EPWM1                 00006800   00000040  0000003a  00000006  RWIX
  EPWM2                 00006840   00000040  0000003a  00000006  RWIX
  EPWM3                 00006880   00000040  0000003a  00000006  RWIX
  EPWM4                 000068c0   00000040  0000003a  00000006  RWIX
  ECAP1                 00006a00   00000020  00000020  00000000  RWIX
  GPIOCTRL              00006f80   00000040  00000040  00000000  RWIX
  GPIODAT               00006fc0   00000020  00000020  00000000  RWIX
  GPIOINT               00006fe0   00000020  0000000a  00000016  RWIX
  SYSTEM                00007010   00000020  0000001f  00000001  RWIX
  SPIA                  00007040   00000010  00000010  00000000  RWIX
  SCIA                  00007050   00000010  00000010  00000000  RWIX
  NMIINTRUPT            00007060   00000010  00000010  00000000  RWIX
  XINTRUPT              00007070   00000010  00000010  00000000  RWIX
  ADC                   00007100   00000080  00000051  0000002f  RWIX
  I2CA                  00007900   00000040  00000022  0000001e  RWIX
  dataRAM               00008800   00000800  000007e9  00000017  RWIX
  PARTID                003d7fff   00000001  00000001  00000000  RWIX
  FLASHB                003f4000   00002000  00000000  00002000  RWIX
  CSM_PWL               003f7ff8   00000008  00000008  00000000  RWIX


SECTION ALLOCATION MAP

 output                                  attributes/
section   page    origin      length       input sections
--------  ----  ----------  ----------   ----------------
.pinit     0    003f6000    00000000     UNINITIALIZED

ramfuncs   0    003f0000    00000206     RUN ADDR = 00008000
                  003f0000    000001e5     BurnInUnit_ISR.obj (ramfuncs)
                  003f01e5    0000001d     DevInit_F2802x.obj (ramfuncs)
                  003f0202    00000004     DSP2802x_usDelay.obj (ramfuncs)

.text.1    0    003f0206    000012a0     
                  003f0206    000000e1     SCPI_specificCmds.obj (.text)
                  003f02e7    000000db     BurnInUnit_ISR.obj (.text)
                  003f03c2    000000db     SCPI_respFmtr.obj (.text)
                  003f049d    000000cf     SineGen.obj (.text)
                  003f056c    000000cc     SCPI_buildTree.obj (.text)
                  003f0638    000000c4     SCPI_inputBuffer.obj (.text)
                  003f06fc    000000c0     I2c.obj (.text)
                  003f07bc    000000b4     rts2800_ml.lib : log10.obj (.text)
                  003f0870    000000af     SCPI_outputQueue.obj (.text)
                  003f091f    0000009e     rts2800_ml.lib : exp.obj (.text)
                  003f09bd    0000009b     StateMachine.obj (.text)
                  003f0a58    00000099     Opp.obj (.text)
                  003f0af1    0000008f     Tmp.obj (.text)
                  003f0b80    0000008d     rts2800_ml.lib : _log.obj (.text)
                  003f0c0d    0000008c     Main.obj (.text)
                  003f0c99    00000088     SCPI_serialEmulation.obj (.text)
                  003f0d21    00000087     Sci.obj (.text)
                  003f0da8    00000083     rts2800_ml.lib : fs_div.obj (.text)
                  003f0e2b    00000083                    : pow.obj (.text)
                  003f0eae    0000007f     SCPI_parser.obj (.text)
                  003f0f2d    00000078     rts2800_ml.lib : fs_add.obj (.text)
                  003f0fa5    00000061     I2c.obj (.text:retain)
                  003f1006    0000005c     PWM_2ch_UpCnt_Cnf.obj (.text)
                  003f1062    0000005a     rts2800_ml.lib : fs_mpy.obj (.text)
                  003f10bc    00000048     Spi.obj (.text:retain)
                  003f1104    00000045     Pwm.obj (.text)
                  003f1149    00000044     rts2800_ml.lib : boot.obj (.text)
                  003f118d    00000041                    : ldexp.obj (.text)
                  003f11ce    00000038     Sci.obj (.text:retain)
                  003f1206    00000037     Comparator.obj (.text:retain)
                  003f123d    00000031     rts2800_ml.lib : modf.obj (.text)
                  003f126e    0000002c     SCPI_execCtrl.obj (.text)
                  003f129a    00000029     rts2800_ml.lib : fs_tol.obj (.text)
                  003f12c3    00000025                    : fs_toi.obj (.text)
                  003f12e8    00000022                    : i_div.obj (.text)
                  003f130a    00000021                    : fd_toi.obj (.text)
                  003f132b    0000001f                    : fd_tol.obj (.text)
                  003f134a    0000001e     slaveMode.obj (.text)
                  003f1368    0000001d     rts2800_ml.lib : fs_tou.obj (.text)
                  003f1385    0000001c                    : fs_tofd.obj (.text)
                  003f13a1    0000001b     C28x_SGEN_Lib_fixed.lib : sgti1c.obj (.text)
                  003f13bc    0000001a     rts2800_ml.lib : i_tofs.obj (.text)
                  003f13d6    0000001a                    : l_tofs.obj (.text)
                  003f13f0    00000019                    : args_main.obj (.text)
                  003f1409    00000019                    : exit.obj (.text)
                  003f1422    00000017                    : fs_cmp.obj (.text)
                  003f1439    00000014                    : frexp.obj (.text)
                  003f144d    00000013                    : ul_tofs.obj (.text)
                  003f1460    00000010     Timers.obj (.text)
                  003f1470    00000010     rts2800_ml.lib : u_tofs.obj (.text)
                  003f1480    0000000b                    : u_div.obj (.text)
                  003f148b    00000009                    : _lock.obj (.text)
                  003f1494    00000008     DSP2802x_CodeStartBranch.obj (.text)
                  003f149c    00000005     DevInit_F2802x.obj (.text:retain)
                  003f14a1    00000005     rts2800_ml.lib : fs_neg.obj (.text)

.text.2    0    003f2000    00001ffd     
                  003f2000    000002b1     Cntl.obj (.text)
                  003f22b1    00000291     Otp.obj (.text)
                  003f2542    000001fa     Ocp.obj (.text)
                  003f273c    000001ee     SCPI_msgEPCtrl.obj (.text)
                  003f292a    000001eb     MacroNets.obj (.text)
                  003f2b15    000001e9     SCPI_lexer.obj (.text)
                  003f2cfe    000001e5     SCPI_string.obj (.text)
                  003f2ee3    000001d3     SCPI_status.obj (.text)
                  003f30b6    000001bf     ADC_SOC_Cnf.obj (.text)
                  003f3275    000001a1     Comparator.obj (.text)
                  003f3416    000001a0     SCPI_commonCmds.obj (.text)
                  003f35b6    00000195     Ovp.obj (.text)
                  003f374b    0000017e     SCPI_requiredCmds.obj (.text)
                  003f38c9    00000153     rts2800_ml.lib : strtod.obj (.text)
                  003f3a1c    0000013e     SlewControl.obj (.text)
                  003f3b5a    0000013c     DevInit_F2802x.obj (.text)
                  003f3c96    00000108     Adc.obj (.text)
                  003f3d9e    000000f0     EnableCtrl.obj (.text)
                  003f3e8e    000000ec     Spi.obj (.text)
                  003f3f7a    00000083     rts2800_ml.lib : fd_mpy.obj (.text)

.econst    0    003f6000    000002ee     
                  003f6000    00000101     rts2800_ml.lib : ctype.obj (.econst:.string:__ctypes_)
                  003f6101    00000001     Sci.obj (.econst)
                  003f6102    0000007e     SCPI_requiredCmds.obj (.econst:.string)
                  003f6180    00000060     SCPI_specificCmds.obj (.econst:.string)
                  003f61e0    0000005b     SCPI_commonCmds.obj (.econst:.string)
                  003f623b    00000001     Spi.obj (.econst)
                  003f623c    0000002f     SCPI_serialEmulation.obj (.econst:.string)
                  003f626b    00000001     --HOLE-- [fill = 0]
                  003f626c    00000014     rts2800_ml.lib : strtod.obj (.econst:_digits)
                  003f6280    00000010     Adc.obj (.econst:_$P$T0$1)
                  003f6290    00000010     Adc.obj (.econst:_$P$T1$2)
                  003f62a0    00000010     Adc.obj (.econst:_$P$T2$3)
                  003f62b0    0000000c     rts2800_ml.lib : strtod.obj (.econst:_powerof10)
                  003f62bc    00000008     SCPI_lexer.obj (.econst:.string)
                  003f62c4    00000008     Cntl.obj (.econst)
                  003f62cc    00000008     Ocp.obj (.econst)
                  003f62d4    00000008     Ovp.obj (.econst)
                  003f62dc    00000005     SCPI_buildTree.obj (.econst:.string)
                  003f62e1    00000001     --HOLE-- [fill = 0]
                  003f62e2    00000004     SCPI_string.obj (.econst:.string)
                  003f62e6    00000004     Otp.obj (.econst)
                  003f62ea    00000004     SlewControl.obj (.econst)

.cinit     0    003f62ee    0000014a     
                  003f62ee    0000002d     SCPI_string.obj (.cinit)
                  003f631b    00000027     Cntl.obj (.cinit)
                  003f6342    00000022     SCPI_msgEPCtrl.obj (.cinit)
                  003f6364    0000001c     SineGen.obj (.cinit)
                  003f6380    00000011     I2c.obj (.cinit)
                  003f6391    00000010     SCPI_inputBuffer.obj (.cinit)
                  003f63a1    00000010     SCPI_respFmtr.obj (.cinit)
                  003f63b1    0000000f     SCPI_lexer.obj (.cinit)
                  003f63c0    0000000d     Main.obj (.cinit)
                  003f63cd    0000000c     EnableCtrl.obj (.cinit)
                  003f63d9    0000000c     SCPI_outputQueue.obj (.cinit)
                  003f63e5    0000000c     Tmp.obj (.cinit)
                  003f63f1    0000000a     rts2800_ml.lib : _lock.obj (.cinit)
                  003f63fb    0000000a                    : exit.obj (.cinit)
                  003f6405    00000009     SCPI_buildTree.obj (.cinit)
                  003f640e    00000008     MacroNets.obj (.cinit)
                  003f6416    00000008     SCPI_parser.obj (.cinit)
                  003f641e    00000004     Ocp.obj (.cinit)
                  003f6422    00000004     Opp.obj (.cinit)
                  003f6426    00000004     Ovp.obj (.cinit)
                  003f642a    00000004     SCPI_specificCmds.obj (.cinit)
                  003f642e    00000004     rts2800_ml.lib : errno.obj (.cinit)
                  003f6432    00000004     slaveMode.obj (.cinit)
                  003f6436    00000002     --HOLE-- [fill = 0]

IQmath     0    003f6438    0000003c     
                  003f6438    00000014     IQmath.lib : IQ14toF.obj (IQmath)
                  003f644c    00000014                : IQ24toF.obj (IQmath)
                  003f6460    00000014                : IQ26toF.obj (IQmath)

codestart 
*          0    003f7ff6    00000002     
                  003f7ff6    00000002     DSP2802x_CodeStartBranch.obj (codestart)

.reset     0    003fffc0    00000002     DSECT
                  003fffc0    00000002     rts2800_ml.lib : boot.obj (.reset)

vectors    0    003fffc2    00000000     DSECT

.stack     1    00000050    00000380     UNINITIALIZED
                  00000050    00000380     --HOLE--

.ebss.1    1    00000400    000000a4     UNINITIALIZED
                  00000400    000000a4     SCPI_msgEPCtrl.obj (.ebss)

.ebss.2    1    000004c0    000000a4     UNINITIALIZED
                  000004c0    000000a4     SCPI_outputQueue.obj (.ebss)

.ebss.3    1    00000580    00000025     UNINITIALIZED
                  00000580    00000025     SCPI_status.obj (.ebss)

.ebss.4    1    000005c0    00000024     UNINITIALIZED
                  000005c0    00000024     Cntl.obj (.ebss)

DevEmuRegsFile 
*          1    00000880    00000004     UNINITIALIZED
                  00000880    00000004     DSP2802x_GlobalVariableDefs.obj (DevEmuRegsFile)

SysPwrCtrlRegsFile 
*          1    00000985    00000003     UNINITIALIZED
                  00000985    00000003     DSP2802x_GlobalVariableDefs.obj (SysPwrCtrlRegsFile)

FlashRegsFile 
*          1    00000a80    00000008     UNINITIALIZED
                  00000a80    00000008     DSP2802x_GlobalVariableDefs.obj (FlashRegsFile)

CsmRegsFile 
*          1    00000ae0    00000010     UNINITIALIZED
                  00000ae0    00000010     DSP2802x_GlobalVariableDefs.obj (CsmRegsFile)

AdcResultFile 
*          1    00000b00    00000020     UNINITIALIZED
                  00000b00    00000020     DSP2802x_GlobalVariableDefs.obj (AdcResultFile)

CpuTimer0RegsFile 
*          1    00000c00    00000008     UNINITIALIZED
                  00000c00    00000008     DSP2802x_GlobalVariableDefs.obj (CpuTimer0RegsFile)

CpuTimer1RegsFile 
*          1    00000c08    00000008     UNINITIALIZED
                  00000c08    00000008     DSP2802x_GlobalVariableDefs.obj (CpuTimer1RegsFile)

CpuTimer2RegsFile 
*          1    00000c10    00000008     UNINITIALIZED
                  00000c10    00000008     DSP2802x_GlobalVariableDefs.obj (CpuTimer2RegsFile)

PieCtrlRegsFile 
*          1    00000ce0    0000001a     UNINITIALIZED
                  00000ce0    0000001a     DSP2802x_GlobalVariableDefs.obj (PieCtrlRegsFile)

PieVectTableFile 
*          1    00000d00    00000100     UNINITIALIZED
                  00000d00    00000100     DSP2802x_GlobalVariableDefs.obj (PieVectTableFile)

EmuKeyVar 
*          1    00000d00    00000001     UNINITIALIZED
                  00000d00    00000001     DSP2802x_GlobalVariableDefs.obj (EmuKeyVar)

EmuBModeVar 
*          1    00000d01    00000001     UNINITIALIZED
                  00000d01    00000001     DSP2802x_GlobalVariableDefs.obj (EmuBModeVar)

FlashCallbackVar 
*          1    00000d02    00000002     UNINITIALIZED
                  00000d02    00000002     DSP2802x_GlobalVariableDefs.obj (FlashCallbackVar)

FlashScalingVar 
*          1    00000d04    00000002     UNINITIALIZED
                  00000d04    00000002     DSP2802x_GlobalVariableDefs.obj (FlashScalingVar)

Comp1RegsFile 
*          1    00006400    00000014     UNINITIALIZED
                  00006400    00000014     DSP2802x_GlobalVariableDefs.obj (Comp1RegsFile)

Comp2RegsFile 
*          1    00006420    00000014     UNINITIALIZED
                  00006420    00000014     DSP2802x_GlobalVariableDefs.obj (Comp2RegsFile)

EPwm1RegsFile 
*          1    00006800    0000003a     UNINITIALIZED
                  00006800    0000003a     DSP2802x_GlobalVariableDefs.obj (EPwm1RegsFile)

EPwm2RegsFile 
*          1    00006840    0000003a     UNINITIALIZED
                  00006840    0000003a     DSP2802x_GlobalVariableDefs.obj (EPwm2RegsFile)

EPwm3RegsFile 
*          1    00006880    0000003a     UNINITIALIZED
                  00006880    0000003a     DSP2802x_GlobalVariableDefs.obj (EPwm3RegsFile)

EPwm4RegsFile 
*          1    000068c0    0000003a     UNINITIALIZED
                  000068c0    0000003a     DSP2802x_GlobalVariableDefs.obj (EPwm4RegsFile)

ECap1RegsFile 
*          1    00006a00    00000020     UNINITIALIZED
                  00006a00    00000020     DSP2802x_GlobalVariableDefs.obj (ECap1RegsFile)

GpioCtrlRegsFile 
*          1    00006f80    00000040     UNINITIALIZED
                  00006f80    00000040     DSP2802x_GlobalVariableDefs.obj (GpioCtrlRegsFile)

GpioDataRegsFile 
*          1    00006fc0    00000020     UNINITIALIZED
                  00006fc0    00000020     DSP2802x_GlobalVariableDefs.obj (GpioDataRegsFile)

GpioIntRegsFile 
*          1    00006fe0    0000000a     UNINITIALIZED
                  00006fe0    0000000a     DSP2802x_GlobalVariableDefs.obj (GpioIntRegsFile)

SysCtrlRegsFile 
*          1    00007010    0000001f     UNINITIALIZED
                  00007010    0000001f     DSP2802x_GlobalVariableDefs.obj (SysCtrlRegsFile)

SpiaRegsFile 
*          1    00007040    00000010     UNINITIALIZED
                  00007040    00000010     DSP2802x_GlobalVariableDefs.obj (SpiaRegsFile)

SciaRegsFile 
*          1    00007050    00000010     UNINITIALIZED
                  00007050    00000010     DSP2802x_GlobalVariableDefs.obj (SciaRegsFile)

NmiIntruptRegsFile 
*          1    00007060    00000010     UNINITIALIZED
                  00007060    00000010     DSP2802x_GlobalVariableDefs.obj (NmiIntruptRegsFile)

XIntruptRegsFile 
*          1    00007070    00000010     UNINITIALIZED
                  00007070    00000010     DSP2802x_GlobalVariableDefs.obj (XIntruptRegsFile)

AdcRegsFile 
*          1    00007100    00000051     UNINITIALIZED
                  00007100    00000051     DSP2802x_GlobalVariableDefs.obj (AdcRegsFile)

I2caRegsFile 
*          1    00007900    00000022     UNINITIALIZED
                  00007900    00000022     DSP2802x_GlobalVariableDefs.obj (I2caRegsFile)

SINTBL     1    00008800    00000101     
                  00008800    00000101     C28x_SGEN_Lib_fixed.lib : SINTB360.obj (SINTBL)

ADCDRV_1ch_Section 
*          1    00008902    0000001a     UNINITIALIZED
                  00008902    0000001a     BurnInUnit_ISR.obj (ADCDRV_1ch_Section)

CNTL_3P3Z_Section 
*          1    0000891c    00000016     UNINITIALIZED
                  0000891c    00000016     BurnInUnit_ISR.obj (CNTL_3P3Z_Section)

SGENTI_1ch_Struct 
*          1    00008932    00000008     UNINITIALIZED
                  00008932    00000008     SineGen.obj (SGENTI_1ch_Struct)

ISR_Section 
*          1    0000893a    00000003     UNINITIALIZED
                  0000893a    00000003     BurnInUnit_ISR.obj (ISR_Section)

ZeroNet_Section 
*          1    0000893e    00000002     UNINITIALIZED
                  0000893e    00000002     BurnInUnit_ISR.obj (ZeroNet_Section)

CNTL_2P2Z_Coef 
*          1    00008940    00000078     UNINITIALIZED
                  00008940    00000078     Cntl.obj (CNTL_2P2Z_Coef)

.ebss.5    1    000089b8    00000008     UNINITIALIZED
                  000089b8    00000008     StateMachine.obj (.ebss)

CNTL_2P2Z_Section 
*          1    000089c0    0000005a     UNINITIALIZED
                  000089c0    0000005a     BurnInUnit_ISR.obj (CNTL_2P2Z_Section)

CNTL_3P3Z_Coef 
*          1    00008a1a    00000012     UNINITIALIZED
                  00008a1a    00000012     Cntl.obj (CNTL_3P3Z_Coef)

PWMDRV_2ch_UpCnt_Section 
*          1    00008a2c    00000012     UNINITIALIZED
                  00008a2c    00000012     BurnInUnit_ISR.obj (PWMDRV_2ch_UpCnt_Section)

.ebss.6    1    00008a3e    000005ad     UNINITIALIZED
                  00008a3e    00000002     SCPI_parser.obj (.ebss)
                  00008a40    00000370     SCPI_buildTree.obj (.ebss)
                  00008db0    0000000e     I2c.obj (.ebss)
                  00008dbe    00000001     Ocp.obj (.ebss)
                  00008dbf    00000001     Opp.obj (.ebss)
                  00008dc0    000000c8     MacroNets.obj (.ebss)
                  00008e88    00000038     SCPI_lexer.obj (.ebss)
                  00008ec0    000000a4     SCPI_inputBuffer.obj (.ebss)
                  00008f64    0000000b     EnableCtrl.obj (.ebss)
                  00008f6f    00000001     Otp.obj (.ebss)
                  00008f70    0000000a     Main.obj (.ebss)
                  00008f7a    00000006     SineGen.obj (.ebss)
                  00008f80    0000002e     SCPI_respFmtr.obj (.ebss)
                  00008fae    0000000a     Tmp.obj (.ebss)
                  00008fb8    00000004     rts2800_ml.lib : _lock.obj (.ebss)
                  00008fbc    00000004                    : exit.obj (.ebss)
                  00008fc0    00000027     SCPI_string.obj (.ebss)
                  00008fe7    00000001     Ovp.obj (.ebss)
                  00008fe8    00000001     SCPI_specificCmds.obj (.ebss)
                  00008fe9    00000001     rts2800_ml.lib : errno.obj (.ebss)
                  00008fea    00000001     slaveMode.obj (.ebss)

PartIdRegsFile 
*          1    003d7fff    00000001     UNINITIALIZED
                  003d7fff    00000001     DSP2802x_GlobalVariableDefs.obj (PartIdRegsFile)

CsmPwlFile 
*          1    003f7ff8    00000008     UNINITIALIZED
                  003f7ff8    00000008     DSP2802x_GlobalVariableDefs.obj (CsmPwlFile)


GLOBAL SYMBOLS: SORTED ALPHABETICALLY BY Name 

address    name
--------   ----
ffffffff   .text
003f1409   C$$EXIT
003f3f7a   FD$$MPY
003f130a   FD$$TOI
003f132b   FD$$TOL
003f0f32   FS$$ADD
003f1422   FS$$CMP
003f0da8   FS$$DIV
003f1062   FS$$MPY
003f14a1   FS$$NEG
003f0f2d   FS$$SUB
003f1385   FS$$TOFD
003f12c3   FS$$TOI
003f129a   FS$$TOL
003f1368   FS$$TOU
003f12e8   I$$DIV
003f12f9   I$$MOD
003f13bc   I$$TOFS
003f13d6   L$$TOFS
00008800   SINTAB_360
003f1480   U$$DIV
003f1485   U$$MOD
003f1470   U$$TOFS
003f144d   UL$$TOFS
00008902   _ADCDRV_1ch_Rlt1
00008914   _ADCDRV_1ch_Rlt10
00008916   _ADCDRV_1ch_Rlt11
00008918   _ADCDRV_1ch_Rlt12
0000891a   _ADCDRV_1ch_Rlt13
00008904   _ADCDRV_1ch_Rlt2
00008906   _ADCDRV_1ch_Rlt3
00008908   _ADCDRV_1ch_Rlt4
0000890a   _ADCDRV_1ch_Rlt5
0000890c   _ADCDRV_1ch_Rlt6
0000890e   _ADCDRV_1ch_Rlt7
00008910   _ADCDRV_1ch_Rlt8
00008912   _ADCDRV_1ch_Rlt9
003f30b6   _ADC_SOC_CNF
00007100   _AdcRegs
00000b00   _AdcResult
000089be   _Alpha_State_Ptr
003f359e   _CLS
000089c6   _CNTL_2P2Z_Coef1
000089d8   _CNTL_2P2Z_Coef2
000089ea   _CNTL_2P2Z_Coef3
000089fc   _CNTL_2P2Z_Coef4
00008a0e   _CNTL_2P2Z_Coef5
000089c8   _CNTL_2P2Z_DBUFF1
000089da   _CNTL_2P2Z_DBUFF2
000089ec   _CNTL_2P2Z_DBUFF3
00008a00   _CNTL_2P2Z_DBUFF4
00008a10   _CNTL_2P2Z_DBUFF5
000089c2   _CNTL_2P2Z_Fdbk1
000089d4   _CNTL_2P2Z_Fdbk2
000089e6   _CNTL_2P2Z_Fdbk3
000089f8   _CNTL_2P2Z_Fdbk4
00008a0a   _CNTL_2P2Z_Fdbk5
000089c4   _CNTL_2P2Z_Out1
000089d6   _CNTL_2P2Z_Out2
000089e8   _CNTL_2P2Z_Out3
000089fa   _CNTL_2P2Z_Out4
00008a0c   _CNTL_2P2Z_Out5
000089c0   _CNTL_2P2Z_Ref1
000089d2   _CNTL_2P2Z_Ref2
000089e4   _CNTL_2P2Z_Ref3
000089f6   _CNTL_2P2Z_Ref4
000089fe   _CNTL_2P2Z_Ref5
00008922   _CNTL_3P3Z_Coef1
00008924   _CNTL_3P3Z_DBUFF1
0000891e   _CNTL_3P3Z_Fdbk1
00008920   _CNTL_3P3Z_Out1
0000891c   _CNTL_3P3Z_Ref1
00006400   _Comp1Regs
00006420   _Comp2Regs
00000c00   _CpuTimer0Regs
00000c08   _CpuTimer1Regs
00000c10   _CpuTimer2Regs
003f7ff8   _CsmPwl
00000ae0   _CsmRegs
003f0d1b   _DCL
003f0d19   _DFC
003f0c91   _DLOG_BuffInit
00008000   _DPL_ISR
003f02e7   _DPL_Init
00008202   _DSP28x_usDelay
00000880   _DevEmuRegs
003f3bd5   _DeviceInit
00006a00   _ECap1Regs
00006800   _EPwm1Regs
00006840   _EPwm2Regs
00006880   _EPwm3Regs
000068c0   _EPwm4Regs
003f3570   _ESE
003f3566   _ESR
00000d01   _EmuBMode
00000d00   _EmuKey
00000a80   _FlashRegs
00000d04   _Flash_CPUScaleFactor
00000d02   _Flash_CallbackPtr
003f0d13   _GET
003f0d11   _GTL
00006f80   _GpioCtrlRegs
00006fc0   _GpioDataRegs
00006fe0   _GpioIntRegs
003f0d0f   _HFC
00007900   _I2caRegs
003f3523   _IDN
003f149c   _ISR_ILLEGAL
000081e5   _InitFlash
003f0d0d   _LLO
003f3bc4   _MemCopy
00007060   _NmiIntruptRegs
003f3510   _OPC
003f3b92   _PLLset
003f0d0b   _POL
00008a2c   _PWMDRV_2ch_UpCnt_Duty1A
00008a2e   _PWMDRV_2ch_UpCnt_Duty1B
00008a32   _PWMDRV_2ch_UpCnt_Duty2A
00008a34   _PWMDRV_2ch_UpCnt_Duty2B
00008a38   _PWMDRV_2ch_UpCnt_Duty3A
00008a3a   _PWMDRV_2ch_UpCnt_Duty3B
00008a30   _PWMDRV_2ch_UpCnt_Period1
00008a36   _PWMDRV_2ch_UpCnt_Period2
00008a3c   _PWMDRV_2ch_UpCnt_Period3
003f1006   _PWM_2ch_UpCnt_CNF
003d7fff   _PartIdRegs
003f3b73   _PieCntlInit
00000ce0   _PieCtrlRegs
00000d00   _PieVectTable
003f3b62   _PieVectTableInit
003f350c   _RST
003f0206   _RamfuncsLoadEnd
003f0000   _RamfuncsLoadStart
00008000   _RamfuncsRunStart
003f0d09   _SFC
003f13a1   _SGENTI_1_calc
00008f7e   _SGENTI_1ch_VOut
003f34dc   _SRE
003f0d07   _SRQ
003f34c6   _STB
00007050   _SciaRegs
00000581   _ScpiRegs
00007040   _SpiaRegs
00007010   _SysCtrlRegs
00000985   _SysPwrCtrlRegs
003f34b3   _TST
003f34b1   _WAI
003f3b5a   _WDogDisable
00007070   _XIntruptRegs
003f6438   __IQ14toF
003f644c   __IQ24toF
003f6460   __IQ26toF
000003d0   __STACK_END
00000380   __STACK_SIZE
00000001   __TI_args_main
ffffffff   ___binit__
ffffffff   ___c_args__
003f62ee   ___cinit__
ffffffff   ___etext__
ffffffff   ___pinit__
ffffffff   ___text__
003f13f0   __args_main
00008fbc   __cleanup_ptr
003f6000   __ctypes_
00008fbe   __dtors_ptr
00008fba   __lock
003f0b80   __log
003f1493   __nop
003f148f   __register_lock
003f148b   __register_unlock
00000050   __stack
00008fb8   __unlock
003f1409   _abort
00008940   _acICoefs
00008dd0   _acNets
00008dea   _acSettings
00008a1a   _acVCoefs
003f2ec2   _breakString
003f060f   _buildScpiTree
003f1149   _c_int00
003f02e5   _calAll
000005c0   _cfLimits
003f0ab9   _checkAcOpp
003f2516   _checkAcOtp
003f373a   _checkAcOvp
003f3729   _checkDcHvOvp
003f272b   _checkDcMidOcp
003f24ea   _checkDcOtp
003f24a1   _checkExtOtp
003f2707   _checkLoadOcp
003f0a84   _checkLoadOpp
003f2467   _checkLoadOtp
003f3705   _checkLoadOvp
003f26f7   _clearAcOcp
003f0a78   _clearAcOpp
003f245b   _clearAcOtp
003f36f9   _clearAcOvp
003f36ed   _clearDcHvOvp
003f26eb   _clearDcMidOcp
003f36dd   _clearDcMidOvp
003f244f   _clearDcOtp
003f2440   _clearExtOtp
003f0638   _clearIBuff
003f26dc   _clearLoadOcp
003f0a69   _clearLoadOpp
003f2431   _clearLoadOtp
003f36ce   _clearLoadOvp
003f0870   _clearOQueue
003f30a5   _clearOperCondRegs
003f3096   _clearQuesCondRegs
003f3091   _commandError
003f02e1   _contIdleInit
003f0918   _dataOnOQueue
003f0d05   _ddd
003f134a   _detectSlaveMode
003f308c   _deviceError
003f3e5b   _disableCircuit
003f2db4   _dtoa
00008f70   _ePWM
00008dc0   _enableAllFlag
003f3e26   _enableCircuit
00008fe9   _errno
003f1273   _execCtrl
003f3087   _executionError
003f140b   _exit
003f091f   _exp
00008dc2   _extSettings
003f1439   _frexp
003f33ef   _getAcDac
003f228f   _getAcICoef
003f26b4   _getAcOcpLevel
003f26ae   _getAcOcpState
003f0a63   _getAcOppState
003f241d   _getAcOtp
003f2417   _getAcOtpState
003f36a6   _getAcOvpLevel
003f36a0   _getAcOvpState
003f226d   _getAcVCoef
003f3e13   _getCurrentState
003f3678   _getDcHvOvpLevel
003f3672   _getDcHvOvpState
003f3d76   _getDcHvVoltage
003f3d4e   _getDcMidCurrent
003f2684   _getDcMidOcpLevel
003f267e   _getDcMidOcpState
003f366c   _getDcMidOvpState
003f3d26   _getDcMidVoltage
003f2403   _getDcOtp
003f23fd   _getDcOtpState
003f23d6   _getExtOtp
003f23c7   _getExtOtpState
003f3cee   _getLoadCurrent
003f224a   _getLoadICoef
003f264b   _getLoadOcpLevel
003f2640   _getLoadOcpState
003f0a58   _getLoadOppState
003f23ab   _getLoadOtp
003f23a0   _getLoadOtpState
003f3661   _getLoadOvpState
003f3b30   _getLoadSlewStep
003f3b06   _getLoadSlewTarget
003f3af5   _getLoadState
003f3cb6   _getLoadVoltage
003f0561   _getSineGainTarget
003f0558   _getSineState
00008db0   _i2cIsrErr
00008db4   _i2cMsgBlank
003f079d   _i2cPopMsg
003f0724   _i2cRead
003f075a   _i2cWrite
003f33d9   _initAcComparator
003f332d   _initAcTripzone
003f3c96   _initAdc
003f21eb   _initCoefs
003f339a   _initDcComparator
003f3d9e   _initEnableControl
003f06fc   _initI2c
003f1121   _initPwm
003f053b   _initSine
003f0a47   _initStateMachine
003f0b56   _initTemperature
003f3393   _initTripZone
003f02b9   _instCat
003f0290   _instNsel
003f028e   _instStat
003f2d72   _itoa
003f118d   _ldexp
003f2c50   _lexProgramMsg
00008980   _loadICoefs
00008e00   _loadNets
00008e40   _loadSettings
003f07bc   _log10
003f0c0d   _main
003f123d   _modf
00000404   _msgs
00008fe8   _nSel
00008dbe   _ocpFlagRegister
003f3082   _operationComplete
00008dbf   _oppFlagRegister
00008f6f   _otpFlagRegister
00008fe7   _ovpFlagRegister
003f0f02   _parseMsgUnit
003f06b6   _popIBuff
003f08e8   _popOQueue
003f0e2b   _pow
003f0658   _pushIBuff
003f0894   _pushOQueue
003f307d   _queryError
003f306b   _readOISumEven
003f3059   _readQISumEven
003f0af1   _readTemperature
003f0594   _registerChild
003f3416   _registerCommonCommands
003f0206   _registerDeviceCommands
003f0c99   _registerEmulationCommands
003f37f9   _registerRequiredCommands
003f3054   _requestControl
003f3e00   _resetEnableControl
003f126e   _resetExecCtrl
003f0650   _resetIBuff
003f2b34   _resetLexer
003f088c   _resetOQueue
003f0eae   _resetParser
003f0497   _resetRespFmtr
003f042d   _respFmtr
003f03c2   _respond
003f32c9   _rstAcTripzone
003f32af   _rstDcTripzone
003f2a93   _runAll
003f0d40   _sciInit
003f0d21   _sciTx
003f2792   _scpi
003f273c   _scpiChangeIOTx
003f2761   _scpiInit
003f2745   _scpiReset
003f277a   _scpiTest
003f3275   _setAcDac
003f218c   _setAcICoef
003f25e8   _setAcOcpLevel
003f2370   _setAcOtp
003f360c   _setAcOvpLevel
003f20f6   _setAcVCoef
003f35be   _setDcHvOvpLevel
003f2594   _setDcMidOcpLevel
003f2340   _setDcOtp
003f22ef   _setExtOtp
003f204d   _setLoadICoef
003f254a   _setLoadOcpLevel
003f22b1   _setLoadOtp
003f3aae   _setLoadSlewStep
003f3a5f   _setLoadSlewTarget
003f3a4d   _setLoadState
003f3a3e   _setLoadStateAll
003f3011   _setOISumBit
003f2fce   _setQISumBit
003f050f   _setSineGainTarget
003f050d   _setSineRmsTarget
003f0504   _setSineState
003f2a23   _setupNets
003f056c   _shortenName
00008932   _sigGen
00008fea   _slaveModeStatus
003f3ed7   _spiInit
003f3e8e   _spiTx
003f37f0   _statOperCond
003f37c2   _statOperEnab
003f37b1   _statOperEven
003f37ab   _statPres
003f37a2   _statQuesCond
003f3774   _statQuesEnab
003f3763   _statQuesEven
003f292a   _stopAll
00008dc1   _stopAllFlag
003f2d69   _strcat
003f2cfe   _strchr
003f2d55   _strcmp
003f2d4f   _strcpy
003f2d17   _strcspn
003f2d08   _strspn
003f38c9   _strtod
003f2d47   _strtok
003f2d26   _strtok_r
003f3759   _systErrNext
003f374b   _systVers
003f1460   _timersSetupReal
00008a80   _tree
003f2542   _tripAcOcp
003f35b6   _tripDcMidOvp
003f2f30   _updateESB
003f3a1c   _updateLoadSlew
003f2f3e   _updateMAV
003f2fc6   _updateMSS
003f2f20   _updateOPER
003f2ee3   _updateOperReg
003f2f7f   _updateQUES
003f2f50   _updateQuesReg
003f2f8f   _updateSTB
003f04dd   _updateSineGain
003f049d   _updateSineSignal
00008dc8   _xfmrNets
00008dda   _xfmrSettings
ffffffff   binit
003f62ee   cinit
003f7ff6   code_start
ffffffff   etext
ffffffff   pinit


GLOBAL SYMBOLS: SORTED BY Symbol Address 

address    name
--------   ----
00000001   __TI_args_main
00000050   __stack
00000380   __STACK_SIZE
000003d0   __STACK_END
00000404   _msgs
00000581   _ScpiRegs
000005c0   _cfLimits
00000880   _DevEmuRegs
00000985   _SysPwrCtrlRegs
00000a80   _FlashRegs
00000ae0   _CsmRegs
00000b00   _AdcResult
00000c00   _CpuTimer0Regs
00000c08   _CpuTimer1Regs
00000c10   _CpuTimer2Regs
00000ce0   _PieCtrlRegs
00000d00   _EmuKey
00000d00   _PieVectTable
00000d01   _EmuBMode
00000d02   _Flash_CallbackPtr
00000d04   _Flash_CPUScaleFactor
00006400   _Comp1Regs
00006420   _Comp2Regs
00006800   _EPwm1Regs
00006840   _EPwm2Regs
00006880   _EPwm3Regs
000068c0   _EPwm4Regs
00006a00   _ECap1Regs
00006f80   _GpioCtrlRegs
00006fc0   _GpioDataRegs
00006fe0   _GpioIntRegs
00007010   _SysCtrlRegs
00007040   _SpiaRegs
00007050   _SciaRegs
00007060   _NmiIntruptRegs
00007070   _XIntruptRegs
00007100   _AdcRegs
00007900   _I2caRegs
00008000   _DPL_ISR
00008000   _RamfuncsRunStart
000081e5   _InitFlash
00008202   _DSP28x_usDelay
00008800   SINTAB_360
00008902   _ADCDRV_1ch_Rlt1
00008904   _ADCDRV_1ch_Rlt2
00008906   _ADCDRV_1ch_Rlt3
00008908   _ADCDRV_1ch_Rlt4
0000890a   _ADCDRV_1ch_Rlt5
0000890c   _ADCDRV_1ch_Rlt6
0000890e   _ADCDRV_1ch_Rlt7
00008910   _ADCDRV_1ch_Rlt8
00008912   _ADCDRV_1ch_Rlt9
00008914   _ADCDRV_1ch_Rlt10
00008916   _ADCDRV_1ch_Rlt11
00008918   _ADCDRV_1ch_Rlt12
0000891a   _ADCDRV_1ch_Rlt13
0000891c   _CNTL_3P3Z_Ref1
0000891e   _CNTL_3P3Z_Fdbk1
00008920   _CNTL_3P3Z_Out1
00008922   _CNTL_3P3Z_Coef1
00008924   _CNTL_3P3Z_DBUFF1
00008932   _sigGen
00008940   _acICoefs
00008980   _loadICoefs
000089be   _Alpha_State_Ptr
000089c0   _CNTL_2P2Z_Ref1
000089c2   _CNTL_2P2Z_Fdbk1
000089c4   _CNTL_2P2Z_Out1
000089c6   _CNTL_2P2Z_Coef1
000089c8   _CNTL_2P2Z_DBUFF1
000089d2   _CNTL_2P2Z_Ref2
000089d4   _CNTL_2P2Z_Fdbk2
000089d6   _CNTL_2P2Z_Out2
000089d8   _CNTL_2P2Z_Coef2
000089da   _CNTL_2P2Z_DBUFF2
000089e4   _CNTL_2P2Z_Ref3
000089e6   _CNTL_2P2Z_Fdbk3
000089e8   _CNTL_2P2Z_Out3
000089ea   _CNTL_2P2Z_Coef3
000089ec   _CNTL_2P2Z_DBUFF3
000089f6   _CNTL_2P2Z_Ref4
000089f8   _CNTL_2P2Z_Fdbk4
000089fa   _CNTL_2P2Z_Out4
000089fc   _CNTL_2P2Z_Coef4
000089fe   _CNTL_2P2Z_Ref5
00008a00   _CNTL_2P2Z_DBUFF4
00008a0a   _CNTL_2P2Z_Fdbk5
00008a0c   _CNTL_2P2Z_Out5
00008a0e   _CNTL_2P2Z_Coef5
00008a10   _CNTL_2P2Z_DBUFF5
00008a1a   _acVCoefs
00008a2c   _PWMDRV_2ch_UpCnt_Duty1A
00008a2e   _PWMDRV_2ch_UpCnt_Duty1B
00008a30   _PWMDRV_2ch_UpCnt_Period1
00008a32   _PWMDRV_2ch_UpCnt_Duty2A
00008a34   _PWMDRV_2ch_UpCnt_Duty2B
00008a36   _PWMDRV_2ch_UpCnt_Period2
00008a38   _PWMDRV_2ch_UpCnt_Duty3A
00008a3a   _PWMDRV_2ch_UpCnt_Duty3B
00008a3c   _PWMDRV_2ch_UpCnt_Period3
00008a80   _tree
00008db0   _i2cIsrErr
00008db4   _i2cMsgBlank
00008dbe   _ocpFlagRegister
00008dbf   _oppFlagRegister
00008dc0   _enableAllFlag
00008dc1   _stopAllFlag
00008dc2   _extSettings
00008dc8   _xfmrNets
00008dd0   _acNets
00008dda   _xfmrSettings
00008dea   _acSettings
00008e00   _loadNets
00008e40   _loadSettings
00008f6f   _otpFlagRegister
00008f70   _ePWM
00008f7e   _SGENTI_1ch_VOut
00008fb8   __unlock
00008fba   __lock
00008fbc   __cleanup_ptr
00008fbe   __dtors_ptr
00008fe7   _ovpFlagRegister
00008fe8   _nSel
00008fe9   _errno
00008fea   _slaveModeStatus
003d7fff   _PartIdRegs
003f0000   _RamfuncsLoadStart
003f0206   _RamfuncsLoadEnd
003f0206   _registerDeviceCommands
003f028e   _instStat
003f0290   _instNsel
003f02b9   _instCat
003f02e1   _contIdleInit
003f02e5   _calAll
003f02e7   _DPL_Init
003f03c2   _respond
003f042d   _respFmtr
003f0497   _resetRespFmtr
003f049d   _updateSineSignal
003f04dd   _updateSineGain
003f0504   _setSineState
003f050d   _setSineRmsTarget
003f050f   _setSineGainTarget
003f053b   _initSine
003f0558   _getSineState
003f0561   _getSineGainTarget
003f056c   _shortenName
003f0594   _registerChild
003f060f   _buildScpiTree
003f0638   _clearIBuff
003f0650   _resetIBuff
003f0658   _pushIBuff
003f06b6   _popIBuff
003f06fc   _initI2c
003f0724   _i2cRead
003f075a   _i2cWrite
003f079d   _i2cPopMsg
003f07bc   _log10
003f0870   _clearOQueue
003f088c   _resetOQueue
003f0894   _pushOQueue
003f08e8   _popOQueue
003f0918   _dataOnOQueue
003f091f   _exp
003f0a47   _initStateMachine
003f0a58   _getLoadOppState
003f0a63   _getAcOppState
003f0a69   _clearLoadOpp
003f0a78   _clearAcOpp
003f0a84   _checkLoadOpp
003f0ab9   _checkAcOpp
003f0af1   _readTemperature
003f0b56   _initTemperature
003f0b80   __log
003f0c0d   _main
003f0c91   _DLOG_BuffInit
003f0c99   _registerEmulationCommands
003f0d05   _ddd
003f0d07   _SRQ
003f0d09   _SFC
003f0d0b   _POL
003f0d0d   _LLO
003f0d0f   _HFC
003f0d11   _GTL
003f0d13   _GET
003f0d19   _DFC
003f0d1b   _DCL
003f0d21   _sciTx
003f0d40   _sciInit
003f0da8   FS$$DIV
003f0e2b   _pow
003f0eae   _resetParser
003f0f02   _parseMsgUnit
003f0f2d   FS$$SUB
003f0f32   FS$$ADD
003f1006   _PWM_2ch_UpCnt_CNF
003f1062   FS$$MPY
003f1121   _initPwm
003f1149   _c_int00
003f118d   _ldexp
003f123d   _modf
003f126e   _resetExecCtrl
003f1273   _execCtrl
003f129a   FS$$TOL
003f12c3   FS$$TOI
003f12e8   I$$DIV
003f12f9   I$$MOD
003f130a   FD$$TOI
003f132b   FD$$TOL
003f134a   _detectSlaveMode
003f1368   FS$$TOU
003f1385   FS$$TOFD
003f13a1   _SGENTI_1_calc
003f13bc   I$$TOFS
003f13d6   L$$TOFS
003f13f0   __args_main
003f1409   C$$EXIT
003f1409   _abort
003f140b   _exit
003f1422   FS$$CMP
003f1439   _frexp
003f144d   UL$$TOFS
003f1460   _timersSetupReal
003f1470   U$$TOFS
003f1480   U$$DIV
003f1485   U$$MOD
003f148b   __register_unlock
003f148f   __register_lock
003f1493   __nop
003f149c   _ISR_ILLEGAL
003f14a1   FS$$NEG
003f204d   _setLoadICoef
003f20f6   _setAcVCoef
003f218c   _setAcICoef
003f21eb   _initCoefs
003f224a   _getLoadICoef
003f226d   _getAcVCoef
003f228f   _getAcICoef
003f22b1   _setLoadOtp
003f22ef   _setExtOtp
003f2340   _setDcOtp
003f2370   _setAcOtp
003f23a0   _getLoadOtpState
003f23ab   _getLoadOtp
003f23c7   _getExtOtpState
003f23d6   _getExtOtp
003f23fd   _getDcOtpState
003f2403   _getDcOtp
003f2417   _getAcOtpState
003f241d   _getAcOtp
003f2431   _clearLoadOtp
003f2440   _clearExtOtp
003f244f   _clearDcOtp
003f245b   _clearAcOtp
003f2467   _checkLoadOtp
003f24a1   _checkExtOtp
003f24ea   _checkDcOtp
003f2516   _checkAcOtp
003f2542   _tripAcOcp
003f254a   _setLoadOcpLevel
003f2594   _setDcMidOcpLevel
003f25e8   _setAcOcpLevel
003f2640   _getLoadOcpState
003f264b   _getLoadOcpLevel
003f267e   _getDcMidOcpState
003f2684   _getDcMidOcpLevel
003f26ae   _getAcOcpState
003f26b4   _getAcOcpLevel
003f26dc   _clearLoadOcp
003f26eb   _clearDcMidOcp
003f26f7   _clearAcOcp
003f2707   _checkLoadOcp
003f272b   _checkDcMidOcp
003f273c   _scpiChangeIOTx
003f2745   _scpiReset
003f2761   _scpiInit
003f277a   _scpiTest
003f2792   _scpi
003f292a   _stopAll
003f2a23   _setupNets
003f2a93   _runAll
003f2b34   _resetLexer
003f2c50   _lexProgramMsg
003f2cfe   _strchr
003f2d08   _strspn
003f2d17   _strcspn
003f2d26   _strtok_r
003f2d47   _strtok
003f2d4f   _strcpy
003f2d55   _strcmp
003f2d69   _strcat
003f2d72   _itoa
003f2db4   _dtoa
003f2ec2   _breakString
003f2ee3   _updateOperReg
003f2f20   _updateOPER
003f2f30   _updateESB
003f2f3e   _updateMAV
003f2f50   _updateQuesReg
003f2f7f   _updateQUES
003f2f8f   _updateSTB
003f2fc6   _updateMSS
003f2fce   _setQISumBit
003f3011   _setOISumBit
003f3054   _requestControl
003f3059   _readQISumEven
003f306b   _readOISumEven
003f307d   _queryError
003f3082   _operationComplete
003f3087   _executionError
003f308c   _deviceError
003f3091   _commandError
003f3096   _clearQuesCondRegs
003f30a5   _clearOperCondRegs
003f30b6   _ADC_SOC_CNF
003f3275   _setAcDac
003f32af   _rstDcTripzone
003f32c9   _rstAcTripzone
003f332d   _initAcTripzone
003f3393   _initTripZone
003f339a   _initDcComparator
003f33d9   _initAcComparator
003f33ef   _getAcDac
003f3416   _registerCommonCommands
003f34b1   _WAI
003f34b3   _TST
003f34c6   _STB
003f34dc   _SRE
003f350c   _RST
003f3510   _OPC
003f3523   _IDN
003f3566   _ESR
003f3570   _ESE
003f359e   _CLS
003f35b6   _tripDcMidOvp
003f35be   _setDcHvOvpLevel
003f360c   _setAcOvpLevel
003f3661   _getLoadOvpState
003f366c   _getDcMidOvpState
003f3672   _getDcHvOvpState
003f3678   _getDcHvOvpLevel
003f36a0   _getAcOvpState
003f36a6   _getAcOvpLevel
003f36ce   _clearLoadOvp
003f36dd   _clearDcMidOvp
003f36ed   _clearDcHvOvp
003f36f9   _clearAcOvp
003f3705   _checkLoadOvp
003f3729   _checkDcHvOvp
003f373a   _checkAcOvp
003f374b   _systVers
003f3759   _systErrNext
003f3763   _statQuesEven
003f3774   _statQuesEnab
003f37a2   _statQuesCond
003f37ab   _statPres
003f37b1   _statOperEven
003f37c2   _statOperEnab
003f37f0   _statOperCond
003f37f9   _registerRequiredCommands
003f38c9   _strtod
003f3a1c   _updateLoadSlew
003f3a3e   _setLoadStateAll
003f3a4d   _setLoadState
003f3a5f   _setLoadSlewTarget
003f3aae   _setLoadSlewStep
003f3af5   _getLoadState
003f3b06   _getLoadSlewTarget
003f3b30   _getLoadSlewStep
003f3b5a   _WDogDisable
003f3b62   _PieVectTableInit
003f3b73   _PieCntlInit
003f3b92   _PLLset
003f3bc4   _MemCopy
003f3bd5   _DeviceInit
003f3c96   _initAdc
003f3cb6   _getLoadVoltage
003f3cee   _getLoadCurrent
003f3d26   _getDcMidVoltage
003f3d4e   _getDcMidCurrent
003f3d76   _getDcHvVoltage
003f3d9e   _initEnableControl
003f3e00   _resetEnableControl
003f3e13   _getCurrentState
003f3e26   _enableCircuit
003f3e5b   _disableCircuit
003f3e8e   _spiTx
003f3ed7   _spiInit
003f3f7a   FD$$MPY
003f6000   __ctypes_
003f62ee   ___cinit__
003f62ee   cinit
003f6438   __IQ14toF
003f644c   __IQ24toF
003f6460   __IQ26toF
003f7ff6   code_start
003f7ff8   _CsmPwl
ffffffff   .text
ffffffff   ___binit__
ffffffff   ___c_args__
ffffffff   ___etext__
ffffffff   ___pinit__
ffffffff   ___text__
ffffffff   binit
ffffffff   etext
ffffffff   pinit

[406 symbols]
