******************************************************************************
             TMS320C2000 Linker PC v6.1.3                      
******************************************************************************
>> Linked Wed Oct 30 16:40:11 2013

OUTPUT FILE NAME:   <F2802x_BurnInUnit.out>
ENTRY POINT SYMBOL: "_c_int00"  address: 003f12ee


MEMORY CONFIGURATION

         name            origin    length      used     unused   attr    fill
----------------------  --------  ---------  --------  --------  ----  --------
PAGE 0:
  BOOT_RSVD             00000000   00000050  00000000  00000050  RWIX
  progRAM               00008000   00000800  00000207  000005f9  RWIX
  OTP                   003d7800   00000400  00000000  00000400  RWIX
  FLASHD                003f0000   00002000  0000163b  000009c5  RWIX
  FLASHC                003f2000   00002000  00002000  00000000  RWIX
  FLASHA                003f6000   00001f80  000004a6  00001ada  RWIX
  CSM_RSVD              003f7f80   00000076  00000000  00000076  RWIX
  BEGIN                 003f7ff6   00000002  00000002  00000000  RWIX
  CSM_PWL               003f7ff8   00000008  00000000  00000008  RWIX
  IQTABLES              003fe000   00000b50  00000000  00000b50  RWIX
  IQTABLES2             003feb50   0000008c  00000000  0000008c  RWIX
  IQTABLES3             003febdc   000000aa  00000000  000000aa  RWIX
  BOOTROM               003ff27c   00000d44  00000000  00000d44  RWIX
  RESET                 003fffc0   00000002  00000000  00000002  RWIX
  VECTORS               003fffc2   0000003e  00000000  0000003e  RWIX

PAGE 1:
  RAMM0                 00000050   000003b0  00000380  00000030  RWIX
  RAMM1                 00000400   00000400  000002a4  0000015c  RWIX
  DEV_EMU               00000880   00000105  00000004  00000101  RWIX
  SYS_PWR_CTL           00000985   00000003  00000003  00000000  RWIX
  FLASH_REGS            00000a80   00000060  00000008  00000058  RWIX
  CSM                   00000ae0   00000010  00000010  00000000  RWIX
  ADC_RESULT            00000b00   00000020  00000020  00000000  RWIX
  CPU_TIMER0            00000c00   00000008  00000008  00000000  RWIX
  CPU_TIMER1            00000c08   00000008  00000008  00000000  RWIX
  CPU_TIMER2            00000c10   00000008  00000008  00000000  RWIX
  PIE_CTRL              00000ce0   00000020  0000001a  00000006  RWIX
  PIE_VECT              00000d00   00000100  00000100  00000000  RWIX
  COMP1                 00006400   00000020  00000014  0000000c  RWIX
  COMP2                 00006420   00000020  00000014  0000000c  RWIX
  EPWM1                 00006800   00000040  0000003a  00000006  RWIX
  EPWM2                 00006840   00000040  0000003a  00000006  RWIX
  EPWM3                 00006880   00000040  0000003a  00000006  RWIX
  EPWM4                 000068c0   00000040  0000003a  00000006  RWIX
  ECAP1                 00006a00   00000020  00000020  00000000  RWIX
  GPIOCTRL              00006f80   00000040  00000040  00000000  RWIX
  GPIODAT               00006fc0   00000020  00000020  00000000  RWIX
  GPIOINT               00006fe0   00000020  0000000a  00000016  RWIX
  SYSTEM                00007010   00000020  0000001f  00000001  RWIX
  SPIA                  00007040   00000010  00000010  00000000  RWIX
  SCIA                  00007050   00000010  00000010  00000000  RWIX
  NMIINTRUPT            00007060   00000010  00000010  00000000  RWIX
  XINTRUPT              00007070   00000010  00000010  00000000  RWIX
  ADC                   00007100   00000080  00000051  0000002f  RWIX
  I2CA                  00007900   00000040  00000022  0000001e  RWIX
  dataRAM               00008800   00000800  000007fe  00000002  RWIX
  PARTID                003d7fff   00000001  00000001  00000000  RWIX
  FLASHB                003f4000   00002000  00000000  00002000  RWIX
  CSM_PWL               003f7ff8   00000008  00000008  00000000  RWIX


SECTION ALLOCATION MAP

 output                                  attributes/
section   page    origin      length       input sections
--------  ----  ----------  ----------   ----------------
.pinit     0    003f6000    00000000     UNINITIALIZED

ramfuncs   0    003f0000    00000207     RUN ADDR = 00008000
                  003f0000    000001e6     BurnInUnit_ISR.obj (ramfuncs)
                  003f01e6    0000001d     DevInit_F2802x.obj (ramfuncs)
                  003f0203    00000004     DSP2802x_usDelay.obj (ramfuncs)

.text.1    0    003f0207    00001434     
                  003f0207    0000011b     Spi.obj (.text)
                  003f0322    000000f8     Main.obj (.text)
                  003f041a    000000db     BurnInUnit_ISR.obj (.text)
                  003f04f5    000000db     SCPI_respFmtr.obj (.text)
                  003f05d0    000000d5     SCPI_specificCmds.obj (.text)
                  003f06a5    000000d1     Spi.obj (.text:retain)
                  003f0776    000000cc     SCPI_buildTree.obj (.text)
                  003f0842    000000c4     SCPI_inputBuffer.obj (.text)
                  003f0906    000000c0     I2c.obj (.text)
                  003f09c6    000000b4     rts2800_ml.lib : log10.obj (.text)
                  003f0a7a    000000af     SCPI_outputQueue.obj (.text)
                  003f0b29    0000009e     rts2800_ml.lib : exp.obj (.text)
                  003f0bc7    00000099     Opp.obj (.text)
                  003f0c60    0000008f     Tmp.obj (.text)
                  003f0cef    0000008d     rts2800_ml.lib : _log.obj (.text)
                  003f0d7c    00000088     SCPI_serialEmulation.obj (.text)
                  003f0e04    00000087     Sci.obj (.text)
                  003f0e8b    00000087     StateMachine.obj (.text)
                  003f0f12    00000083     rts2800_ml.lib : fd_mpy.obj (.text)
                  003f0f95    00000083                    : fs_div.obj (.text)
                  003f1018    00000083                    : pow.obj (.text)
                  003f109b    0000007f     SCPI_parser.obj (.text)
                  003f111a    00000078     rts2800_ml.lib : fs_add.obj (.text)
                  003f1192    00000061     I2c.obj (.text:retain)
                  003f11f3    0000005c     PWM_2ch_UpCnt_Cnf.obj (.text)
                  003f124f    0000005a     rts2800_ml.lib : fs_mpy.obj (.text)
                  003f12a9    00000045     Pwm.obj (.text)
                  003f12ee    00000044     rts2800_ml.lib : boot.obj (.text)
                  003f1332    00000041                    : ldexp.obj (.text)
                  003f1373    00000038     Sci.obj (.text:retain)
                  003f13ab    00000037     Comparator.obj (.text:retain)
                  003f13e2    00000031     rts2800_ml.lib : modf.obj (.text)
                  003f1413    0000002c     SCPI_execCtrl.obj (.text)
                  003f143f    00000029     rts2800_ml.lib : fs_tol.obj (.text)
                  003f1468    00000025                    : fs_toi.obj (.text)
                  003f148d    00000022                    : i_div.obj (.text)
                  003f14af    00000021                    : fd_toi.obj (.text)
                  003f14d0    0000001f                    : fd_tol.obj (.text)
                  003f14ef    0000001e     slaveMode.obj (.text)
                  003f150d    0000001d     rts2800_ml.lib : fs_tou.obj (.text)
                  003f152a    0000001c                    : fs_tofd.obj (.text)
                  003f1546    0000001b     C28x_SGEN_Lib_fixed.lib : sgti1c.obj (.text)
                  003f1561    0000001a     rts2800_ml.lib : i_tofs.obj (.text)
                  003f157b    0000001a                    : l_tofs.obj (.text)
                  003f1595    00000019                    : args_main.obj (.text)
                  003f15ae    00000019                    : exit.obj (.text)
                  003f15c7    00000017                    : fs_cmp.obj (.text)
                  003f15de    00000014                    : frexp.obj (.text)
                  003f15f2    00000013                    : ul_tofs.obj (.text)
                  003f1605    00000010                    : u_tofs.obj (.text)
                  003f1615    0000000b                    : u_div.obj (.text)
                  003f1620    00000009                    : _lock.obj (.text)
                  003f1629    00000008     DSP2802x_CodeStartBranch.obj (.text)
                  003f1631    00000005     DevInit_F2802x.obj (.text:retain)
                  003f1636    00000005     rts2800_ml.lib : fs_neg.obj (.text)

.text.2    0    003f2000    00002000     
                  003f2000    000002b1     Cntl.obj (.text)
                  003f22b1    00000291     Otp.obj (.text)
                  003f2542    000001fa     Ocp.obj (.text)
                  003f273c    000001ee     SCPI_msgEPCtrl.obj (.text)
                  003f292a    000001e9     SCPI_lexer.obj (.text)
                  003f2b13    000001e5     SCPI_string.obj (.text)
                  003f2cf8    000001d3     SCPI_status.obj (.text)
                  003f2ecb    000001cf     MacroNets.obj (.text)
                  003f309a    000001bf     ADC_SOC_Cnf.obj (.text)
                  003f3259    000001a1     Comparator.obj (.text)
                  003f33fa    000001a0     SCPI_commonCmds.obj (.text)
                  003f359a    00000195     Ovp.obj (.text)
                  003f372f    0000017e     SCPI_requiredCmds.obj (.text)
                  003f38ad    00000153     rts2800_ml.lib : strtod.obj (.text)
                  003f3a00    0000013f     EnableCtrl.obj (.text)
                  003f3b3f    0000013e     SlewControl.obj (.text)
                  003f3c7d    0000013c     DevInit_F2802x.obj (.text)
                  003f3db9    0000012f     SineGen.obj (.text)
                  003f3ee8    00000108     Adc.obj (.text)
                  003f3ff0    00000010     Timers.obj (.text)

.econst    0    003f6000    000002f2     
                  003f6000    00000101     rts2800_ml.lib : ctype.obj (.econst:.string:__ctypes_)
                  003f6101    00000001     Sci.obj (.econst)
                  003f6102    0000007e     SCPI_requiredCmds.obj (.econst:.string)
                  003f6180    00000060     SCPI_specificCmds.obj (.econst:.string)
                  003f61e0    0000005b     SCPI_commonCmds.obj (.econst:.string)
                  003f623b    00000001     Spi.obj (.econst)
                  003f623c    0000002f     SCPI_serialEmulation.obj (.econst:.string)
                  003f626b    00000001     --HOLE-- [fill = 0]
                  003f626c    00000014     rts2800_ml.lib : strtod.obj (.econst:_digits)
                  003f6280    00000010     Adc.obj (.econst:_$P$T0$1)
                  003f6290    00000010     Adc.obj (.econst:_$P$T1$2)
                  003f62a0    00000010     Adc.obj (.econst:_$P$T2$3)
                  003f62b0    0000000c     rts2800_ml.lib : strtod.obj (.econst:_powerof10)
                  003f62bc    00000008     SCPI_lexer.obj (.econst:.string)
                  003f62c4    00000008     Cntl.obj (.econst)
                  003f62cc    00000008     Ocp.obj (.econst)
                  003f62d4    00000008     Ovp.obj (.econst)
                  003f62dc    00000005     SCPI_buildTree.obj (.econst:.string)
                  003f62e1    00000001     --HOLE-- [fill = 0]
                  003f62e2    00000004     SCPI_string.obj (.econst:.string)
                  003f62e6    00000004     Otp.obj (.econst)
                  003f62ea    00000004     SineGen.obj (.econst)
                  003f62ee    00000004     SlewControl.obj (.econst)

.cinit     0    003f62f2    00000178     
                  003f62f2    0000002d     SCPI_string.obj (.cinit)
                  003f631f    0000002c     SineGen.obj (.cinit)
                  003f634b    00000027     Cntl.obj (.cinit)
                  003f6372    00000022     SCPI_msgEPCtrl.obj (.cinit)
                  003f6394    00000016     Spi.obj (.cinit)
                  003f63aa    00000011     I2c.obj (.cinit)
                  003f63bb    00000010     SCPI_inputBuffer.obj (.cinit)
                  003f63cb    00000010     SCPI_respFmtr.obj (.cinit)
                  003f63db    0000000f     SCPI_lexer.obj (.cinit)
                  003f63ea    0000000d     Main.obj (.cinit)
                  003f63f7    0000000c     EnableCtrl.obj (.cinit)
                  003f6403    0000000c     SCPI_outputQueue.obj (.cinit)
                  003f640f    0000000c     Tmp.obj (.cinit)
                  003f641b    0000000a     rts2800_ml.lib : _lock.obj (.cinit)
                  003f6425    0000000a                    : exit.obj (.cinit)
                  003f642f    00000009     SCPI_buildTree.obj (.cinit)
                  003f6438    00000008     MacroNets.obj (.cinit)
                  003f6440    00000008     SCPI_parser.obj (.cinit)
                  003f6448    00000008     StateMachine.obj (.cinit)
                  003f6450    00000004     Ocp.obj (.cinit)
                  003f6454    00000004     Opp.obj (.cinit)
                  003f6458    00000004     Ovp.obj (.cinit)
                  003f645c    00000004     SCPI_specificCmds.obj (.cinit)
                  003f6460    00000004     rts2800_ml.lib : errno.obj (.cinit)
                  003f6464    00000004     slaveMode.obj (.cinit)
                  003f6468    00000002     --HOLE-- [fill = 0]

IQmath     0    003f646a    0000003c     
                  003f646a    00000014     IQmath.lib : IQ14toF.obj (IQmath)
                  003f647e    00000014                : IQ24toF.obj (IQmath)
                  003f6492    00000014                : IQ26toF.obj (IQmath)

codestart 
*          0    003f7ff6    00000002     
                  003f7ff6    00000002     DSP2802x_CodeStartBranch.obj (codestart)

.reset     0    003fffc0    00000002     DSECT
                  003fffc0    00000002     rts2800_ml.lib : boot.obj (.reset)

vectors    0    003fffc2    00000000     DSECT

.stack     1    00000050    00000380     UNINITIALIZED
                  00000050    00000380     --HOLE--

.ebss.1    1    00000400    000000be     UNINITIALIZED
                  00000400    000000a4     SCPI_inputBuffer.obj (.ebss)
                  000004a4    0000000a     StateMachine.obj (.ebss)
                  000004ae    0000000a     Tmp.obj (.ebss)
                  000004b8    00000004     rts2800_ml.lib : exit.obj (.ebss)
                  000004bc    00000001                    : errno.obj (.ebss)
                  000004bd    00000001     slaveMode.obj (.ebss)

.ebss.2    1    000004c0    000000a4     UNINITIALIZED
                  000004c0    000000a4     SCPI_msgEPCtrl.obj (.ebss)

.ebss.3    1    00000580    000000a4     UNINITIALIZED
                  00000580    000000a4     SCPI_outputQueue.obj (.ebss)

.ebss.4    1    00000640    0000002e     UNINITIALIZED
                  00000640    0000002e     SCPI_respFmtr.obj (.ebss)

.ebss.5    1    00000680    00000027     UNINITIALIZED
                  00000680    00000027     SCPI_string.obj (.ebss)

.ebss.6    1    000006c0    00000025     UNINITIALIZED
                  000006c0    00000025     SCPI_status.obj (.ebss)

.ebss.7    1    00000700    00000024     UNINITIALIZED
                  00000700    00000024     Cntl.obj (.ebss)

DevEmuRegsFile 
*          1    00000880    00000004     UNINITIALIZED
                  00000880    00000004     DSP2802x_GlobalVariableDefs.obj (DevEmuRegsFile)

SysPwrCtrlRegsFile 
*          1    00000985    00000003     UNINITIALIZED
                  00000985    00000003     DSP2802x_GlobalVariableDefs.obj (SysPwrCtrlRegsFile)

FlashRegsFile 
*          1    00000a80    00000008     UNINITIALIZED
                  00000a80    00000008     DSP2802x_GlobalVariableDefs.obj (FlashRegsFile)

CsmRegsFile 
*          1    00000ae0    00000010     UNINITIALIZED
                  00000ae0    00000010     DSP2802x_GlobalVariableDefs.obj (CsmRegsFile)

AdcResultFile 
*          1    00000b00    00000020     UNINITIALIZED
                  00000b00    00000020     DSP2802x_GlobalVariableDefs.obj (AdcResultFile)

CpuTimer0RegsFile 
*          1    00000c00    00000008     UNINITIALIZED
                  00000c00    00000008     DSP2802x_GlobalVariableDefs.obj (CpuTimer0RegsFile)

CpuTimer1RegsFile 
*          1    00000c08    00000008     UNINITIALIZED
                  00000c08    00000008     DSP2802x_GlobalVariableDefs.obj (CpuTimer1RegsFile)

CpuTimer2RegsFile 
*          1    00000c10    00000008     UNINITIALIZED
                  00000c10    00000008     DSP2802x_GlobalVariableDefs.obj (CpuTimer2RegsFile)

PieCtrlRegsFile 
*          1    00000ce0    0000001a     UNINITIALIZED
                  00000ce0    0000001a     DSP2802x_GlobalVariableDefs.obj (PieCtrlRegsFile)

PieVectTableFile 
*          1    00000d00    00000100     UNINITIALIZED
                  00000d00    00000100     DSP2802x_GlobalVariableDefs.obj (PieVectTableFile)

EmuKeyVar 
*          1    00000d00    00000001     UNINITIALIZED
                  00000d00    00000001     DSP2802x_GlobalVariableDefs.obj (EmuKeyVar)

EmuBModeVar 
*          1    00000d01    00000001     UNINITIALIZED
                  00000d01    00000001     DSP2802x_GlobalVariableDefs.obj (EmuBModeVar)

FlashCallbackVar 
*          1    00000d02    00000002     UNINITIALIZED
                  00000d02    00000002     DSP2802x_GlobalVariableDefs.obj (FlashCallbackVar)

FlashScalingVar 
*          1    00000d04    00000002     UNINITIALIZED
                  00000d04    00000002     DSP2802x_GlobalVariableDefs.obj (FlashScalingVar)

Comp1RegsFile 
*          1    00006400    00000014     UNINITIALIZED
                  00006400    00000014     DSP2802x_GlobalVariableDefs.obj (Comp1RegsFile)

Comp2RegsFile 
*          1    00006420    00000014     UNINITIALIZED
                  00006420    00000014     DSP2802x_GlobalVariableDefs.obj (Comp2RegsFile)

EPwm1RegsFile 
*          1    00006800    0000003a     UNINITIALIZED
                  00006800    0000003a     DSP2802x_GlobalVariableDefs.obj (EPwm1RegsFile)

EPwm2RegsFile 
*          1    00006840    0000003a     UNINITIALIZED
                  00006840    0000003a     DSP2802x_GlobalVariableDefs.obj (EPwm2RegsFile)

EPwm3RegsFile 
*          1    00006880    0000003a     UNINITIALIZED
                  00006880    0000003a     DSP2802x_GlobalVariableDefs.obj (EPwm3RegsFile)

EPwm4RegsFile 
*          1    000068c0    0000003a     UNINITIALIZED
                  000068c0    0000003a     DSP2802x_GlobalVariableDefs.obj (EPwm4RegsFile)

ECap1RegsFile 
*          1    00006a00    00000020     UNINITIALIZED
                  00006a00    00000020     DSP2802x_GlobalVariableDefs.obj (ECap1RegsFile)

GpioCtrlRegsFile 
*          1    00006f80    00000040     UNINITIALIZED
                  00006f80    00000040     DSP2802x_GlobalVariableDefs.obj (GpioCtrlRegsFile)

GpioDataRegsFile 
*          1    00006fc0    00000020     UNINITIALIZED
                  00006fc0    00000020     DSP2802x_GlobalVariableDefs.obj (GpioDataRegsFile)

GpioIntRegsFile 
*          1    00006fe0    0000000a     UNINITIALIZED
                  00006fe0    0000000a     DSP2802x_GlobalVariableDefs.obj (GpioIntRegsFile)

SysCtrlRegsFile 
*          1    00007010    0000001f     UNINITIALIZED
                  00007010    0000001f     DSP2802x_GlobalVariableDefs.obj (SysCtrlRegsFile)

SpiaRegsFile 
*          1    00007040    00000010     UNINITIALIZED
                  00007040    00000010     DSP2802x_GlobalVariableDefs.obj (SpiaRegsFile)

SciaRegsFile 
*          1    00007050    00000010     UNINITIALIZED
                  00007050    00000010     DSP2802x_GlobalVariableDefs.obj (SciaRegsFile)

NmiIntruptRegsFile 
*          1    00007060    00000010     UNINITIALIZED
                  00007060    00000010     DSP2802x_GlobalVariableDefs.obj (NmiIntruptRegsFile)

XIntruptRegsFile 
*          1    00007070    00000010     UNINITIALIZED
                  00007070    00000010     DSP2802x_GlobalVariableDefs.obj (XIntruptRegsFile)

AdcRegsFile 
*          1    00007100    00000051     UNINITIALIZED
                  00007100    00000051     DSP2802x_GlobalVariableDefs.obj (AdcRegsFile)

I2caRegsFile 
*          1    00007900    00000022     UNINITIALIZED
                  00007900    00000022     DSP2802x_GlobalVariableDefs.obj (I2caRegsFile)

SINTBL     1    00008800    00000101     
                  00008800    00000101     C28x_SGEN_Lib_fixed.lib : SINTB360.obj (SINTBL)

ADCDRV_1ch_Section 
*          1    00008902    0000001a     UNINITIALIZED
                  00008902    0000001a     BurnInUnit_ISR.obj (ADCDRV_1ch_Section)

CNTL_3P3Z_Section 
*          1    0000891c    00000016     UNINITIALIZED
                  0000891c    00000016     BurnInUnit_ISR.obj (CNTL_3P3Z_Section)

SGENTI_1ch_Struct 
*          1    00008932    00000008     UNINITIALIZED
                  00008932    00000008     SineGen.obj (SGENTI_1ch_Struct)

ISR_Section 
*          1    0000893a    00000003     UNINITIALIZED
                  0000893a    00000003     BurnInUnit_ISR.obj (ISR_Section)

ZeroNet_Section 
*          1    0000893e    00000002     UNINITIALIZED
                  0000893e    00000002     BurnInUnit_ISR.obj (ZeroNet_Section)

CNTL_2P2Z_Coef 
*          1    00008940    00000078     UNINITIALIZED
                  00008940    00000078     Cntl.obj (CNTL_2P2Z_Coef)

.ebss.8    1    000089b8    00000008     UNINITIALIZED
                  000089b8    00000008     Spi.obj (.ebss)

CNTL_2P2Z_Section 
*          1    000089c0    0000005a     UNINITIALIZED
                  000089c0    0000005a     BurnInUnit_ISR.obj (CNTL_2P2Z_Section)

CNTL_3P3Z_Coef 
*          1    00008a1a    00000012     UNINITIALIZED
                  00008a1a    00000012     Cntl.obj (CNTL_3P3Z_Coef)

PWMDRV_2ch_UpCnt_Section 
*          1    00008a2c    00000012     UNINITIALIZED
                  00008a2c    00000012     BurnInUnit_ISR.obj (PWMDRV_2ch_UpCnt_Section)

.ebss.9    1    00008a3e    000005c2     UNINITIALIZED
                  00008a3e    00000002     SCPI_parser.obj (.ebss)
                  00008a40    00000370     SCPI_buildTree.obj (.ebss)
                  00008db0    0000000e     I2c.obj (.ebss)
                  00008dbe    00000001     Ocp.obj (.ebss)
                  00008dbf    00000001     Opp.obj (.ebss)
                  00008dc0    00000124     SineGen.obj (.ebss)
                  00008ee4    0000000b     EnableCtrl.obj (.ebss)
                  00008eef    00000001     Otp.obj (.ebss)
                  00008ef0    0000000a     Main.obj (.ebss)
                  00008efa    00000004     rts2800_ml.lib : _lock.obj (.ebss)
                  00008efe    00000001     Ovp.obj (.ebss)
                  00008eff    00000001     SCPI_specificCmds.obj (.ebss)
                  00008f00    000000c8     MacroNets.obj (.ebss)
                  00008fc8    00000038     SCPI_lexer.obj (.ebss)

PartIdRegsFile 
*          1    003d7fff    00000001     UNINITIALIZED
                  003d7fff    00000001     DSP2802x_GlobalVariableDefs.obj (PartIdRegsFile)

CsmPwlFile 
*          1    003f7ff8    00000008     UNINITIALIZED
                  003f7ff8    00000008     DSP2802x_GlobalVariableDefs.obj (CsmPwlFile)


GLOBAL SYMBOLS: SORTED ALPHABETICALLY BY Name 

address    name
--------   ----
ffffffff   .text
003f15ae   C$$EXIT
003f0f12   FD$$MPY
003f14af   FD$$TOI
003f14d0   FD$$TOL
003f111f   FS$$ADD
003f15c7   FS$$CMP
003f0f95   FS$$DIV
003f124f   FS$$MPY
003f1636   FS$$NEG
003f111a   FS$$SUB
003f152a   FS$$TOFD
003f1468   FS$$TOI
003f143f   FS$$TOL
003f150d   FS$$TOU
003f148d   I$$DIV
003f149e   I$$MOD
003f1561   I$$TOFS
003f157b   L$$TOFS
00008800   SINTAB_360
003f1615   U$$DIV
003f161a   U$$MOD
003f1605   U$$TOFS
003f15f2   UL$$TOFS
00008902   _ADCDRV_1ch_Rlt1
00008914   _ADCDRV_1ch_Rlt10
00008916   _ADCDRV_1ch_Rlt11
00008918   _ADCDRV_1ch_Rlt12
0000891a   _ADCDRV_1ch_Rlt13
00008904   _ADCDRV_1ch_Rlt2
00008906   _ADCDRV_1ch_Rlt3
00008908   _ADCDRV_1ch_Rlt4
0000890a   _ADCDRV_1ch_Rlt5
0000890c   _ADCDRV_1ch_Rlt6
0000890e   _ADCDRV_1ch_Rlt7
00008910   _ADCDRV_1ch_Rlt8
00008912   _ADCDRV_1ch_Rlt9
003f309a   _ADC_SOC_CNF
00007100   _AdcRegs
00000b00   _AdcResult
000004a8   _Alpha_State_Ptr
003f3582   _CLS
000089c6   _CNTL_2P2Z_Coef1
000089d8   _CNTL_2P2Z_Coef2
000089ea   _CNTL_2P2Z_Coef3
000089fc   _CNTL_2P2Z_Coef4
00008a0e   _CNTL_2P2Z_Coef5
000089c8   _CNTL_2P2Z_DBUFF1
000089da   _CNTL_2P2Z_DBUFF2
000089ec   _CNTL_2P2Z_DBUFF3
00008a00   _CNTL_2P2Z_DBUFF4
00008a10   _CNTL_2P2Z_DBUFF5
000089c2   _CNTL_2P2Z_Fdbk1
000089d4   _CNTL_2P2Z_Fdbk2
000089e6   _CNTL_2P2Z_Fdbk3
000089f8   _CNTL_2P2Z_Fdbk4
00008a0a   _CNTL_2P2Z_Fdbk5
000089c4   _CNTL_2P2Z_Out1
000089d6   _CNTL_2P2Z_Out2
000089e8   _CNTL_2P2Z_Out3
000089fa   _CNTL_2P2Z_Out4
00008a0c   _CNTL_2P2Z_Out5
000089c0   _CNTL_2P2Z_Ref1
000089d2   _CNTL_2P2Z_Ref2
000089e4   _CNTL_2P2Z_Ref3
000089f6   _CNTL_2P2Z_Ref4
000089fe   _CNTL_2P2Z_Ref5
00008922   _CNTL_3P3Z_Coef1
00008924   _CNTL_3P3Z_DBUFF1
0000891e   _CNTL_3P3Z_Fdbk1
00008920   _CNTL_3P3Z_Out1
0000891c   _CNTL_3P3Z_Ref1
00006400   _Comp1Regs
00006420   _Comp2Regs
00000c00   _CpuTimer0Regs
00000c08   _CpuTimer1Regs
00000c10   _CpuTimer2Regs
003f7ff8   _CsmPwl
00000ae0   _CsmRegs
003f0dfe   _DCL
003f0dfc   _DFC
003f0412   _DLOG_BuffInit
00008000   _DPL_ISR
003f041a   _DPL_Init
00008203   _DSP28x_usDelay
00000880   _DevEmuRegs
003f3cf8   _DeviceInit
00006a00   _ECap1Regs
00006800   _EPwm1Regs
00006840   _EPwm2Regs
00006880   _EPwm3Regs
000068c0   _EPwm4Regs
003f3554   _ESE
003f354a   _ESR
00000d01   _EmuBMode
00000d00   _EmuKey
00000a80   _FlashRegs
00000d04   _Flash_CPUScaleFactor
00000d02   _Flash_CallbackPtr
003f0df6   _GET
003f0df4   _GTL
00006f80   _GpioCtrlRegs
00006fc0   _GpioDataRegs
00006fe0   _GpioIntRegs
003f0df2   _HFC
00007900   _I2caRegs
003f3507   _IDN
003f1631   _ISR_ILLEGAL
000081e6   _InitFlash
003f0df0   _LLO
003f3ce7   _MemCopy
00007060   _NmiIntruptRegs
003f34f4   _OPC
003f3cb5   _PLLset
003f0dee   _POL
00008a2c   _PWMDRV_2ch_UpCnt_Duty1A
00008a2e   _PWMDRV_2ch_UpCnt_Duty1B
00008a32   _PWMDRV_2ch_UpCnt_Duty2A
00008a34   _PWMDRV_2ch_UpCnt_Duty2B
00008a38   _PWMDRV_2ch_UpCnt_Duty3A
00008a3a   _PWMDRV_2ch_UpCnt_Duty3B
00008a30   _PWMDRV_2ch_UpCnt_Period1
00008a36   _PWMDRV_2ch_UpCnt_Period2
00008a3c   _PWMDRV_2ch_UpCnt_Period3
003f11f3   _PWM_2ch_UpCnt_CNF
003d7fff   _PartIdRegs
003f3c96   _PieCntlInit
00000ce0   _PieCtrlRegs
00000d00   _PieVectTable
003f3c85   _PieVectTableInit
003f34f0   _RST
003f0207   _RamfuncsLoadEnd
003f0000   _RamfuncsLoadStart
00008000   _RamfuncsRunStart
003f0dec   _SFC
003f1546   _SGENTI_1_calc
00008dc6   _SGENTI_1ch_VOut
003f34c0   _SRE
003f0dea   _SRQ
003f34aa   _STB
00007050   _SciaRegs
000006c1   _ScpiRegs
00007040   _SpiaRegs
00007010   _SysCtrlRegs
00000985   _SysPwrCtrlRegs
003f3497   _TST
003f3495   _WAI
003f3c7d   _WDogDisable
00007070   _XIntruptRegs
003f646a   __IQ14toF
003f647e   __IQ24toF
003f6492   __IQ26toF
000003d0   __STACK_END
00000380   __STACK_SIZE
00000001   __TI_args_main
ffffffff   ___binit__
ffffffff   ___c_args__
003f62f2   ___cinit__
ffffffff   ___etext__
ffffffff   ___pinit__
ffffffff   ___text__
003f1595   __args_main
000004b8   __cleanup_ptr
003f6000   __ctypes_
000004ba   __dtors_ptr
00008efc   __lock
003f0cef   __log
003f1628   __nop
003f1624   __register_lock
003f1620   __register_unlock
00000050   __stack
00008efa   __unlock
003f15ae   _abort
00008940   _acICoefs
00008f10   _acNets
00008f28   _acSettings
00008a1a   _acVCoefs
003f2cd7   _breakString
003f0819   _buildScpiTree
003f12ee   _c_int00
003f06a3   _calAll
00000700   _cfLimits
003f0c28   _checkAcOpp
003f2516   _checkAcOtp
003f371e   _checkAcOvp
003f370d   _checkDcHvOvp
003f272b   _checkDcMidOcp
003f24ea   _checkDcOtp
003f24a1   _checkExtOtp
003f2707   _checkLoadOcp
003f0bf3   _checkLoadOpp
003f2467   _checkLoadOtp
003f36e9   _checkLoadOvp
003f26f7   _clearAcOcp
003f0be7   _clearAcOpp
003f245b   _clearAcOtp
003f36dd   _clearAcOvp
003f36d1   _clearDcHvOvp
003f26eb   _clearDcMidOcp
003f36c1   _clearDcMidOvp
003f244f   _clearDcOtp
003f2440   _clearExtOtp
003f0842   _clearIBuff
003f26dc   _clearLoadOcp
003f0bd8   _clearLoadOpp
003f2431   _clearLoadOtp
003f36b2   _clearLoadOvp
003f0a7a   _clearOQueue
003f2eba   _clearOperCondRegs
003f2eab   _clearQuesCondRegs
003f2ea6   _commandError
003f069f   _contIdleInit
003f0b22   _dataOnOQueue
003f0de8   _ddd
003f14ef   _detectSlaveMode
003f2ea1   _deviceError
003f3ae7   _disableCircuit
000004a5   _disableSection
003f2bc9   _dtoa
00008ef0   _ePWM
00008f00   _enableAllFlag
003f3a88   _enableCircuit
000004a4   _enableSection
000004bc   _errno
003f1418   _execCtrl
003f2e9c   _executionError
003f15b0   _exit
003f0b29   _exp
00008f02   _extSettings
003f15de   _frexp
003f33d3   _getAcDac
003f228f   _getAcICoef
003f26b4   _getAcOcpLevel
003f26ae   _getAcOcpState
003f0bd2   _getAcOppState
003f241d   _getAcOtpLevel
003f2417   _getAcOtpState
003f368a   _getAcOvpLevel
003f3684   _getAcOvpState
003f226d   _getAcVCoef
003f3a75   _getCurrentState
003f365c   _getDcHvOvpLevel
003f3656   _getDcHvOvpState
003f3fc8   _getDcHvVoltage
003f3fa0   _getDcMidCurrent
003f2684   _getDcMidOcpLevel
003f267e   _getDcMidOcpState
003f3650   _getDcMidOvpState
003f3f78   _getDcMidVoltage
003f2403   _getDcOtpLevel
003f23fd   _getDcOtpState
003f23d6   _getExtOtpLevel
003f23c7   _getExtOtpState
003f3f40   _getLoadCurrent
003f224a   _getLoadICoef
003f264b   _getLoadOcpLevel
003f2640   _getLoadOcpState
003f0bc7   _getLoadOppState
003f23ab   _getLoadOtpLevel
003f23a0   _getLoadOtpState
003f3645   _getLoadOvpState
003f3c53   _getLoadSlewStep
003f3c29   _getLoadSlewTarget
003f3c18   _getLoadState
003f3f08   _getLoadVoltage
003f3edd   _getSineGainStep
003f3ed2   _getSineGainTarget
003f3ec9   _getSineState
00008db0   _i2cIsrErr
00008db4   _i2cMsgBlank
003f09a7   _i2cPopMsg
003f092e   _i2cRead
003f0964   _i2cWrite
003f33bd   _initAcComparator
003f3311   _initAcTripzone
003f3ee8   _initAdc
003f21eb   _initCoefs
003f337e   _initDcComparator
003f3a00   _initEnableControl
003f0906   _initI2c
003f12c6   _initPwm
003f3ead   _initSine
003f0f01   _initStateMachine
003f0cc5   _initTemperature
003f3377   _initTripZone
003f065c   _instCat
003f065a   _instNsel
003f0658   _instStat
003f2b87   _itoa
003f1332   _ldexp
003f2a65   _lexProgramMsg
00008980   _loadICoefs
00008f40   _loadNets
00008f80   _loadSettings
003f09c6   _log10
003f0322   _main
003f13e2   _modf
000004c4   _msgs
00008eff   _nSel
00008dbe   _ocpFlagRegister
003f0306   _oldSpiRxIsr
003f2e97   _operationComplete
00008dbf   _oppFlagRegister
00008eef   _otpFlagRegister
00008efe   _ovpFlagRegister
003f10ef   _parseMsgUnit
003f08c0   _popIBuff
003f0af2   _popOQueue
003f1018   _pow
003f0862   _pushIBuff
003f0a9e   _pushOQueue
003f2e92   _queryError
003f2e80   _readOISumEven
003f2e6e   _readQISumEven
003f0c60   _readTemperature
003f079e   _registerChild
003f33fa   _registerCommonCommands
003f05d0   _registerDeviceCommands
003f0d7c   _registerEmulationCommands
003f37dd   _registerRequiredCommands
003f2e69   _requestControl
003f3a62   _resetEnableControl
003f1413   _resetExecCtrl
003f085a   _resetIBuff
003f2949   _resetLexer
003f0a96   _resetOQueue
003f109b   _resetParser
003f05ca   _resetRespFmtr
003f0560   _respFmtr
003f04f5   _respond
003f32ad   _rstAcTripzone
003f3293   _rstDcTripzone
003f3018   _runAll
003f0e23   _sciInit
003f0e04   _sciTx
003f2792   _scpi
003f273c   _scpiChangeIOTx
003f2761   _scpiInit
003f2745   _scpiReset
003f277a   _scpiTest
003f3259   _setAcDac
003f218c   _setAcICoef
003f25e8   _setAcOcpLevel
003f2370   _setAcOtpLevel
003f35f0   _setAcOvpLevel
003f20f6   _setAcVCoef
003f35a2   _setDcHvOvpLevel
003f2594   _setDcMidOcpLevel
003f2340   _setDcOtpLevel
003f22ef   _setExtOtpLevel
003f204d   _setLoadICoef
003f254a   _setLoadOcpLevel
003f22b1   _setLoadOtpLevel
003f3bd1   _setLoadSlewStep
003f3b82   _setLoadSlewTarget
003f3b70   _setLoadState
003f3b61   _setLoadStateAll
003f2e26   _setOISumBit
003f2de3   _setQISumBit
003f3e79   _setSineGainStep
003f3e45   _setSineGainTarget
003f3e43   _setSineRmsTarget
003f3e3a   _setSineState
003f2fc7   _setupNets
003f0776   _shortenName
00008932   _sigGen
00008e00   _sine_abs
00008e80   _sine_sign
000004bd   _slaveModeStatus
003f0258   _spiInit
003f022c   _spiTx_Master
003f0207   _spiTx_Slave
003f37d4   _statOperCond
003f37a6   _statOperEnab
003f3795   _statOperEven
003f378f   _statPres
003f3786   _statQuesCond
003f3758   _statQuesEnab
003f3747   _statQuesEven
003f2ecb   _stopAll
00008f01   _stopAllFlag
003f2b7e   _strcat
003f2b13   _strchr
003f2b6a   _strcmp
003f2b64   _strcpy
003f2b2c   _strcspn
003f2b1d   _strspn
003f38ad   _strtod
003f2b5c   _strtok
003f2b3b   _strtok_r
003f373d   _systErrNext
003f372f   _systVers
003f3ff0   _timersSetupReal
00008a80   _tree
003f2542   _tripAcOcp
003f359a   _tripDcMidOvp
003f2d45   _updateESB
003f3b3f   _updateLoadSlew
003f2d53   _updateMAV
003f2ddb   _updateMSS
003f2d35   _updateOPER
003f2cf8   _updateOperReg
003f2d94   _updateQUES
003f2d65   _updateQuesReg
003f2da4   _updateSTB
003f3e13   _updateSineGain
003f3db9   _updateSineSignal
00008f08   _xfmrNets
00008f1a   _xfmrSettings
ffffffff   binit
003f62f2   cinit
003f7ff6   code_start
ffffffff   etext
ffffffff   pinit


GLOBAL SYMBOLS: SORTED BY Symbol Address 

address    name
--------   ----
00000001   __TI_args_main
00000050   __stack
00000380   __STACK_SIZE
000003d0   __STACK_END
000004a4   _enableSection
000004a5   _disableSection
000004a8   _Alpha_State_Ptr
000004b8   __cleanup_ptr
000004ba   __dtors_ptr
000004bc   _errno
000004bd   _slaveModeStatus
000004c4   _msgs
000006c1   _ScpiRegs
00000700   _cfLimits
00000880   _DevEmuRegs
00000985   _SysPwrCtrlRegs
00000a80   _FlashRegs
00000ae0   _CsmRegs
00000b00   _AdcResult
00000c00   _CpuTimer0Regs
00000c08   _CpuTimer1Regs
00000c10   _CpuTimer2Regs
00000ce0   _PieCtrlRegs
00000d00   _EmuKey
00000d00   _PieVectTable
00000d01   _EmuBMode
00000d02   _Flash_CallbackPtr
00000d04   _Flash_CPUScaleFactor
00006400   _Comp1Regs
00006420   _Comp2Regs
00006800   _EPwm1Regs
00006840   _EPwm2Regs
00006880   _EPwm3Regs
000068c0   _EPwm4Regs
00006a00   _ECap1Regs
00006f80   _GpioCtrlRegs
00006fc0   _GpioDataRegs
00006fe0   _GpioIntRegs
00007010   _SysCtrlRegs
00007040   _SpiaRegs
00007050   _SciaRegs
00007060   _NmiIntruptRegs
00007070   _XIntruptRegs
00007100   _AdcRegs
00007900   _I2caRegs
00008000   _DPL_ISR
00008000   _RamfuncsRunStart
000081e6   _InitFlash
00008203   _DSP28x_usDelay
00008800   SINTAB_360
00008902   _ADCDRV_1ch_Rlt1
00008904   _ADCDRV_1ch_Rlt2
00008906   _ADCDRV_1ch_Rlt3
00008908   _ADCDRV_1ch_Rlt4
0000890a   _ADCDRV_1ch_Rlt5
0000890c   _ADCDRV_1ch_Rlt6
0000890e   _ADCDRV_1ch_Rlt7
00008910   _ADCDRV_1ch_Rlt8
00008912   _ADCDRV_1ch_Rlt9
00008914   _ADCDRV_1ch_Rlt10
00008916   _ADCDRV_1ch_Rlt11
00008918   _ADCDRV_1ch_Rlt12
0000891a   _ADCDRV_1ch_Rlt13
0000891c   _CNTL_3P3Z_Ref1
0000891e   _CNTL_3P3Z_Fdbk1
00008920   _CNTL_3P3Z_Out1
00008922   _CNTL_3P3Z_Coef1
00008924   _CNTL_3P3Z_DBUFF1
00008932   _sigGen
00008940   _acICoefs
00008980   _loadICoefs
000089c0   _CNTL_2P2Z_Ref1
000089c2   _CNTL_2P2Z_Fdbk1
000089c4   _CNTL_2P2Z_Out1
000089c6   _CNTL_2P2Z_Coef1
000089c8   _CNTL_2P2Z_DBUFF1
000089d2   _CNTL_2P2Z_Ref2
000089d4   _CNTL_2P2Z_Fdbk2
000089d6   _CNTL_2P2Z_Out2
000089d8   _CNTL_2P2Z_Coef2
000089da   _CNTL_2P2Z_DBUFF2
000089e4   _CNTL_2P2Z_Ref3
000089e6   _CNTL_2P2Z_Fdbk3
000089e8   _CNTL_2P2Z_Out3
000089ea   _CNTL_2P2Z_Coef3
000089ec   _CNTL_2P2Z_DBUFF3
000089f6   _CNTL_2P2Z_Ref4
000089f8   _CNTL_2P2Z_Fdbk4
000089fa   _CNTL_2P2Z_Out4
000089fc   _CNTL_2P2Z_Coef4
000089fe   _CNTL_2P2Z_Ref5
00008a00   _CNTL_2P2Z_DBUFF4
00008a0a   _CNTL_2P2Z_Fdbk5
00008a0c   _CNTL_2P2Z_Out5
00008a0e   _CNTL_2P2Z_Coef5
00008a10   _CNTL_2P2Z_DBUFF5
00008a1a   _acVCoefs
00008a2c   _PWMDRV_2ch_UpCnt_Duty1A
00008a2e   _PWMDRV_2ch_UpCnt_Duty1B
00008a30   _PWMDRV_2ch_UpCnt_Period1
00008a32   _PWMDRV_2ch_UpCnt_Duty2A
00008a34   _PWMDRV_2ch_UpCnt_Duty2B
00008a36   _PWMDRV_2ch_UpCnt_Period2
00008a38   _PWMDRV_2ch_UpCnt_Duty3A
00008a3a   _PWMDRV_2ch_UpCnt_Duty3B
00008a3c   _PWMDRV_2ch_UpCnt_Period3
00008a80   _tree
00008db0   _i2cIsrErr
00008db4   _i2cMsgBlank
00008dbe   _ocpFlagRegister
00008dbf   _oppFlagRegister
00008dc6   _SGENTI_1ch_VOut
00008e00   _sine_abs
00008e80   _sine_sign
00008eef   _otpFlagRegister
00008ef0   _ePWM
00008efa   __unlock
00008efc   __lock
00008efe   _ovpFlagRegister
00008eff   _nSel
00008f00   _enableAllFlag
00008f01   _stopAllFlag
00008f02   _extSettings
00008f08   _xfmrNets
00008f10   _acNets
00008f1a   _xfmrSettings
00008f28   _acSettings
00008f40   _loadNets
00008f80   _loadSettings
003d7fff   _PartIdRegs
003f0000   _RamfuncsLoadStart
003f0207   _RamfuncsLoadEnd
003f0207   _spiTx_Slave
003f022c   _spiTx_Master
003f0258   _spiInit
003f0306   _oldSpiRxIsr
003f0322   _main
003f0412   _DLOG_BuffInit
003f041a   _DPL_Init
003f04f5   _respond
003f0560   _respFmtr
003f05ca   _resetRespFmtr
003f05d0   _registerDeviceCommands
003f0658   _instStat
003f065a   _instNsel
003f065c   _instCat
003f069f   _contIdleInit
003f06a3   _calAll
003f0776   _shortenName
003f079e   _registerChild
003f0819   _buildScpiTree
003f0842   _clearIBuff
003f085a   _resetIBuff
003f0862   _pushIBuff
003f08c0   _popIBuff
003f0906   _initI2c
003f092e   _i2cRead
003f0964   _i2cWrite
003f09a7   _i2cPopMsg
003f09c6   _log10
003f0a7a   _clearOQueue
003f0a96   _resetOQueue
003f0a9e   _pushOQueue
003f0af2   _popOQueue
003f0b22   _dataOnOQueue
003f0b29   _exp
003f0bc7   _getLoadOppState
003f0bd2   _getAcOppState
003f0bd8   _clearLoadOpp
003f0be7   _clearAcOpp
003f0bf3   _checkLoadOpp
003f0c28   _checkAcOpp
003f0c60   _readTemperature
003f0cc5   _initTemperature
003f0cef   __log
003f0d7c   _registerEmulationCommands
003f0de8   _ddd
003f0dea   _SRQ
003f0dec   _SFC
003f0dee   _POL
003f0df0   _LLO
003f0df2   _HFC
003f0df4   _GTL
003f0df6   _GET
003f0dfc   _DFC
003f0dfe   _DCL
003f0e04   _sciTx
003f0e23   _sciInit
003f0f01   _initStateMachine
003f0f12   FD$$MPY
003f0f95   FS$$DIV
003f1018   _pow
003f109b   _resetParser
003f10ef   _parseMsgUnit
003f111a   FS$$SUB
003f111f   FS$$ADD
003f11f3   _PWM_2ch_UpCnt_CNF
003f124f   FS$$MPY
003f12c6   _initPwm
003f12ee   _c_int00
003f1332   _ldexp
003f13e2   _modf
003f1413   _resetExecCtrl
003f1418   _execCtrl
003f143f   FS$$TOL
003f1468   FS$$TOI
003f148d   I$$DIV
003f149e   I$$MOD
003f14af   FD$$TOI
003f14d0   FD$$TOL
003f14ef   _detectSlaveMode
003f150d   FS$$TOU
003f152a   FS$$TOFD
003f1546   _SGENTI_1_calc
003f1561   I$$TOFS
003f157b   L$$TOFS
003f1595   __args_main
003f15ae   C$$EXIT
003f15ae   _abort
003f15b0   _exit
003f15c7   FS$$CMP
003f15de   _frexp
003f15f2   UL$$TOFS
003f1605   U$$TOFS
003f1615   U$$DIV
003f161a   U$$MOD
003f1620   __register_unlock
003f1624   __register_lock
003f1628   __nop
003f1631   _ISR_ILLEGAL
003f1636   FS$$NEG
003f204d   _setLoadICoef
003f20f6   _setAcVCoef
003f218c   _setAcICoef
003f21eb   _initCoefs
003f224a   _getLoadICoef
003f226d   _getAcVCoef
003f228f   _getAcICoef
003f22b1   _setLoadOtpLevel
003f22ef   _setExtOtpLevel
003f2340   _setDcOtpLevel
003f2370   _setAcOtpLevel
003f23a0   _getLoadOtpState
003f23ab   _getLoadOtpLevel
003f23c7   _getExtOtpState
003f23d6   _getExtOtpLevel
003f23fd   _getDcOtpState
003f2403   _getDcOtpLevel
003f2417   _getAcOtpState
003f241d   _getAcOtpLevel
003f2431   _clearLoadOtp
003f2440   _clearExtOtp
003f244f   _clearDcOtp
003f245b   _clearAcOtp
003f2467   _checkLoadOtp
003f24a1   _checkExtOtp
003f24ea   _checkDcOtp
003f2516   _checkAcOtp
003f2542   _tripAcOcp
003f254a   _setLoadOcpLevel
003f2594   _setDcMidOcpLevel
003f25e8   _setAcOcpLevel
003f2640   _getLoadOcpState
003f264b   _getLoadOcpLevel
003f267e   _getDcMidOcpState
003f2684   _getDcMidOcpLevel
003f26ae   _getAcOcpState
003f26b4   _getAcOcpLevel
003f26dc   _clearLoadOcp
003f26eb   _clearDcMidOcp
003f26f7   _clearAcOcp
003f2707   _checkLoadOcp
003f272b   _checkDcMidOcp
003f273c   _scpiChangeIOTx
003f2745   _scpiReset
003f2761   _scpiInit
003f277a   _scpiTest
003f2792   _scpi
003f2949   _resetLexer
003f2a65   _lexProgramMsg
003f2b13   _strchr
003f2b1d   _strspn
003f2b2c   _strcspn
003f2b3b   _strtok_r
003f2b5c   _strtok
003f2b64   _strcpy
003f2b6a   _strcmp
003f2b7e   _strcat
003f2b87   _itoa
003f2bc9   _dtoa
003f2cd7   _breakString
003f2cf8   _updateOperReg
003f2d35   _updateOPER
003f2d45   _updateESB
003f2d53   _updateMAV
003f2d65   _updateQuesReg
003f2d94   _updateQUES
003f2da4   _updateSTB
003f2ddb   _updateMSS
003f2de3   _setQISumBit
003f2e26   _setOISumBit
003f2e69   _requestControl
003f2e6e   _readQISumEven
003f2e80   _readOISumEven
003f2e92   _queryError
003f2e97   _operationComplete
003f2e9c   _executionError
003f2ea1   _deviceError
003f2ea6   _commandError
003f2eab   _clearQuesCondRegs
003f2eba   _clearOperCondRegs
003f2ecb   _stopAll
003f2fc7   _setupNets
003f3018   _runAll
003f309a   _ADC_SOC_CNF
003f3259   _setAcDac
003f3293   _rstDcTripzone
003f32ad   _rstAcTripzone
003f3311   _initAcTripzone
003f3377   _initTripZone
003f337e   _initDcComparator
003f33bd   _initAcComparator
003f33d3   _getAcDac
003f33fa   _registerCommonCommands
003f3495   _WAI
003f3497   _TST
003f34aa   _STB
003f34c0   _SRE
003f34f0   _RST
003f34f4   _OPC
003f3507   _IDN
003f354a   _ESR
003f3554   _ESE
003f3582   _CLS
003f359a   _tripDcMidOvp
003f35a2   _setDcHvOvpLevel
003f35f0   _setAcOvpLevel
003f3645   _getLoadOvpState
003f3650   _getDcMidOvpState
003f3656   _getDcHvOvpState
003f365c   _getDcHvOvpLevel
003f3684   _getAcOvpState
003f368a   _getAcOvpLevel
003f36b2   _clearLoadOvp
003f36c1   _clearDcMidOvp
003f36d1   _clearDcHvOvp
003f36dd   _clearAcOvp
003f36e9   _checkLoadOvp
003f370d   _checkDcHvOvp
003f371e   _checkAcOvp
003f372f   _systVers
003f373d   _systErrNext
003f3747   _statQuesEven
003f3758   _statQuesEnab
003f3786   _statQuesCond
003f378f   _statPres
003f3795   _statOperEven
003f37a6   _statOperEnab
003f37d4   _statOperCond
003f37dd   _registerRequiredCommands
003f38ad   _strtod
003f3a00   _initEnableControl
003f3a62   _resetEnableControl
003f3a75   _getCurrentState
003f3a88   _enableCircuit
003f3ae7   _disableCircuit
003f3b3f   _updateLoadSlew
003f3b61   _setLoadStateAll
003f3b70   _setLoadState
003f3b82   _setLoadSlewTarget
003f3bd1   _setLoadSlewStep
003f3c18   _getLoadState
003f3c29   _getLoadSlewTarget
003f3c53   _getLoadSlewStep
003f3c7d   _WDogDisable
003f3c85   _PieVectTableInit
003f3c96   _PieCntlInit
003f3cb5   _PLLset
003f3ce7   _MemCopy
003f3cf8   _DeviceInit
003f3db9   _updateSineSignal
003f3e13   _updateSineGain
003f3e3a   _setSineState
003f3e43   _setSineRmsTarget
003f3e45   _setSineGainTarget
003f3e79   _setSineGainStep
003f3ead   _initSine
003f3ec9   _getSineState
003f3ed2   _getSineGainTarget
003f3edd   _getSineGainStep
003f3ee8   _initAdc
003f3f08   _getLoadVoltage
003f3f40   _getLoadCurrent
003f3f78   _getDcMidVoltage
003f3fa0   _getDcMidCurrent
003f3fc8   _getDcHvVoltage
003f3ff0   _timersSetupReal
003f6000   __ctypes_
003f62f2   ___cinit__
003f62f2   cinit
003f646a   __IQ14toF
003f647e   __IQ24toF
003f6492   __IQ26toF
003f7ff6   code_start
003f7ff8   _CsmPwl
ffffffff   .text
ffffffff   ___binit__
ffffffff   ___c_args__
ffffffff   ___etext__
ffffffff   ___pinit__
ffffffff   ___text__
ffffffff   binit
ffffffff   etext
ffffffff   pinit

[414 symbols]
