******************************************************************************
             TMS320C2000 Linker PC v6.1.3                      
******************************************************************************
>> Linked Thu Oct 03 17:03:56 2013

OUTPUT FILE NAME:   <F2802x_BurnInUnit.out>
ENTRY POINT SYMBOL: "_c_int00"  address: 003f11fa


MEMORY CONFIGURATION

         name            origin    length      used     unused   attr    fill
----------------------  --------  ---------  --------  --------  ----  --------
PAGE 0:
  BOOT_RSVD             00000000   00000050  00000000  00000050  RWIX
  progRAM               00008000   00000800  00000240  000005c0  RWIX
  OTP                   003d7800   00000400  00000000  00000400  RWIX
  FLASHD                003f0000   00002000  000015c5  00000a3b  RWIX
  FLASHC                003f2000   00002000  00001ffe  00000002  RWIX
  FLASHA                003f6000   00001f80  00000653  0000192d  RWIX
  CSM_RSVD              003f7f80   00000076  00000000  00000076  RWIX
  BEGIN                 003f7ff6   00000002  00000002  00000000  RWIX
  CSM_PWL               003f7ff8   00000008  00000000  00000008  RWIX
  IQTABLES              003fe000   00000b50  00000000  00000b50  RWIX
  IQTABLES2             003feb50   0000008c  00000000  0000008c  RWIX
  IQTABLES3             003febdc   000000aa  00000000  000000aa  RWIX
  BOOTROM               003ff27c   00000d44  00000000  00000d44  RWIX
  RESET                 003fffc0   00000002  00000000  00000002  RWIX
  VECTORS               003fffc2   0000003e  00000000  0000003e  RWIX

PAGE 1:
  RAMM0                 00000050   000003b0  00000380  00000030  RWIX
  RAMM1                 00000400   00000400  00000241  000001bf  RWIX
  DEV_EMU               00000880   00000105  00000004  00000101  RWIX
  SYS_PWR_CTL           00000985   00000003  00000003  00000000  RWIX
  FLASH_REGS            00000a80   00000060  00000008  00000058  RWIX
  CSM                   00000ae0   00000010  00000010  00000000  RWIX
  ADC_RESULT            00000b00   00000020  00000020  00000000  RWIX
  CPU_TIMER0            00000c00   00000008  00000008  00000000  RWIX
  CPU_TIMER1            00000c08   00000008  00000008  00000000  RWIX
  CPU_TIMER2            00000c10   00000008  00000008  00000000  RWIX
  PIE_CTRL              00000ce0   00000020  0000001a  00000006  RWIX
  PIE_VECT              00000d00   00000100  00000100  00000000  RWIX
  COMP1                 00006400   00000020  00000014  0000000c  RWIX
  COMP2                 00006420   00000020  00000014  0000000c  RWIX
  EPWM1                 00006800   00000040  0000003a  00000006  RWIX
  EPWM2                 00006840   00000040  0000003a  00000006  RWIX
  EPWM3                 00006880   00000040  0000003a  00000006  RWIX
  EPWM4                 000068c0   00000040  0000003a  00000006  RWIX
  ECAP1                 00006a00   00000020  00000020  00000000  RWIX
  GPIOCTRL              00006f80   00000040  00000040  00000000  RWIX
  GPIODAT               00006fc0   00000020  00000020  00000000  RWIX
  GPIOINT               00006fe0   00000020  0000000a  00000016  RWIX
  SYSTEM                00007010   00000020  0000001f  00000001  RWIX
  SPIA                  00007040   00000010  00000010  00000000  RWIX
  SCIA                  00007050   00000010  00000010  00000000  RWIX
  NMIINTRUPT            00007060   00000010  00000010  00000000  RWIX
  XINTRUPT              00007070   00000010  00000010  00000000  RWIX
  ADC                   00007100   00000080  00000051  0000002f  RWIX
  I2CA                  00007900   00000040  00000022  0000001e  RWIX
  dataRAM               00008800   00000800  000007fe  00000002  RWIX
  PARTID                003d7fff   00000001  00000001  00000000  RWIX
  FLASHB                003f4000   00002000  00000000  00002000  RWIX
  CSM_PWL               003f7ff8   00000008  00000008  00000000  RWIX


SECTION ALLOCATION MAP

 output                                  attributes/
section   page    origin      length       input sections
--------  ----  ----------  ----------   ----------------
.pinit     0    003f6000    00000000     UNINITIALIZED

ramfuncs   0    003f0000    00000240     RUN ADDR = 00008000
                  003f0000    0000021f     BurnInUnit_ISR.obj (ramfuncs)
                  003f021f    0000001d     DevInit_F2802x.obj (ramfuncs)
                  003f023c    00000004     DSP2802x_usDelay.obj (ramfuncs)

.text.1    0    003f0240    00001385     
                  003f0240    0000011d     Tmp.obj (.text)
                  003f035d    00000107     Cntl.obj (.text)
                  003f0464    000000ec     BurnInUnit_ISR.obj (.text)
                  003f0550    000000db     SCPI_respFmtr.obj (.text)
                  003f062b    000000cc     SCPI_buildTree.obj (.text)
                  003f06f7    000000c5     EnableCtrl.obj (.text)
                  003f07bc    000000c5     Spi.obj (.text)
                  003f0881    000000c4     SCPI_inputBuffer.obj (.text)
                  003f0945    000000c0     I2c.obj (.text)
                  003f0a05    000000b4     rts2800_ml.lib : log10.obj (.text)
                  003f0ab9    000000af     SCPI_outputQueue.obj (.text)
                  003f0b68    0000009e     rts2800_ml.lib : exp.obj (.text)
                  003f0c06    0000008d                    : _log.obj (.text)
                  003f0c93    00000088     SCPI_serialEmulation.obj (.text)
                  003f0d1b    00000087     Sci.obj (.text)
                  003f0da2    00000083     rts2800_ml.lib : fd_mpy.obj (.text)
                  003f0e25    00000083                    : fs_div.obj (.text)
                  003f0ea8    00000083                    : pow.obj (.text)
                  003f0f2b    0000007f     SCPI_parser.obj (.text)
                  003f0faa    0000007b     StateMachine.obj (.text)
                  003f1025    00000078     rts2800_ml.lib : fs_add.obj (.text)
                  003f109d    00000061     I2c.obj (.text:retain)
                  003f10fe    0000005c     PWM_2ch_UpCnt_Cnf.obj (.text)
                  003f115a    0000005a     rts2800_ml.lib : fs_mpy.obj (.text)
                  003f11b4    00000046     Main.obj (.text)
                  003f11fa    00000044     rts2800_ml.lib : boot.obj (.text)
                  003f123e    00000043     Spi.obj (.text:retain)
                  003f1281    00000041     rts2800_ml.lib : ldexp.obj (.text)
                  003f12c2    00000038     Sci.obj (.text:retain)
                  003f12fa    00000031     rts2800_ml.lib : modf.obj (.text)
                  003f132b    0000002c     SCPI_execCtrl.obj (.text)
                  003f1357    0000002c     Pwm.obj (.text:retain)
                  003f1383    0000002a     rts2800_ml.lib : l_div.obj (.text)
                  003f13ad    00000029                    : fs_tol.obj (.text)
                  003f13d6    00000025                    : fs_toi.obj (.text)
                  003f13fb    00000022                    : i_div.obj (.text)
                  003f141d    00000021                    : fd_toi.obj (.text)
                  003f143e    0000001f                    : fd_tol.obj (.text)
                  003f145d    0000001d                    : fs_tou.obj (.text)
                  003f147a    0000001c                    : fs_tofd.obj (.text)
                  003f1496    0000001b     C28x_SGEN_Lib_fixed.lib : sgti1c.obj (.text)
                  003f14b1    0000001a     rts2800_ml.lib : i_tofs.obj (.text)
                  003f14cb    0000001a                    : l_tofs.obj (.text)
                  003f14e5    00000019                    : args_main.obj (.text)
                  003f14fe    00000019                    : exit.obj (.text)
                  003f1517    00000017     slaveMode.obj (.text:retain)
                  003f152e    00000017     rts2800_ml.lib : fs_cmp.obj (.text)
                  003f1545    00000014                    : frexp.obj (.text)
                  003f1559    00000013     PhaseCtrl.obj (.text)
                  003f156c    00000013     rts2800_ml.lib : ul_tofs.obj (.text)
                  003f157f    00000010     Timers.obj (.text)
                  003f158f    00000010     rts2800_ml.lib : u_tofs.obj (.text)
                  003f159f    0000000b                    : u_div.obj (.text)
                  003f15aa    00000009                    : _lock.obj (.text)
                  003f15b3    00000008     DSP2802x_CodeStartBranch.obj (.text)
                  003f15bb    00000005     DevInit_F2802x.obj (.text:retain)
                  003f15c0    00000005     rts2800_ml.lib : fs_neg.obj (.text)

.text.2    0    003f2000    00001ffe     
                  003f2000    0000071d     SCPI_specificCmds.obj (.text)
                  003f271d    000003b4     Adc.obj (.text)
                  003f2ad1    000001ee     SCPI_msgEPCtrl.obj (.text)
                  003f2cbf    000001e9     SCPI_lexer.obj (.text)
                  003f2ea8    000001e5     SCPI_string.obj (.text)
                  003f308d    000001d3     SCPI_status.obj (.text)
                  003f3260    000001c1     SineGen.obj (.text)
                  003f3421    000001bf     ADC_SOC_Cnf.obj (.text)
                  003f35e0    000001ae     SlewControl.obj (.text)
                  003f378e    000001a0     SCPI_commonCmds.obj (.text)
                  003f392e    0000017e     SCPI_requiredCmds.obj (.text)
                  003f3aac    00000154     Pwm.obj (.text)
                  003f3c00    00000153     rts2800_ml.lib : strtod.obj (.text)
                  003f3d53    00000147     MacroNets.obj (.text)
                  003f3e9a    00000136     DevInit_F2802x.obj (.text)
                  003f3fd0    0000002e     slaveMode.obj (.text)

.econst    0    003f6000    00000440     
                  003f6000    0000018f     SCPI_specificCmds.obj (.econst:.string)
                  003f618f    00000101     rts2800_ml.lib : ctype.obj (.econst:.string:__ctypes_)
                  003f6290    0000007e     SCPI_requiredCmds.obj (.econst:.string)
                  003f630e    0000005b     SCPI_commonCmds.obj (.econst:.string)
                  003f6369    00000001     Sci.obj (.econst)
                  003f636a    0000002f     SCPI_serialEmulation.obj (.econst:.string)
                  003f6399    00000001     Spi.obj (.econst)
                  003f639a    00000024     Cntl.obj (.econst:_$P$T0$1)
                  003f63be    00000014     rts2800_ml.lib : strtod.obj (.econst:_digits)
                  003f63d2    00000010     Adc.obj (.econst:_$P$T0$1)
                  003f63e2    00000010     Adc.obj (.econst:_$P$T1$2)
                  003f63f2    00000010     Adc.obj (.econst:_$P$T2$3)
                  003f6402    0000000c     Adc.obj (.econst)
                  003f640e    0000000c     rts2800_ml.lib : strtod.obj (.econst:_powerof10)
                  003f641a    00000008     SCPI_lexer.obj (.econst:.string)
                  003f6422    00000008     Cntl.obj (.econst)
                  003f642a    00000005     SCPI_buildTree.obj (.econst:.string)
                  003f642f    00000001     --HOLE-- [fill = 0]
                  003f6430    00000004     SCPI_string.obj (.econst:.string)
                  003f6434    00000004     SineGen.obj (.econst)
                  003f6438    00000004     SlewControl.obj (.econst)
                  003f643c    00000004     Tmp.obj (.econst)

.cinit     0    003f6440    000001af     
                  003f6440    00000081     Cntl.obj (.cinit)
                  003f64c1    0000002d     SCPI_string.obj (.cinit)
                  003f64ee    00000022     SCPI_msgEPCtrl.obj (.cinit)
                  003f6510    0000001d     SineGen.obj (.cinit)
                  003f652d    00000011     I2c.obj (.cinit)
                  003f653e    00000010     SCPI_inputBuffer.obj (.cinit)
                  003f654e    00000010     SCPI_respFmtr.obj (.cinit)
                  003f655e    0000000f     SCPI_lexer.obj (.cinit)
                  003f656d    0000000d     MacroNets.obj (.cinit)
                  003f657a    0000000d     Main.obj (.cinit)
                  003f6587    0000000c     EnableCtrl.obj (.cinit)
                  003f6593    0000000c     Pwm.obj (.cinit)
                  003f659f    0000000c     SCPI_outputQueue.obj (.cinit)
                  003f65ab    0000000c     Tmp.obj (.cinit)
                  003f65b7    0000000a     rts2800_ml.lib : _lock.obj (.cinit)
                  003f65c1    0000000a                    : exit.obj (.cinit)
                  003f65cb    00000009     SCPI_buildTree.obj (.cinit)
                  003f65d4    00000008     SCPI_parser.obj (.cinit)
                  003f65dc    00000005     PhaseCtrl.obj (.cinit)
                  003f65e1    00000004     SCPI_specificCmds.obj (.cinit)
                  003f65e5    00000004     rts2800_ml.lib : errno.obj (.cinit)
                  003f65e9    00000004     slaveMode.obj (.cinit)
                  003f65ed    00000002     --HOLE-- [fill = 0]

IQmath     0    003f65ef    00000064     
                  003f65ef    00000014     IQmath.lib : IQ10toF.obj (IQmath)
                  003f6603    00000014                : IQ14toF.obj (IQmath)
                  003f6617    00000014                : IQ15toF.obj (IQmath)
                  003f662b    00000014                : IQ24toF.obj (IQmath)
                  003f663f    00000014                : IQ26toF.obj (IQmath)

codestart 
*          0    003f7ff6    00000002     
                  003f7ff6    00000002     DSP2802x_CodeStartBranch.obj (codestart)

.reset     0    003fffc0    00000002     DSECT
                  003fffc0    00000002     rts2800_ml.lib : boot.obj (.reset)

vectors    0    003fffc2    00000000     DSECT

.stack     1    00000050    00000380     UNINITIALIZED
                  00000050    00000380     --HOLE--

.ebss.1    1    00000400    000000a5     UNINITIALIZED
                  00000400    000000a4     SCPI_msgEPCtrl.obj (.ebss)
                  000004a4    00000001     slaveMode.obj (.ebss)

.ebss.2    1    000004c0    000000a4     UNINITIALIZED
                  000004c0    000000a4     SCPI_outputQueue.obj (.ebss)

.ebss.3    1    00000580    0000007e     UNINITIALIZED
                  00000580    0000007e     Cntl.obj (.ebss)

.ebss.4    1    00000600    0000002e     UNINITIALIZED
                  00000600    0000002e     SCPI_respFmtr.obj (.ebss)

.ebss.5    1    00000640    00000027     UNINITIALIZED
                  00000640    00000027     SCPI_string.obj (.ebss)

.ebss.6    1    00000680    00000025     UNINITIALIZED
                  00000680    00000025     SCPI_status.obj (.ebss)

DevEmuRegsFile 
*          1    00000880    00000004     UNINITIALIZED
                  00000880    00000004     DSP2802x_GlobalVariableDefs.obj (DevEmuRegsFile)

SysPwrCtrlRegsFile 
*          1    00000985    00000003     UNINITIALIZED
                  00000985    00000003     DSP2802x_GlobalVariableDefs.obj (SysPwrCtrlRegsFile)

FlashRegsFile 
*          1    00000a80    00000008     UNINITIALIZED
                  00000a80    00000008     DSP2802x_GlobalVariableDefs.obj (FlashRegsFile)

CsmRegsFile 
*          1    00000ae0    00000010     UNINITIALIZED
                  00000ae0    00000010     DSP2802x_GlobalVariableDefs.obj (CsmRegsFile)

AdcResultFile 
*          1    00000b00    00000020     UNINITIALIZED
                  00000b00    00000020     DSP2802x_GlobalVariableDefs.obj (AdcResultFile)

CpuTimer0RegsFile 
*          1    00000c00    00000008     UNINITIALIZED
                  00000c00    00000008     DSP2802x_GlobalVariableDefs.obj (CpuTimer0RegsFile)

CpuTimer1RegsFile 
*          1    00000c08    00000008     UNINITIALIZED
                  00000c08    00000008     DSP2802x_GlobalVariableDefs.obj (CpuTimer1RegsFile)

CpuTimer2RegsFile 
*          1    00000c10    00000008     UNINITIALIZED
                  00000c10    00000008     DSP2802x_GlobalVariableDefs.obj (CpuTimer2RegsFile)

PieCtrlRegsFile 
*          1    00000ce0    0000001a     UNINITIALIZED
                  00000ce0    0000001a     DSP2802x_GlobalVariableDefs.obj (PieCtrlRegsFile)

PieVectTableFile 
*          1    00000d00    00000100     UNINITIALIZED
                  00000d00    00000100     DSP2802x_GlobalVariableDefs.obj (PieVectTableFile)

EmuKeyVar 
*          1    00000d00    00000001     UNINITIALIZED
                  00000d00    00000001     DSP2802x_GlobalVariableDefs.obj (EmuKeyVar)

EmuBModeVar 
*          1    00000d01    00000001     UNINITIALIZED
                  00000d01    00000001     DSP2802x_GlobalVariableDefs.obj (EmuBModeVar)

FlashCallbackVar 
*          1    00000d02    00000002     UNINITIALIZED
                  00000d02    00000002     DSP2802x_GlobalVariableDefs.obj (FlashCallbackVar)

FlashScalingVar 
*          1    00000d04    00000002     UNINITIALIZED
                  00000d04    00000002     DSP2802x_GlobalVariableDefs.obj (FlashScalingVar)

Comp1RegsFile 
*          1    00006400    00000014     UNINITIALIZED
                  00006400    00000014     DSP2802x_GlobalVariableDefs.obj (Comp1RegsFile)

Comp2RegsFile 
*          1    00006420    00000014     UNINITIALIZED
                  00006420    00000014     DSP2802x_GlobalVariableDefs.obj (Comp2RegsFile)

EPwm1RegsFile 
*          1    00006800    0000003a     UNINITIALIZED
                  00006800    0000003a     DSP2802x_GlobalVariableDefs.obj (EPwm1RegsFile)

EPwm2RegsFile 
*          1    00006840    0000003a     UNINITIALIZED
                  00006840    0000003a     DSP2802x_GlobalVariableDefs.obj (EPwm2RegsFile)

EPwm3RegsFile 
*          1    00006880    0000003a     UNINITIALIZED
                  00006880    0000003a     DSP2802x_GlobalVariableDefs.obj (EPwm3RegsFile)

EPwm4RegsFile 
*          1    000068c0    0000003a     UNINITIALIZED
                  000068c0    0000003a     DSP2802x_GlobalVariableDefs.obj (EPwm4RegsFile)

ECap1RegsFile 
*          1    00006a00    00000020     UNINITIALIZED
                  00006a00    00000020     DSP2802x_GlobalVariableDefs.obj (ECap1RegsFile)

GpioCtrlRegsFile 
*          1    00006f80    00000040     UNINITIALIZED
                  00006f80    00000040     DSP2802x_GlobalVariableDefs.obj (GpioCtrlRegsFile)

GpioDataRegsFile 
*          1    00006fc0    00000020     UNINITIALIZED
                  00006fc0    00000020     DSP2802x_GlobalVariableDefs.obj (GpioDataRegsFile)

GpioIntRegsFile 
*          1    00006fe0    0000000a     UNINITIALIZED
                  00006fe0    0000000a     DSP2802x_GlobalVariableDefs.obj (GpioIntRegsFile)

SysCtrlRegsFile 
*          1    00007010    0000001f     UNINITIALIZED
                  00007010    0000001f     DSP2802x_GlobalVariableDefs.obj (SysCtrlRegsFile)

SpiaRegsFile 
*          1    00007040    00000010     UNINITIALIZED
                  00007040    00000010     DSP2802x_GlobalVariableDefs.obj (SpiaRegsFile)

SciaRegsFile 
*          1    00007050    00000010     UNINITIALIZED
                  00007050    00000010     DSP2802x_GlobalVariableDefs.obj (SciaRegsFile)

NmiIntruptRegsFile 
*          1    00007060    00000010     UNINITIALIZED
                  00007060    00000010     DSP2802x_GlobalVariableDefs.obj (NmiIntruptRegsFile)

XIntruptRegsFile 
*          1    00007070    00000010     UNINITIALIZED
                  00007070    00000010     DSP2802x_GlobalVariableDefs.obj (XIntruptRegsFile)

AdcRegsFile 
*          1    00007100    00000051     UNINITIALIZED
                  00007100    00000051     DSP2802x_GlobalVariableDefs.obj (AdcRegsFile)

I2caRegsFile 
*          1    00007900    00000022     UNINITIALIZED
                  00007900    00000022     DSP2802x_GlobalVariableDefs.obj (I2caRegsFile)

SINTBL     1    00008800    00000101     
                  00008800    00000101     C28x_SGEN_Lib_fixed.lib : SINTB360.obj (SINTBL)

CNTL_3P3Z_Section 
*          1    00008902    0000002c     UNINITIALIZED
                  00008902    0000002c     BurnInUnit_ISR.obj (CNTL_3P3Z_Section)

PWMDRV_2ch_UpCnt_Section 
*          1    0000892e    00000012     UNINITIALIZED
                  0000892e    00000012     BurnInUnit_ISR.obj (PWMDRV_2ch_UpCnt_Section)

CNTL_2P2Z_Section 
*          1    00008940    0000005a     UNINITIALIZED
                  00008940    0000005a     BurnInUnit_ISR.obj (CNTL_2P2Z_Section)

CNTL_3P3Z_Coef 
*          1    0000899a    00000024     UNINITIALIZED
                  0000899a    00000024     Cntl.obj (CNTL_3P3Z_Coef)

ZeroNet_Section 
*          1    000089be    00000002     UNINITIALIZED
                  000089be    00000002     BurnInUnit_ISR.obj (ZeroNet_Section)

CNTL_2P2Z_Coef 
*          1    000089c0    00000046     UNINITIALIZED
                  000089c0    00000046     Cntl.obj (CNTL_2P2Z_Coef)

ADCDRV_1ch_Section 
*          1    00008a06    0000001a     UNINITIALIZED
                  00008a06    0000001a     BurnInUnit_ISR.obj (ADCDRV_1ch_Section)

SGENTI_1ch_Struct 
*          1    00008a20    00000008     UNINITIALIZED
                  00008a20    00000008     SineGen.obj (SGENTI_1ch_Struct)

ISR_Section 
*          1    00008a28    00000003     UNINITIALIZED
                  00008a28    00000003     BurnInUnit_ISR.obj (ISR_Section)

.ebss.7    1    00008a2c    000005d4     UNINITIALIZED
                  00008a2c    0000000e     I2c.obj (.ebss)
                  00008a3a    00000006     SineGen.obj (.ebss)
                  00008a40    00000370     SCPI_buildTree.obj (.ebss)
                  00008db0    0000000b     EnableCtrl.obj (.ebss)
                  00008dbb    00000001     SCPI_specificCmds.obj (.ebss)
                  00008dbc    00000004     rts2800_ml.lib : _lock.obj (.ebss)
                  00008dc0    0000013c     MacroNets.obj (.ebss)
                  00008efc    00000004     rts2800_ml.lib : exit.obj (.ebss)
                  00008f00    000000a4     SCPI_inputBuffer.obj (.ebss)
                  00008fa4    0000000a     Main.obj (.ebss)
                  00008fae    0000000a     Tmp.obj (.ebss)
                  00008fb8    00000008     StateMachine.obj (.ebss)
                  00008fc0    00000038     SCPI_lexer.obj (.ebss)
                  00008ff8    00000003     Pwm.obj (.ebss)
                  00008ffb    00000001     rts2800_ml.lib : errno.obj (.ebss)
                  00008ffc    00000002     PhaseCtrl.obj (.ebss)
                  00008ffe    00000002     SCPI_parser.obj (.ebss)

PartIdRegsFile 
*          1    003d7fff    00000001     UNINITIALIZED
                  003d7fff    00000001     DSP2802x_GlobalVariableDefs.obj (PartIdRegsFile)

CsmPwlFile 
*          1    003f7ff8    00000008     UNINITIALIZED
                  003f7ff8    00000008     DSP2802x_GlobalVariableDefs.obj (CsmPwlFile)


GLOBAL SYMBOLS: SORTED ALPHABETICALLY BY Name 

address    name
--------   ----
ffffffff   .text
003f14fe   C$$EXIT
003f0da2   FD$$MPY
003f141d   FD$$TOI
003f143e   FD$$TOL
003f102a   FS$$ADD
003f152e   FS$$CMP
003f0e25   FS$$DIV
003f115a   FS$$MPY
003f15c0   FS$$NEG
003f1025   FS$$SUB
003f147a   FS$$TOFD
003f13d6   FS$$TOI
003f13ad   FS$$TOL
003f145d   FS$$TOU
003f13fb   I$$DIV
003f140c   I$$MOD
003f14b1   I$$TOFS
003f1383   L$$DIV
003f1392   L$$MOD
003f14cb   L$$TOFS
00008800   SINTAB_360
003f159f   U$$DIV
003f15a4   U$$MOD
003f158f   U$$TOFS
003f13a0   UL$$DIV
003f13a7   UL$$MOD
003f156c   UL$$TOFS
00008a06   _ADCDRV_1ch_Rlt1
00008a18   _ADCDRV_1ch_Rlt10
00008a1a   _ADCDRV_1ch_Rlt11
00008a1c   _ADCDRV_1ch_Rlt12
00008a1e   _ADCDRV_1ch_Rlt13
00008a08   _ADCDRV_1ch_Rlt2
00008a0a   _ADCDRV_1ch_Rlt3
00008a0c   _ADCDRV_1ch_Rlt4
00008a0e   _ADCDRV_1ch_Rlt5
00008a10   _ADCDRV_1ch_Rlt6
00008a12   _ADCDRV_1ch_Rlt7
00008a14   _ADCDRV_1ch_Rlt8
00008a16   _ADCDRV_1ch_Rlt9
003f3421   _ADC_SOC_CNF
00007100   _AdcRegs
00000b00   _AdcResult
00008fbe   _Alpha_State_Ptr
003f3916   _CLS
00008946   _CNTL_2P2Z_Coef1
00008958   _CNTL_2P2Z_Coef2
0000896a   _CNTL_2P2Z_Coef3
0000897c   _CNTL_2P2Z_Coef4
0000898e   _CNTL_2P2Z_Coef5
00008948   _CNTL_2P2Z_DBUFF1
0000895a   _CNTL_2P2Z_DBUFF2
0000896c   _CNTL_2P2Z_DBUFF3
00008980   _CNTL_2P2Z_DBUFF4
00008990   _CNTL_2P2Z_DBUFF5
00008942   _CNTL_2P2Z_Fdbk1
00008954   _CNTL_2P2Z_Fdbk2
00008966   _CNTL_2P2Z_Fdbk3
00008978   _CNTL_2P2Z_Fdbk4
0000898a   _CNTL_2P2Z_Fdbk5
00008944   _CNTL_2P2Z_Out1
00008956   _CNTL_2P2Z_Out2
00008968   _CNTL_2P2Z_Out3
0000897a   _CNTL_2P2Z_Out4
0000898c   _CNTL_2P2Z_Out5
00008940   _CNTL_2P2Z_Ref1
00008952   _CNTL_2P2Z_Ref2
00008964   _CNTL_2P2Z_Ref3
00008976   _CNTL_2P2Z_Ref4
0000897e   _CNTL_2P2Z_Ref5
00008908   _CNTL_3P3Z_Coef1
0000891e   _CNTL_3P3Z_Coef2
0000890a   _CNTL_3P3Z_DBUFF1
00008920   _CNTL_3P3Z_DBUFF2
00008904   _CNTL_3P3Z_Fdbk1
0000891a   _CNTL_3P3Z_Fdbk2
00008906   _CNTL_3P3Z_Out1
0000891c   _CNTL_3P3Z_Out2
00008902   _CNTL_3P3Z_Ref1
00008918   _CNTL_3P3Z_Ref2
00006400   _Comp1Regs
00006420   _Comp2Regs
00000c00   _CpuTimer0Regs
00000c08   _CpuTimer1Regs
00000c10   _CpuTimer2Regs
003f7ff8   _CsmPwl
00000ae0   _CsmRegs
003f0d15   _DCL
003f0d13   _DFC
003f11f2   _DLOG_BuffInit
00008000   _DPL_ISR
003f0464   _DPL_Init
0000823c   _DSP28x_usDelay
00000880   _DevEmuRegs
003f3f15   _DeviceInit
00006a00   _ECap1Regs
00006800   _EPwm1Regs
00006840   _EPwm2Regs
00006880   _EPwm3Regs
000068c0   _EPwm4Regs
003f38e8   _ESE
003f38de   _ESR
00000d01   _EmuBMode
00000d00   _EmuKey
00000a80   _FlashRegs
00000d04   _Flash_CPUScaleFactor
00000d02   _Flash_CallbackPtr
003f0d0d   _GET
003f0d0b   _GTL
00006f80   _GpioCtrlRegs
00006fc0   _GpioDataRegs
00006fe0   _GpioIntRegs
003f0d09   _HFC
00007900   _I2caRegs
003f389b   _IDN
003f15bb   _ISR_ILLEGAL
0000821f   _InitFlash
003f0d07   _LLO
003f3f04   _MemCopy
00007060   _NmiIntruptRegs
003f3888   _OPC
00008ffc   _PHASE_CTRL_In
003f3ed2   _PLLset
003f0d05   _POL
0000892e   _PWMDRV_2ch_UpCnt_Duty1A
00008930   _PWMDRV_2ch_UpCnt_Duty1B
00008934   _PWMDRV_2ch_UpCnt_Duty2A
00008936   _PWMDRV_2ch_UpCnt_Duty2B
0000893a   _PWMDRV_2ch_UpCnt_Duty3A
0000893c   _PWMDRV_2ch_UpCnt_Duty3B
00008932   _PWMDRV_2ch_UpCnt_Period1
00008938   _PWMDRV_2ch_UpCnt_Period2
0000893e   _PWMDRV_2ch_UpCnt_Period3
003f10fe   _PWM_2ch_UpCnt_CNF
003d7fff   _PartIdRegs
003f3eb3   _PieCntlInit
00000ce0   _PieCtrlRegs
00000d00   _PieVectTable
003f3ea2   _PieVectTableInit
003f3884   _RST
003f0240   _RamfuncsLoadEnd
003f0000   _RamfuncsLoadStart
00008000   _RamfuncsRunStart
003f0d03   _SFC
003f1496   _SGENTI_1_calc
00008a3c   _SGENTI_1ch_Sign
00008a3e   _SGENTI_1ch_VOut
003f3854   _SRE
003f0d01   _SRQ
003f383e   _STB
00007050   _SciaRegs
00000681   _ScpiRegs
00007040   _SpiaRegs
00007010   _SysCtrlRegs
00000985   _SysPwrCtrlRegs
003f382b   _TST
003f3829   _WAI
003f3e9a   _WDogDisable
00007070   _XIntruptRegs
003f65ef   __IQ10toF
003f6603   __IQ14toF
003f6617   __IQ15toF
003f662b   __IQ24toF
003f663f   __IQ26toF
000003d0   __STACK_END
00000380   __STACK_SIZE
00000001   __TI_args_main
ffffffff   ___binit__
ffffffff   ___c_args__
003f6440   ___cinit__
ffffffff   ___etext__
ffffffff   ___pinit__
ffffffff   ___text__
003f14e5   __args_main
00008efc   __cleanup_ptr
003f618f   __ctypes_
00008efe   __dtors_ptr
00008dbe   __lock
003f0c06   __log
003f15b2   __nop
003f15ae   __register_lock
003f15aa   __register_unlock
00000050   __stack
00008dbc   __unlock
003f14fe   _abort
003f2ac1   _adcCheckOcp
003f2ab1   _adcCheckOvp
003f2a89   _adcCompConfigure
003f2a66   _adcGetCurrent
003f2a0d   _adcGetDac
003f29f8   _adcGetIScale
003f29c3   _adcGetOcp
003f297f   _adcGetOvp
003f296a   _adcGetVScale
003f2947   _adcGetVoltage
003f2942   _adcMacroConfigure
003f28e0   _adcSetDac
003f287b   _adcSetIScale
003f2813   _adcSetOcp
003f27a2   _adcSetOvp
003f273d   _adcSetVScale
003f271d   _adcSocCnf
003f306c   _breakString
003f06ce   _buildScpiTree
003f11fa   _c_int00
003f271b   _calAll
00008e00   _channel
003f0881   _clearIBuff
003f0ab9   _clearOQueue
003f324f   _clearOperCondRegs
003f3240   _clearQuesCondRegs
003f042c   _cntlGetCoef
003f03b5   _cntlSetCoef
003f035d   _cntlUpdateCoefs
000089c0   _coefs2
0000899a   _coefs3
003f323b   _commandError
00008ff8   _comp1Trig
00008ffa   _comp2Trig
003f2719   _contIdleInit
003f0b61   _dataOnOQueue
003f0cff   _ddd
003f3236   _deviceError
003f2f5e   _dtoa
00008fa4   _ePWM
003f0792   _ecDisable
003f0769   _ecEnable
003f0708   _ecInit
003f06f7   _ecReset
00008dc0   _enableAll
00008ffb   _errno
003f1330   _execCtrl
003f3231   _executionError
003f1500   _exit
003f0b68   _exp
003f1545   _frexp
003f3ffa   _getSlaveMode
003f09dd   _i2cInit
00008a2c   _i2cIsrErr
00008a30   _i2cMsgBlank
003f09be   _i2cPopMsg
003f0945   _i2cRead
003f097b   _i2cWrite
003f3fd0   _initSlaveModeDetect
003f2717   _inpStat
003f26f8   _instCat
003f26cf   _instNsel
003f26cd   _instStat
003f2f1c   _itoa
003f1281   _ldexp
003f2dfa   _lexProgramMsg
003f0a05   _log10
003f11b4   _main
003f26b4   _measCurr
003f269b   _measTemp
003f2682   _measVolt
003f3dbf   _mnConnectNets
003f3db2   _mnRunAll
003f3d61   _mnSetupChannels
003f3d53   _mnStopAll
003f12fa   _modf
00000404   _msgs
00008dbb   _nSel
003f322c   _operationComplete
003f2680   _outpStat
003f0f7f   _parseMsgUnit
003f1559   _pcUpdate
003f08ff   _popIBuff
003f0b31   _popOQueue
003f0ea8   _pow
003f08a1   _pushIBuff
003f0add   _pushOQueue
003f3be3   _pwmDPLTrigInit
003f3bba   _pwmGetFreq
003f3ba1   _pwmMacroConfigure
003f3b8c   _pwmRstTz
003f3b54   _pwmSetFreq
003f3b43   _pwmSocConfigure
003f3aac   _pwmTzConfigure
003f3227   _queryError
003f3215   _readOISumEven
003f3203   _readQISumEven
003f0653   _registerChild
003f378e   _registerCommonCommands
003f2286   _registerDeviceCommands
003f0c93   _registerEmulationCommands
003f39dc   _registerRequiredCommands
003f31fe   _requestControl
003f132b   _resetExecCtrl
003f0899   _resetIBuff
003f2cde   _resetLexer
003f0ad5   _resetOQueue
003f0f2b   _resetParser
003f0625   _resetRespFmtr
003f05bb   _respFmtr
003f0550   _respond
003f377c   _scGetState
003f3746   _scGetStep
003f36ff   _scGetTarget
003f36ec   _scSetState
003f36dd   _scSetStateAll
003f3677   _scSetStep
003f36cb   _scSetStepAll
003f360a   _scSetTarget
003f3665   _scSetTargetAll
003f35e0   _scSlewUpdate
003f0d3a   _sciInit
003f0d1b   _sciTx
003f2b27   _scpi
003f2ad1   _scpiChangeIOTx
003f2af6   _scpiInit
003f2ada   _scpiReset
003f2b0f   _scpiTest
003f31bb   _setOISumBit
003f3178   _setQISumBit
003f33f7   _sgGainUpdate
003f33ce   _sgGetFreq
003f33c3   _sgGetGainTarget
003f33b7   _sgGetOffset
003f33ae   _sgGetRectify
003f338e   _sgGetResolution
003f3385   _sgGetState
003f3371   _sgInit
003f3345   _sgSetFreq
003f3317   _sgSetGainTarget
003f32d5   _sgSetInitialPhase
003f32a7   _sgSetOffset
003f329e   _sgSetRectify
003f3295   _sgSetState
003f3260   _sgUpdate
003f062b   _shortenName
00008a20   _sigGen
003f0faa   _smInit
003f224e   _sourCurrCoef
003f2223   _sourCurrLev
003f2209   _sourCurrLim
003f21e9   _sourCurrProt
003f21c9   _sourCurrRang
003f219e   _sourCurrSlew
003f217b   _sourFreqFix
003f215a   _sourFreqGain
003f2139   _sourFreqOffs
003f2119   _sourTempProt
003f20e0   _sourVoltCoef
003f20b4   _sourVoltLev
003f209a   _sourVoltLim
003f207a   _sourVoltProt
003f205a   _sourVoltRang
003f202e   _sourVoltSlew
003f07e1   _spiInit
003f07bc   _spiTx
003f39d3   _statOperCond
003f39a5   _statOperEnab
003f3994   _statOperEven
003f398e   _statPres
003f3985   _statQuesCond
003f202c   _statQuesCurrCond
003f202a   _statQuesCurrEnab
003f2028   _statQuesCurrEven
003f3957   _statQuesEnab
003f2026   _statQuesEthCond
003f2024   _statQuesEthEnab
003f2022   _statQuesEthEven
003f3946   _statQuesEven
003f2020   _statQuesIicbCond
003f201e   _statQuesIicbEnab
003f201c   _statQuesIicbEven
003f201a   _statQuesScinCond
003f2018   _statQuesScinEnab
003f2016   _statQuesScinEven
003f2014   _statQuesTempCond
003f2012   _statQuesTempEnab
003f2010   _statQuesTempEven
003f200e   _statQuesVoltCond
003f200c   _statQuesVoltEnab
003f200a   _statQuesVoltEven
00008dc1   _stopAll
003f2f13   _strcat
003f2ea8   _strchr
003f2eff   _strcmp
003f2ef9   _strcpy
003f2ec1   _strcspn
003f2eb2   _strspn
003f3c00   _strtod
003f2ef1   _strtok
003f2ed0   _strtok_r
003f2008   _systCommScinBaud
003f2006   _systCommScinDbit
003f2004   _systCommScinEcho
003f2002   _systCommScinPar
003f2000   _systCommScinSbit
003f393c   _systErrNext
003f392e   _systVers
003f157f   _timersSetupReal
003f0328   _tmpCheckOtp
003f030b   _tmpGetOtp
003f02e1   _tmpInit
003f027c   _tmpRead
003f0240   _tmpSetOtp
00008a80   _tree
003f30da   _updateESB
003f30e8   _updateMAV
003f3170   _updateMSS
003f30ca   _updateOPER
003f308d   _updateOperReg
003f3129   _updateQUES
003f30fa   _updateQuesReg
003f3139   _updateSTB
ffffffff   binit
003f6440   cinit
003f7ff6   code_start
ffffffff   etext
ffffffff   pinit


GLOBAL SYMBOLS: SORTED BY Symbol Address 

address    name
--------   ----
00000001   __TI_args_main
00000050   __stack
00000380   __STACK_SIZE
000003d0   __STACK_END
00000404   _msgs
00000681   _ScpiRegs
00000880   _DevEmuRegs
00000985   _SysPwrCtrlRegs
00000a80   _FlashRegs
00000ae0   _CsmRegs
00000b00   _AdcResult
00000c00   _CpuTimer0Regs
00000c08   _CpuTimer1Regs
00000c10   _CpuTimer2Regs
00000ce0   _PieCtrlRegs
00000d00   _EmuKey
00000d00   _PieVectTable
00000d01   _EmuBMode
00000d02   _Flash_CallbackPtr
00000d04   _Flash_CPUScaleFactor
00006400   _Comp1Regs
00006420   _Comp2Regs
00006800   _EPwm1Regs
00006840   _EPwm2Regs
00006880   _EPwm3Regs
000068c0   _EPwm4Regs
00006a00   _ECap1Regs
00006f80   _GpioCtrlRegs
00006fc0   _GpioDataRegs
00006fe0   _GpioIntRegs
00007010   _SysCtrlRegs
00007040   _SpiaRegs
00007050   _SciaRegs
00007060   _NmiIntruptRegs
00007070   _XIntruptRegs
00007100   _AdcRegs
00007900   _I2caRegs
00008000   _DPL_ISR
00008000   _RamfuncsRunStart
0000821f   _InitFlash
0000823c   _DSP28x_usDelay
00008800   SINTAB_360
00008902   _CNTL_3P3Z_Ref1
00008904   _CNTL_3P3Z_Fdbk1
00008906   _CNTL_3P3Z_Out1
00008908   _CNTL_3P3Z_Coef1
0000890a   _CNTL_3P3Z_DBUFF1
00008918   _CNTL_3P3Z_Ref2
0000891a   _CNTL_3P3Z_Fdbk2
0000891c   _CNTL_3P3Z_Out2
0000891e   _CNTL_3P3Z_Coef2
00008920   _CNTL_3P3Z_DBUFF2
0000892e   _PWMDRV_2ch_UpCnt_Duty1A
00008930   _PWMDRV_2ch_UpCnt_Duty1B
00008932   _PWMDRV_2ch_UpCnt_Period1
00008934   _PWMDRV_2ch_UpCnt_Duty2A
00008936   _PWMDRV_2ch_UpCnt_Duty2B
00008938   _PWMDRV_2ch_UpCnt_Period2
0000893a   _PWMDRV_2ch_UpCnt_Duty3A
0000893c   _PWMDRV_2ch_UpCnt_Duty3B
0000893e   _PWMDRV_2ch_UpCnt_Period3
00008940   _CNTL_2P2Z_Ref1
00008942   _CNTL_2P2Z_Fdbk1
00008944   _CNTL_2P2Z_Out1
00008946   _CNTL_2P2Z_Coef1
00008948   _CNTL_2P2Z_DBUFF1
00008952   _CNTL_2P2Z_Ref2
00008954   _CNTL_2P2Z_Fdbk2
00008956   _CNTL_2P2Z_Out2
00008958   _CNTL_2P2Z_Coef2
0000895a   _CNTL_2P2Z_DBUFF2
00008964   _CNTL_2P2Z_Ref3
00008966   _CNTL_2P2Z_Fdbk3
00008968   _CNTL_2P2Z_Out3
0000896a   _CNTL_2P2Z_Coef3
0000896c   _CNTL_2P2Z_DBUFF3
00008976   _CNTL_2P2Z_Ref4
00008978   _CNTL_2P2Z_Fdbk4
0000897a   _CNTL_2P2Z_Out4
0000897c   _CNTL_2P2Z_Coef4
0000897e   _CNTL_2P2Z_Ref5
00008980   _CNTL_2P2Z_DBUFF4
0000898a   _CNTL_2P2Z_Fdbk5
0000898c   _CNTL_2P2Z_Out5
0000898e   _CNTL_2P2Z_Coef5
00008990   _CNTL_2P2Z_DBUFF5
0000899a   _coefs3
000089c0   _coefs2
00008a06   _ADCDRV_1ch_Rlt1
00008a08   _ADCDRV_1ch_Rlt2
00008a0a   _ADCDRV_1ch_Rlt3
00008a0c   _ADCDRV_1ch_Rlt4
00008a0e   _ADCDRV_1ch_Rlt5
00008a10   _ADCDRV_1ch_Rlt6
00008a12   _ADCDRV_1ch_Rlt7
00008a14   _ADCDRV_1ch_Rlt8
00008a16   _ADCDRV_1ch_Rlt9
00008a18   _ADCDRV_1ch_Rlt10
00008a1a   _ADCDRV_1ch_Rlt11
00008a1c   _ADCDRV_1ch_Rlt12
00008a1e   _ADCDRV_1ch_Rlt13
00008a20   _sigGen
00008a2c   _i2cIsrErr
00008a30   _i2cMsgBlank
00008a3c   _SGENTI_1ch_Sign
00008a3e   _SGENTI_1ch_VOut
00008a80   _tree
00008dbb   _nSel
00008dbc   __unlock
00008dbe   __lock
00008dc0   _enableAll
00008dc1   _stopAll
00008e00   _channel
00008efc   __cleanup_ptr
00008efe   __dtors_ptr
00008fa4   _ePWM
00008fbe   _Alpha_State_Ptr
00008ff8   _comp1Trig
00008ffa   _comp2Trig
00008ffb   _errno
00008ffc   _PHASE_CTRL_In
003d7fff   _PartIdRegs
003f0000   _RamfuncsLoadStart
003f0240   _RamfuncsLoadEnd
003f0240   _tmpSetOtp
003f027c   _tmpRead
003f02e1   _tmpInit
003f030b   _tmpGetOtp
003f0328   _tmpCheckOtp
003f035d   _cntlUpdateCoefs
003f03b5   _cntlSetCoef
003f042c   _cntlGetCoef
003f0464   _DPL_Init
003f0550   _respond
003f05bb   _respFmtr
003f0625   _resetRespFmtr
003f062b   _shortenName
003f0653   _registerChild
003f06ce   _buildScpiTree
003f06f7   _ecReset
003f0708   _ecInit
003f0769   _ecEnable
003f0792   _ecDisable
003f07bc   _spiTx
003f07e1   _spiInit
003f0881   _clearIBuff
003f0899   _resetIBuff
003f08a1   _pushIBuff
003f08ff   _popIBuff
003f0945   _i2cRead
003f097b   _i2cWrite
003f09be   _i2cPopMsg
003f09dd   _i2cInit
003f0a05   _log10
003f0ab9   _clearOQueue
003f0ad5   _resetOQueue
003f0add   _pushOQueue
003f0b31   _popOQueue
003f0b61   _dataOnOQueue
003f0b68   _exp
003f0c06   __log
003f0c93   _registerEmulationCommands
003f0cff   _ddd
003f0d01   _SRQ
003f0d03   _SFC
003f0d05   _POL
003f0d07   _LLO
003f0d09   _HFC
003f0d0b   _GTL
003f0d0d   _GET
003f0d13   _DFC
003f0d15   _DCL
003f0d1b   _sciTx
003f0d3a   _sciInit
003f0da2   FD$$MPY
003f0e25   FS$$DIV
003f0ea8   _pow
003f0f2b   _resetParser
003f0f7f   _parseMsgUnit
003f0faa   _smInit
003f1025   FS$$SUB
003f102a   FS$$ADD
003f10fe   _PWM_2ch_UpCnt_CNF
003f115a   FS$$MPY
003f11b4   _main
003f11f2   _DLOG_BuffInit
003f11fa   _c_int00
003f1281   _ldexp
003f12fa   _modf
003f132b   _resetExecCtrl
003f1330   _execCtrl
003f1383   L$$DIV
003f1392   L$$MOD
003f13a0   UL$$DIV
003f13a7   UL$$MOD
003f13ad   FS$$TOL
003f13d6   FS$$TOI
003f13fb   I$$DIV
003f140c   I$$MOD
003f141d   FD$$TOI
003f143e   FD$$TOL
003f145d   FS$$TOU
003f147a   FS$$TOFD
003f1496   _SGENTI_1_calc
003f14b1   I$$TOFS
003f14cb   L$$TOFS
003f14e5   __args_main
003f14fe   C$$EXIT
003f14fe   _abort
003f1500   _exit
003f152e   FS$$CMP
003f1545   _frexp
003f1559   _pcUpdate
003f156c   UL$$TOFS
003f157f   _timersSetupReal
003f158f   U$$TOFS
003f159f   U$$DIV
003f15a4   U$$MOD
003f15aa   __register_unlock
003f15ae   __register_lock
003f15b2   __nop
003f15bb   _ISR_ILLEGAL
003f15c0   FS$$NEG
003f2000   _systCommScinSbit
003f2002   _systCommScinPar
003f2004   _systCommScinEcho
003f2006   _systCommScinDbit
003f2008   _systCommScinBaud
003f200a   _statQuesVoltEven
003f200c   _statQuesVoltEnab
003f200e   _statQuesVoltCond
003f2010   _statQuesTempEven
003f2012   _statQuesTempEnab
003f2014   _statQuesTempCond
003f2016   _statQuesScinEven
003f2018   _statQuesScinEnab
003f201a   _statQuesScinCond
003f201c   _statQuesIicbEven
003f201e   _statQuesIicbEnab
003f2020   _statQuesIicbCond
003f2022   _statQuesEthEven
003f2024   _statQuesEthEnab
003f2026   _statQuesEthCond
003f2028   _statQuesCurrEven
003f202a   _statQuesCurrEnab
003f202c   _statQuesCurrCond
003f202e   _sourVoltSlew
003f205a   _sourVoltRang
003f207a   _sourVoltProt
003f209a   _sourVoltLim
003f20b4   _sourVoltLev
003f20e0   _sourVoltCoef
003f2119   _sourTempProt
003f2139   _sourFreqOffs
003f215a   _sourFreqGain
003f217b   _sourFreqFix
003f219e   _sourCurrSlew
003f21c9   _sourCurrRang
003f21e9   _sourCurrProt
003f2209   _sourCurrLim
003f2223   _sourCurrLev
003f224e   _sourCurrCoef
003f2286   _registerDeviceCommands
003f2680   _outpStat
003f2682   _measVolt
003f269b   _measTemp
003f26b4   _measCurr
003f26cd   _instStat
003f26cf   _instNsel
003f26f8   _instCat
003f2717   _inpStat
003f2719   _contIdleInit
003f271b   _calAll
003f271d   _adcSocCnf
003f273d   _adcSetVScale
003f27a2   _adcSetOvp
003f2813   _adcSetOcp
003f287b   _adcSetIScale
003f28e0   _adcSetDac
003f2942   _adcMacroConfigure
003f2947   _adcGetVoltage
003f296a   _adcGetVScale
003f297f   _adcGetOvp
003f29c3   _adcGetOcp
003f29f8   _adcGetIScale
003f2a0d   _adcGetDac
003f2a66   _adcGetCurrent
003f2a89   _adcCompConfigure
003f2ab1   _adcCheckOvp
003f2ac1   _adcCheckOcp
003f2ad1   _scpiChangeIOTx
003f2ada   _scpiReset
003f2af6   _scpiInit
003f2b0f   _scpiTest
003f2b27   _scpi
003f2cde   _resetLexer
003f2dfa   _lexProgramMsg
003f2ea8   _strchr
003f2eb2   _strspn
003f2ec1   _strcspn
003f2ed0   _strtok_r
003f2ef1   _strtok
003f2ef9   _strcpy
003f2eff   _strcmp
003f2f13   _strcat
003f2f1c   _itoa
003f2f5e   _dtoa
003f306c   _breakString
003f308d   _updateOperReg
003f30ca   _updateOPER
003f30da   _updateESB
003f30e8   _updateMAV
003f30fa   _updateQuesReg
003f3129   _updateQUES
003f3139   _updateSTB
003f3170   _updateMSS
003f3178   _setQISumBit
003f31bb   _setOISumBit
003f31fe   _requestControl
003f3203   _readQISumEven
003f3215   _readOISumEven
003f3227   _queryError
003f322c   _operationComplete
003f3231   _executionError
003f3236   _deviceError
003f323b   _commandError
003f3240   _clearQuesCondRegs
003f324f   _clearOperCondRegs
003f3260   _sgUpdate
003f3295   _sgSetState
003f329e   _sgSetRectify
003f32a7   _sgSetOffset
003f32d5   _sgSetInitialPhase
003f3317   _sgSetGainTarget
003f3345   _sgSetFreq
003f3371   _sgInit
003f3385   _sgGetState
003f338e   _sgGetResolution
003f33ae   _sgGetRectify
003f33b7   _sgGetOffset
003f33c3   _sgGetGainTarget
003f33ce   _sgGetFreq
003f33f7   _sgGainUpdate
003f3421   _ADC_SOC_CNF
003f35e0   _scSlewUpdate
003f360a   _scSetTarget
003f3665   _scSetTargetAll
003f3677   _scSetStep
003f36cb   _scSetStepAll
003f36dd   _scSetStateAll
003f36ec   _scSetState
003f36ff   _scGetTarget
003f3746   _scGetStep
003f377c   _scGetState
003f378e   _registerCommonCommands
003f3829   _WAI
003f382b   _TST
003f383e   _STB
003f3854   _SRE
003f3884   _RST
003f3888   _OPC
003f389b   _IDN
003f38de   _ESR
003f38e8   _ESE
003f3916   _CLS
003f392e   _systVers
003f393c   _systErrNext
003f3946   _statQuesEven
003f3957   _statQuesEnab
003f3985   _statQuesCond
003f398e   _statPres
003f3994   _statOperEven
003f39a5   _statOperEnab
003f39d3   _statOperCond
003f39dc   _registerRequiredCommands
003f3aac   _pwmTzConfigure
003f3b43   _pwmSocConfigure
003f3b54   _pwmSetFreq
003f3b8c   _pwmRstTz
003f3ba1   _pwmMacroConfigure
003f3bba   _pwmGetFreq
003f3be3   _pwmDPLTrigInit
003f3c00   _strtod
003f3d53   _mnStopAll
003f3d61   _mnSetupChannels
003f3db2   _mnRunAll
003f3dbf   _mnConnectNets
003f3e9a   _WDogDisable
003f3ea2   _PieVectTableInit
003f3eb3   _PieCntlInit
003f3ed2   _PLLset
003f3f04   _MemCopy
003f3f15   _DeviceInit
003f3fd0   _initSlaveModeDetect
003f3ffa   _getSlaveMode
003f618f   __ctypes_
003f6440   ___cinit__
003f6440   cinit
003f65ef   __IQ10toF
003f6603   __IQ14toF
003f6617   __IQ15toF
003f662b   __IQ24toF
003f663f   __IQ26toF
003f7ff6   code_start
003f7ff8   _CsmPwl
ffffffff   .text
ffffffff   ___binit__
ffffffff   ___c_args__
ffffffff   ___etext__
ffffffff   ___pinit__
ffffffff   ___text__
ffffffff   binit
ffffffff   etext
ffffffff   pinit

[414 symbols]
