******************************************************************************
             TMS320C2000 Linker PC v6.1.3                      
******************************************************************************
>> Linked Wed Jun 05 11:48:51 2013

OUTPUT FILE NAME:   <F2802x_BurnInUnit.out>
ENTRY POINT SYMBOL: "_c_int00"  address: 003f3f5a


MEMORY CONFIGURATION

         name            origin    length      used     unused   attr    fill
----------------------  --------  ---------  --------  --------  ----  --------
PAGE 0:
  BOOT_RSVD             00000000   00000050  00000000  00000050  RWIX
  progRAM               00008000   00000800  000001fe  00000602  RWIX
  OTP                   003d7800   00000400  00000000  00000400  RWIX
  FLASHD                003f0000   00002000  000003d4  00001c2c  RWIX
  FLASHC                003f2000   00002000  00001ffd  00000003  RWIX
  FLASHA                003f6000   00001f80  000001c2  00001dbe  RWIX
  CSM_RSVD              003f7f80   00000076  00000000  00000076  RWIX
  BEGIN                 003f7ff6   00000002  00000002  00000000  RWIX
  CSM_PWL               003f7ff8   00000008  00000000  00000008  RWIX
  IQTABLES              003fe000   00000b50  00000000  00000b50  RWIX
  IQTABLES2             003feb50   0000008c  00000000  0000008c  RWIX
  IQTABLES3             003febdc   000000aa  00000000  000000aa  RWIX
  BOOTROM               003ff27c   00000d44  00000000  00000d44  RWIX
  RESET                 003fffc0   00000002  00000000  00000002  RWIX
  VECTORS               003fffc2   0000003e  00000000  0000003e  RWIX

PAGE 1:
  RAMM0                 00000050   000003b0  00000380  00000030  RWIX
  RAMM1                 00000400   00000400  00000000  00000400  RWIX
  DEV_EMU               00000880   00000105  00000004  00000101  RWIX
  SYS_PWR_CTL           00000985   00000003  00000003  00000000  RWIX
  FLASH_REGS            00000a80   00000060  00000008  00000058  RWIX
  CSM                   00000ae0   00000010  00000010  00000000  RWIX
  ADC_RESULT            00000b00   00000020  00000020  00000000  RWIX
  CPU_TIMER0            00000c00   00000008  00000008  00000000  RWIX
  CPU_TIMER1            00000c08   00000008  00000008  00000000  RWIX
  CPU_TIMER2            00000c10   00000008  00000008  00000000  RWIX
  PIE_CTRL              00000ce0   00000020  0000001a  00000006  RWIX
  PIE_VECT              00000d00   00000100  00000100  00000000  RWIX
  COMP1                 00006400   00000020  00000014  0000000c  RWIX
  COMP2                 00006420   00000020  00000014  0000000c  RWIX
  EPWM1                 00006800   00000040  0000003a  00000006  RWIX
  EPWM2                 00006840   00000040  0000003a  00000006  RWIX
  EPWM3                 00006880   00000040  0000003a  00000006  RWIX
  EPWM4                 000068c0   00000040  0000003a  00000006  RWIX
  ECAP1                 00006a00   00000020  00000020  00000000  RWIX
  GPIOCTRL              00006f80   00000040  00000040  00000000  RWIX
  GPIODAT               00006fc0   00000020  00000020  00000000  RWIX
  GPIOINT               00006fe0   00000020  0000000a  00000016  RWIX
  SYSTEM                00007010   00000020  0000001f  00000001  RWIX
  SPIA                  00007040   00000010  00000010  00000000  RWIX
  SCIA                  00007050   00000010  00000010  00000000  RWIX
  NMIINTRUPT            00007060   00000010  00000010  00000000  RWIX
  XINTRUPT              00007070   00000010  00000010  00000000  RWIX
  ADC                   00007100   00000080  00000051  0000002f  RWIX
  I2CA                  00007900   00000040  00000022  0000001e  RWIX
  dataRAM               00008800   00000800  00000671  0000018f  RWIX
  PARTID                003d7fff   00000001  00000001  00000000  RWIX
  FLASHB                003f4000   00002000  00000000  00002000  RWIX
  CSM_PWL               003f7ff8   00000008  00000008  00000000  RWIX


SECTION ALLOCATION MAP

 output                                  attributes/
section   page    origin      length       input sections
--------  ----  ----------  ----------   ----------------
.pinit     0    003f6000    00000000     UNINITIALIZED

ramfuncs   0    003f0000    000001fe     RUN ADDR = 00008000
                  003f0000    000001dd     BurnInUnit_ISR.obj (ramfuncs)
                  003f01dd    0000001d     DevInit_F2802x.obj (ramfuncs)
                  003f01fa    00000004     DSP2802x_usDelay.obj (ramfuncs)

.text.1    0    003f01fe    000001d6     
                  003f01fe    00000029     rts2800_ml.lib : fs_tol.obj (.text)
                  003f0227    00000021                    : fd_toi.obj (.text)
                  003f0248    0000001f                    : fd_tol.obj (.text)
                  003f0267    0000001e                    : ll_cmp.obj (.text)
                  003f0285    0000001d     Timers.obj (.text)
                  003f02a2    0000001d     rts2800_ml.lib : fs_tou.obj (.text)
                  003f02bf    0000001d                    : i_tofd.obj (.text)
                  003f02dc    0000001c                    : fs_tofd.obj (.text)
                  003f02f8    0000001b     C28x_SGEN_Lib_fixed.lib : sgti1c.obj (.text)
                  003f0313    0000001a     rts2800_ml.lib : i_tofs.obj (.text)
                  003f032d    00000019                    : args_main.obj (.text)
                  003f0346    00000019                    : exit.obj (.text)
                  003f035f    00000018                    : ll_aox.obj (.text)
                  003f0377    00000017                    : fs_cmp.obj (.text)
                  003f038e    00000013     PhaseCtrl.obj (.text)
                  003f03a1    00000010     rts2800_ml.lib : u_tofs.obj (.text)
                  003f03b1    0000000f     FanEn.obj (.text)
                  003f03c0    00000008     DSP2802x_CodeStartBranch.obj (.text)
                  003f03c8    00000007     rts2800_ml.lib : memset.obj (.text)
                  003f03cf    00000005     DevInit_F2802x.obj (.text:retain)

.text.2    0    003f2000    00001ffd     
                  003f2000    000004b2     commros_28xx_c_regular.lib : commros.obj (.text)
                  003f24b2    0000035c     Adc.obj (.text)
                  003f280e    0000026a     SineGen.obj (.text)
                  003f2a78    00000267     commros_28xx_c_regular.lib : Datalogger.obj (.text)
                  003f2cdf    000001cd     Main.obj (.text)
                  003f2eac    000001bf     ADC_SOC_Cnf.obj (.text)
                  003f306b    000001a6     SlewControl.obj (.text)
                  003f3211    0000016a     Cntl.obj (.text)
                  003f337b    00000157     MacroNets.obj (.text)
                  003f34d2    00000154     Pwm.obj (.text)
                  003f3626    00000132     DevInit_F2802x.obj (.text)
                  003f3758    00000125     commros_28xx_c_regular.lib : ByteProtocol.obj (.text)
                  003f387d    00000111     Tmp.obj (.text)
                  003f398e    000000db     BurnInUnit_ISR.obj (.text)
                  003f3a69    000000c0     I2c.obj (.text)
                  003f3b29    000000b4     BstEn.obj (.text)
                  003f3bdd    00000086     StateMachine.obj (.text)
                  003f3c63    00000083     rts2800_ml.lib : fd_mpy.obj (.text)
                  003f3ce6    00000083                    : fs_div.obj (.text)
                  003f3d69    00000078                    : fs_add.obj (.text)
                  003f3de1    00000062     Commros_user_regular.obj (.text)
                  003f3e43    00000061     I2c.obj (.text:retain)
                  003f3ea4    0000005c     PWM_2ch_UpCnt_Cnf.obj (.text)
                  003f3f00    0000005a     rts2800_ml.lib : fs_mpy.obj (.text)
                  003f3f5a    00000044                    : boot.obj (.text)
                  003f3f9e    0000002c     Pwm.obj (.text:retain)
                  003f3fca    0000002a     rts2800_ml.lib : l_div.obj (.text)
                  003f3ff4    00000009                    : _lock.obj (.text)

.cinit     0    003f6000    0000013a     
                  003f6000    0000005b     Cntl.obj (.cinit)
                  003f605b    00000038     Adc.obj (.cinit)
                  003f6093    00000020     Tmp.obj (.cinit)
                  003f60b3    0000001d     SineGen.obj (.cinit)
                  003f60d0    00000011     I2c.obj (.cinit)
                  003f60e1    0000000d     MacroNets.obj (.cinit)
                  003f60ee    0000000d     Main.obj (.cinit)
                  003f60fb    0000000c     BstEn.obj (.cinit)
                  003f6107    0000000c     Pwm.obj (.cinit)
                  003f6113    0000000c     Timers.obj (.cinit)
                  003f611f    0000000a     rts2800_ml.lib : _lock.obj (.cinit)
                  003f6129    0000000a                    : exit.obj (.cinit)
                  003f6133    00000005     PhaseCtrl.obj (.cinit)
                  003f6138    00000002     --HOLE-- [fill = 0]

IQmath     0    003f613a    00000064     
                  003f613a    00000014     IQmath.lib : IQ10toF.obj (IQmath)
                  003f614e    00000014                : IQ14toF.obj (IQmath)
                  003f6162    00000014                : IQ15toF.obj (IQmath)
                  003f6176    00000014                : IQ24toF.obj (IQmath)
                  003f618a    00000014                : IQ26toF.obj (IQmath)

.econst    0    003f619e    00000024     
                  003f619e    0000000c     Adc.obj (.econst)
                  003f61aa    0000000c     Cntl.obj (.econst)
                  003f61b6    00000004     SineGen.obj (.econst)
                  003f61ba    00000004     SlewControl.obj (.econst)
                  003f61be    00000004     Tmp.obj (.econst)

codestart 
*          0    003f7ff6    00000002     
                  003f7ff6    00000002     DSP2802x_CodeStartBranch.obj (codestart)

.reset     0    003fffc0    00000002     DSECT
                  003fffc0    00000002     rts2800_ml.lib : boot.obj (.reset)

vectors    0    003fffc2    00000000     DSECT

.stack     1    00000050    00000380     UNINITIALIZED
                  00000050    00000380     --HOLE--

DevEmuRegsFile 
*          1    00000880    00000004     UNINITIALIZED
                  00000880    00000004     DSP2802x_GlobalVariableDefs.obj (DevEmuRegsFile)

SysPwrCtrlRegsFile 
*          1    00000985    00000003     UNINITIALIZED
                  00000985    00000003     DSP2802x_GlobalVariableDefs.obj (SysPwrCtrlRegsFile)

FlashRegsFile 
*          1    00000a80    00000008     UNINITIALIZED
                  00000a80    00000008     DSP2802x_GlobalVariableDefs.obj (FlashRegsFile)

CsmRegsFile 
*          1    00000ae0    00000010     UNINITIALIZED
                  00000ae0    00000010     DSP2802x_GlobalVariableDefs.obj (CsmRegsFile)

AdcResultFile 
*          1    00000b00    00000020     UNINITIALIZED
                  00000b00    00000020     DSP2802x_GlobalVariableDefs.obj (AdcResultFile)

CpuTimer0RegsFile 
*          1    00000c00    00000008     UNINITIALIZED
                  00000c00    00000008     DSP2802x_GlobalVariableDefs.obj (CpuTimer0RegsFile)

CpuTimer1RegsFile 
*          1    00000c08    00000008     UNINITIALIZED
                  00000c08    00000008     DSP2802x_GlobalVariableDefs.obj (CpuTimer1RegsFile)

CpuTimer2RegsFile 
*          1    00000c10    00000008     UNINITIALIZED
                  00000c10    00000008     DSP2802x_GlobalVariableDefs.obj (CpuTimer2RegsFile)

PieCtrlRegsFile 
*          1    00000ce0    0000001a     UNINITIALIZED
                  00000ce0    0000001a     DSP2802x_GlobalVariableDefs.obj (PieCtrlRegsFile)

PieVectTableFile 
*          1    00000d00    00000100     UNINITIALIZED
                  00000d00    00000100     DSP2802x_GlobalVariableDefs.obj (PieVectTableFile)

EmuKeyVar 
*          1    00000d00    00000001     UNINITIALIZED
                  00000d00    00000001     DSP2802x_GlobalVariableDefs.obj (EmuKeyVar)

EmuBModeVar 
*          1    00000d01    00000001     UNINITIALIZED
                  00000d01    00000001     DSP2802x_GlobalVariableDefs.obj (EmuBModeVar)

FlashCallbackVar 
*          1    00000d02    00000002     UNINITIALIZED
                  00000d02    00000002     DSP2802x_GlobalVariableDefs.obj (FlashCallbackVar)

FlashScalingVar 
*          1    00000d04    00000002     UNINITIALIZED
                  00000d04    00000002     DSP2802x_GlobalVariableDefs.obj (FlashScalingVar)

Comp1RegsFile 
*          1    00006400    00000014     UNINITIALIZED
                  00006400    00000014     DSP2802x_GlobalVariableDefs.obj (Comp1RegsFile)

Comp2RegsFile 
*          1    00006420    00000014     UNINITIALIZED
                  00006420    00000014     DSP2802x_GlobalVariableDefs.obj (Comp2RegsFile)

EPwm1RegsFile 
*          1    00006800    0000003a     UNINITIALIZED
                  00006800    0000003a     DSP2802x_GlobalVariableDefs.obj (EPwm1RegsFile)

EPwm2RegsFile 
*          1    00006840    0000003a     UNINITIALIZED
                  00006840    0000003a     DSP2802x_GlobalVariableDefs.obj (EPwm2RegsFile)

EPwm3RegsFile 
*          1    00006880    0000003a     UNINITIALIZED
                  00006880    0000003a     DSP2802x_GlobalVariableDefs.obj (EPwm3RegsFile)

EPwm4RegsFile 
*          1    000068c0    0000003a     UNINITIALIZED
                  000068c0    0000003a     DSP2802x_GlobalVariableDefs.obj (EPwm4RegsFile)

ECap1RegsFile 
*          1    00006a00    00000020     UNINITIALIZED
                  00006a00    00000020     DSP2802x_GlobalVariableDefs.obj (ECap1RegsFile)

GpioCtrlRegsFile 
*          1    00006f80    00000040     UNINITIALIZED
                  00006f80    00000040     DSP2802x_GlobalVariableDefs.obj (GpioCtrlRegsFile)

GpioDataRegsFile 
*          1    00006fc0    00000020     UNINITIALIZED
                  00006fc0    00000020     DSP2802x_GlobalVariableDefs.obj (GpioDataRegsFile)

GpioIntRegsFile 
*          1    00006fe0    0000000a     UNINITIALIZED
                  00006fe0    0000000a     DSP2802x_GlobalVariableDefs.obj (GpioIntRegsFile)

SysCtrlRegsFile 
*          1    00007010    0000001f     UNINITIALIZED
                  00007010    0000001f     DSP2802x_GlobalVariableDefs.obj (SysCtrlRegsFile)

SpiaRegsFile 
*          1    00007040    00000010     UNINITIALIZED
                  00007040    00000010     DSP2802x_GlobalVariableDefs.obj (SpiaRegsFile)

SciaRegsFile 
*          1    00007050    00000010     UNINITIALIZED
                  00007050    00000010     DSP2802x_GlobalVariableDefs.obj (SciaRegsFile)

NmiIntruptRegsFile 
*          1    00007060    00000010     UNINITIALIZED
                  00007060    00000010     DSP2802x_GlobalVariableDefs.obj (NmiIntruptRegsFile)

XIntruptRegsFile 
*          1    00007070    00000010     UNINITIALIZED
                  00007070    00000010     DSP2802x_GlobalVariableDefs.obj (XIntruptRegsFile)

AdcRegsFile 
*          1    00007100    00000051     UNINITIALIZED
                  00007100    00000051     DSP2802x_GlobalVariableDefs.obj (AdcRegsFile)

I2caRegsFile 
*          1    00007900    00000022     UNINITIALIZED
                  00007900    00000022     DSP2802x_GlobalVariableDefs.obj (I2caRegsFile)

.ebss      1    00008800    00000469     UNINITIALIZED
                  00008800    00000188     Commros_user_regular.obj (.ebss)
                  00008988    00000030     Adc.obj (.ebss)
                  000089b8    00000008     StateMachine.obj (.ebss)
                  000089c0    00000140     MacroNets.obj (.ebss)
                  00008b00    000000fe     Cntl.obj (.ebss)
                  00008bfe    00000002     PhaseCtrl.obj (.ebss)
                  00008c00    0000001c     Tmp.obj (.ebss)
                  00008c1c    00000012     Main.obj (.ebss)
                  00008c2e    00000010     I2c.obj (.ebss)
                  00008c3e    00000002     --HOLE--
                  00008c40    0000000c     Timers.obj (.ebss)
                  00008c4c    0000000b     BstEn.obj (.ebss)
                  00008c57    00000001     --HOLE--
                  00008c58    00000006     SineGen.obj (.ebss)
                  00008c5e    00000004     rts2800_ml.lib : _lock.obj (.ebss)
                  00008c62    00000004                    : exit.obj (.ebss)
                  00008c66    00000003     Pwm.obj (.ebss)

SINTBL     1    00008c69    00000101     
                  00008c69    00000101     C28x_SGEN_Lib_fixed.lib : SINTB360.obj (SINTBL)

PWMDRV_2ch_UpCnt_Section 
*          1    00008d6a    00000012     UNINITIALIZED
                  00008d6a    00000012     BurnInUnit_ISR.obj (PWMDRV_2ch_UpCnt_Section)

ISR_Section 
*          1    00008d7c    00000003     UNINITIALIZED
                  00008d7c    00000003     BurnInUnit_ISR.obj (ISR_Section)

CNTL_2P2Z_Section 
*          1    00008d80    0000006c     UNINITIALIZED
                  00008d80    0000006c     BurnInUnit_ISR.obj (CNTL_2P2Z_Section)

SGENTI_1ch_Struct 
*          1    00008dec    00000008     UNINITIALIZED
                  00008dec    00000008     SineGen.obj (SGENTI_1ch_Struct)

ZeroNet_Section 
*          1    00008df4    00000002     UNINITIALIZED
                  00008df4    00000002     BurnInUnit_ISR.obj (ZeroNet_Section)

CNTL_2P2Z_Coef 
*          1    00008e00    00000062     UNINITIALIZED
                  00008e00    00000062     Cntl.obj (CNTL_2P2Z_Coef)

ADCDRV_1ch_Section 
*          1    00008e62    0000001a     UNINITIALIZED
                  00008e62    0000001a     BurnInUnit_ISR.obj (ADCDRV_1ch_Section)

PartIdRegsFile 
*          1    003d7fff    00000001     UNINITIALIZED
                  003d7fff    00000001     DSP2802x_GlobalVariableDefs.obj (PartIdRegsFile)

CsmPwlFile 
*          1    003f7ff8    00000008     UNINITIALIZED
                  003f7ff8    00000008     DSP2802x_GlobalVariableDefs.obj (CsmPwlFile)


GLOBAL SYMBOLS: SORTED ALPHABETICALLY BY Name 

address    name
--------   ----
ffffffff   .text
003f0346   C$$EXIT
003f3c63   FD$$MPY
003f0227   FD$$TOI
003f0248   FD$$TOL
003f3d6e   FS$$ADD
003f0377   FS$$CMP
003f3ce6   FS$$DIV
003f3f00   FS$$MPY
003f3d69   FS$$SUB
003f02dc   FS$$TOFD
003f01fe   FS$$TOL
003f02a2   FS$$TOU
003f02bf   I$$TOFD
003f0313   I$$TOFS
003f3fca   L$$DIV
003f3fd9   L$$MOD
003f035f   LL$$AND
003f0267   LL$$CMP
003f0367   LL$$OR
003f036f   LL$$XOR
00008c69   SINTAB_360
003f03a1   U$$TOFS
003f3fe7   UL$$DIV
003f3fee   UL$$MOD
003f0279   ULL$$CMP
00008e62   _ADCDRV_1ch_Rlt1
00008e74   _ADCDRV_1ch_Rlt10
00008e76   _ADCDRV_1ch_Rlt11
00008e78   _ADCDRV_1ch_Rlt12
00008e7a   _ADCDRV_1ch_Rlt13
00008e64   _ADCDRV_1ch_Rlt2
00008e66   _ADCDRV_1ch_Rlt3
00008e68   _ADCDRV_1ch_Rlt4
00008e6a   _ADCDRV_1ch_Rlt5
00008e6c   _ADCDRV_1ch_Rlt6
00008e6e   _ADCDRV_1ch_Rlt7
00008e70   _ADCDRV_1ch_Rlt8
00008e72   _ADCDRV_1ch_Rlt9
003f2eac   _ADC_SOC_CNF
00007100   _AdcRegs
00000b00   _AdcResult
003f2cda   _AddLoggerVariableBuffers
003f2cd5   _AddProbes
000089be   _Alpha_State_Ptr
003f37ed   _ByteProtocol_DecodeByte
003f37bf   _ByteProtocol_Init
003f3758   _ByteProtocol_Transmit
00008d86   _CNTL_2P2Z_Coef1
00008d98   _CNTL_2P2Z_Coef2
00008daa   _CNTL_2P2Z_Coef3
00008dbc   _CNTL_2P2Z_Coef4
00008dce   _CNTL_2P2Z_Coef5
00008de0   _CNTL_2P2Z_Coef6
00008d88   _CNTL_2P2Z_DBUFF1
00008d9a   _CNTL_2P2Z_DBUFF2
00008dac   _CNTL_2P2Z_DBUFF3
00008dc0   _CNTL_2P2Z_DBUFF4
00008dd0   _CNTL_2P2Z_DBUFF5
00008de2   _CNTL_2P2Z_DBUFF6
00008d82   _CNTL_2P2Z_Fdbk1
00008d94   _CNTL_2P2Z_Fdbk2
00008da6   _CNTL_2P2Z_Fdbk3
00008db8   _CNTL_2P2Z_Fdbk4
00008dca   _CNTL_2P2Z_Fdbk5
00008ddc   _CNTL_2P2Z_Fdbk6
00008d84   _CNTL_2P2Z_Out1
00008d96   _CNTL_2P2Z_Out2
00008da8   _CNTL_2P2Z_Out3
00008dba   _CNTL_2P2Z_Out4
00008dcc   _CNTL_2P2Z_Out5
00008dde   _CNTL_2P2Z_Out6
00008d80   _CNTL_2P2Z_Ref1
00008d92   _CNTL_2P2Z_Ref2
00008da4   _CNTL_2P2Z_Ref3
00008db6   _CNTL_2P2Z_Ref4
00008dbe   _CNTL_2P2Z_Ref5
00008dda   _CNTL_2P2Z_Ref6
003f2ae6   _ClearVariables
00006400   _Comp1Regs
00006420   _Comp2Regs
003f202c   _ConvertToBytes16
003f201f   _ConvertToBytes32
003f2031   _ConvertToUint16
003f2000   _ConvertToUint32
003f2035   _ConvertToUint64
00000c00   _CpuTimer0Regs
00000c08   _CpuTimer1Regs
00000c10   _CpuTimer2Regs
003f7ff8   _CsmPwl
00000ae0   _CsmRegs
003f2ea4   _DLOG_BuffInit
00008000   _DPL_ISR
003f398e   _DPL_Init
000081fa   _DSP28x_usDelay
003f2c20   _Datalogger
003f2af4   _DecodeCommands
003f2102   _DecodePacket
00000880   _DevEmuRegs
003f36a1   _DeviceInit
003f2095   _DoCrc32
00006a00   _ECap1Regs
00006800   _EPwm1Regs
00006840   _EPwm2Regs
00006880   _EPwm3Regs
000068c0   _EPwm4Regs
00000d01   _EmuBMode
00000d00   _EmuKey
003f20e3   _EncodeAndTransmitData
00008c2f   _FailCount
00000a80   _FlashRegs
00000d04   _Flash_CPUScaleFactor
00000d02   _Flash_CallbackPtr
00006f80   _GpioCtrlRegs
00006fc0   _GpioDataRegs
00006fe0   _GpioIntRegs
00007900   _I2caRegs
003f03cf   _ISR_ILLEGAL
003f2ae5   _Init
003f3e2a   _InitCommros
003f2448   _InitCore
000081dd   _InitFlash
003f3de1   _InitSciaGpio
003f3690   _MemCopy
00007060   _NmiIntruptRegs
00008bfe   _PHASE_CTRL_In
003f365e   _PLLset
00008d6a   _PWMDRV_2ch_UpCnt_Duty1A
00008d6c   _PWMDRV_2ch_UpCnt_Duty1B
00008d70   _PWMDRV_2ch_UpCnt_Duty2A
00008d72   _PWMDRV_2ch_UpCnt_Duty2B
00008d76   _PWMDRV_2ch_UpCnt_Duty3A
00008d78   _PWMDRV_2ch_UpCnt_Duty3B
00008d6e   _PWMDRV_2ch_UpCnt_Period1
00008d74   _PWMDRV_2ch_UpCnt_Period2
00008d7a   _PWMDRV_2ch_UpCnt_Period3
003f3ea4   _PWM_2ch_UpCnt_CNF
003d7fff   _PartIdRegs
00008c30   _PassCount
003f363f   _PieCntlInit
00000ce0   _PieCtrlRegs
00000d00   _PieVectTable
003f362e   _PieVectTableInit
003f01fe   _RamfuncsLoadEnd
003f0000   _RamfuncsLoadStart
00008000   _RamfuncsRunStart
003f3e22   _SCIDataAvailable
003f3e1e   _SCIReceiveByte
003f3e15   _SCITransmitByte
003f02f8   _SGENTI_1_calc
00008c5a   _SGENTI_1ch_Sign
00008c5c   _SGENTI_1ch_VOut
00007050   _SciaRegs
003f2424   _SendResetMessage
003f23c5   _ServiceRoutine
003f3dfc   _SetupSerialPort
00007040   _SpiaRegs
00007010   _SysCtrlRegs
00000985   _SysPwrCtrlRegs
00008c48   _VTimer0
00008c40   _VTimer1
00008c44   _VTimer2
003f3626   _WDogDisable
00007070   _XIntruptRegs
003f613a   __IQ10toF
003f614e   __IQ14toF
003f6162   __IQ15toF
003f6176   __IQ24toF
003f618a   __IQ26toF
000003d0   __STACK_END
00000380   __STACK_SIZE
00000001   __TI_args_main
ffffffff   ___binit__
ffffffff   ___c_args__
003f6000   ___cinit__
ffffffff   ___etext__
ffffffff   ___pinit__
ffffffff   ___text__
003f032d   __args_main
00008c62   __cleanup_ptr
00008c64   __dtors_ptr
00008c60   __lock
003f3ffc   __nop
003f3ff8   __register_lock
003f3ff4   __register_unlock
00000050   __stack
00008c5e   __unlock
003f0346   _abort
003f27fe   _adcCheckOcp
003f27ee   _adcCheckOvp
003f27c6   _adcCompConfigure
003f276e   _adcGetDac
003f275a   _adcGetIScale
003f2726   _adcGetOcp
003f26e3   _adcGetOvp
003f26cf   _adcGetVScale
003f26bf   _adcMacroConfigure
003f265e   _adcSetDac
003f25fa   _adcSetIScale
003f2594   _adcSetOcp
003f2524   _adcSetOvp
003f24c0   _adcSetVScale
003f24b2   _adcSocCnf
003f3bb3   _bcDisable
003f3b8a   _bcEnable
003f3b29   _bcInit
003f3f5a   _c_int00
00008a00   _channel
003f3344   _cntlGetCoef
003f32d3   _cntlSetCoef
003f3211   _cntlUpdateCoefs
00008e00   _coefs2
00008800   _commros
00008c66   _comp1Trig
00008c68   _comp2Trig
00008c32   _currentMsgPtr
00008b0e   _dGain
00008c24   _ePWM
00008c1d   _enTst
000089c0   _enableAll
00008c1c   _errTst
003f0348   _exit
00008c20   _f32Tst
003f03ba   _fcDisable
003f03b4   _fcEnable
003f03b1   _fcInit
003f3b01   _i2cInit
00008c2e   _i2cIsrErr
00008c34   _i2cMsgBlank
003f3ae2   _i2cPopMsg
003f3a69   _i2cRead
003f3a9f   _i2cWrite
00008b07   _iGain
003f2a78   _loggdata
003f2cdf   _main
003f03c8   _memset
003f3406   _mnConnectNets
003f33f8   _mnRunAll
003f338b   _mnSetupChannels
003f337b   _mnStopAll
00008b00   _pGain
003f038e   _pcUpdate
00008c67   _period
003f3609   _pwmDPLTrigInit
003f35e0   _pwmGetFreq
003f35c7   _pwmMacroConfigure
003f35b2   _pwmRstTz
003f357a   _pwmSetFreq
003f3569   _pwmSocConfigure
003f34d2   _pwmTzConfigure
00008b16   _satMax
003f3200   _scGetState
003f31ca   _scGetStep
003f3183   _scGetTarget
003f3171   _scSetState
003f3161   _scSetStateAll
003f30fe   _scSetStep
003f314f   _scSetStepAll
003f3094   _scSetTarget
003f30ec   _scSetTargetAll
003f306b   _scSlewUpdate
003f2a50   _sgGainUpdate
003f2a4a   _sgGetFMax
003f2964   _sgGetFreq
003f2a3f   _sgGetGainTarget
003f2a33   _sgGetOffset
003f2a2a   _sgGetRectify
003f2a0a   _sgGetResolution
003f2a01   _sgGetState
003f29fb   _sgGetStepMax
003f29e7   _sgInit
003f298d   _sgSetFMax
003f2843   _sgSetFreq
003f2936   _sgSetGainTarget
003f28f4   _sgSetInitialPhase
003f28c6   _sgSetOffset
003f28bd   _sgSetRectify
003f28b4   _sgSetState
003f286f   _sgSetStepMax
003f280e   _sgUpdate
000089c2   _sgenSignNet
00008dec   _sigGen
003f3bdd   _smInit
000089c1   _stopAll
003f0292   _timersSetupReal
003f0285   _timersSetupVirtual
003f395a   _tmpCheckOtp
003f393e   _tmpGetOtp
003f391a   _tmpInit
003f38b8   _tmpRead
003f387d   _tmpSetOtp
00008c1e   _u16Tst
00008c22   _u32Tst
ffffffff   binit
003f6000   cinit
003f7ff6   code_start
ffffffff   etext
ffffffff   pinit


GLOBAL SYMBOLS: SORTED BY Symbol Address 

address    name
--------   ----
00000001   __TI_args_main
00000050   __stack
00000380   __STACK_SIZE
000003d0   __STACK_END
00000880   _DevEmuRegs
00000985   _SysPwrCtrlRegs
00000a80   _FlashRegs
00000ae0   _CsmRegs
00000b00   _AdcResult
00000c00   _CpuTimer0Regs
00000c08   _CpuTimer1Regs
00000c10   _CpuTimer2Regs
00000ce0   _PieCtrlRegs
00000d00   _EmuKey
00000d00   _PieVectTable
00000d01   _EmuBMode
00000d02   _Flash_CallbackPtr
00000d04   _Flash_CPUScaleFactor
00006400   _Comp1Regs
00006420   _Comp2Regs
00006800   _EPwm1Regs
00006840   _EPwm2Regs
00006880   _EPwm3Regs
000068c0   _EPwm4Regs
00006a00   _ECap1Regs
00006f80   _GpioCtrlRegs
00006fc0   _GpioDataRegs
00006fe0   _GpioIntRegs
00007010   _SysCtrlRegs
00007040   _SpiaRegs
00007050   _SciaRegs
00007060   _NmiIntruptRegs
00007070   _XIntruptRegs
00007100   _AdcRegs
00007900   _I2caRegs
00008000   _DPL_ISR
00008000   _RamfuncsRunStart
000081dd   _InitFlash
000081fa   _DSP28x_usDelay
00008800   _commros
000089be   _Alpha_State_Ptr
000089c0   _enableAll
000089c1   _stopAll
000089c2   _sgenSignNet
00008a00   _channel
00008b00   _pGain
00008b07   _iGain
00008b0e   _dGain
00008b16   _satMax
00008bfe   _PHASE_CTRL_In
00008c1c   _errTst
00008c1d   _enTst
00008c1e   _u16Tst
00008c20   _f32Tst
00008c22   _u32Tst
00008c24   _ePWM
00008c2e   _i2cIsrErr
00008c2f   _FailCount
00008c30   _PassCount
00008c32   _currentMsgPtr
00008c34   _i2cMsgBlank
00008c40   _VTimer1
00008c44   _VTimer2
00008c48   _VTimer0
00008c5a   _SGENTI_1ch_Sign
00008c5c   _SGENTI_1ch_VOut
00008c5e   __unlock
00008c60   __lock
00008c62   __cleanup_ptr
00008c64   __dtors_ptr
00008c66   _comp1Trig
00008c67   _period
00008c68   _comp2Trig
00008c69   SINTAB_360
00008d6a   _PWMDRV_2ch_UpCnt_Duty1A
00008d6c   _PWMDRV_2ch_UpCnt_Duty1B
00008d6e   _PWMDRV_2ch_UpCnt_Period1
00008d70   _PWMDRV_2ch_UpCnt_Duty2A
00008d72   _PWMDRV_2ch_UpCnt_Duty2B
00008d74   _PWMDRV_2ch_UpCnt_Period2
00008d76   _PWMDRV_2ch_UpCnt_Duty3A
00008d78   _PWMDRV_2ch_UpCnt_Duty3B
00008d7a   _PWMDRV_2ch_UpCnt_Period3
00008d80   _CNTL_2P2Z_Ref1
00008d82   _CNTL_2P2Z_Fdbk1
00008d84   _CNTL_2P2Z_Out1
00008d86   _CNTL_2P2Z_Coef1
00008d88   _CNTL_2P2Z_DBUFF1
00008d92   _CNTL_2P2Z_Ref2
00008d94   _CNTL_2P2Z_Fdbk2
00008d96   _CNTL_2P2Z_Out2
00008d98   _CNTL_2P2Z_Coef2
00008d9a   _CNTL_2P2Z_DBUFF2
00008da4   _CNTL_2P2Z_Ref3
00008da6   _CNTL_2P2Z_Fdbk3
00008da8   _CNTL_2P2Z_Out3
00008daa   _CNTL_2P2Z_Coef3
00008dac   _CNTL_2P2Z_DBUFF3
00008db6   _CNTL_2P2Z_Ref4
00008db8   _CNTL_2P2Z_Fdbk4
00008dba   _CNTL_2P2Z_Out4
00008dbc   _CNTL_2P2Z_Coef4
00008dbe   _CNTL_2P2Z_Ref5
00008dc0   _CNTL_2P2Z_DBUFF4
00008dca   _CNTL_2P2Z_Fdbk5
00008dcc   _CNTL_2P2Z_Out5
00008dce   _CNTL_2P2Z_Coef5
00008dd0   _CNTL_2P2Z_DBUFF5
00008dda   _CNTL_2P2Z_Ref6
00008ddc   _CNTL_2P2Z_Fdbk6
00008dde   _CNTL_2P2Z_Out6
00008de0   _CNTL_2P2Z_Coef6
00008de2   _CNTL_2P2Z_DBUFF6
00008dec   _sigGen
00008e00   _coefs2
00008e62   _ADCDRV_1ch_Rlt1
00008e64   _ADCDRV_1ch_Rlt2
00008e66   _ADCDRV_1ch_Rlt3
00008e68   _ADCDRV_1ch_Rlt4
00008e6a   _ADCDRV_1ch_Rlt5
00008e6c   _ADCDRV_1ch_Rlt6
00008e6e   _ADCDRV_1ch_Rlt7
00008e70   _ADCDRV_1ch_Rlt8
00008e72   _ADCDRV_1ch_Rlt9
00008e74   _ADCDRV_1ch_Rlt10
00008e76   _ADCDRV_1ch_Rlt11
00008e78   _ADCDRV_1ch_Rlt12
00008e7a   _ADCDRV_1ch_Rlt13
003d7fff   _PartIdRegs
003f0000   _RamfuncsLoadStart
003f01fe   FS$$TOL
003f01fe   _RamfuncsLoadEnd
003f0227   FD$$TOI
003f0248   FD$$TOL
003f0267   LL$$CMP
003f0279   ULL$$CMP
003f0285   _timersSetupVirtual
003f0292   _timersSetupReal
003f02a2   FS$$TOU
003f02bf   I$$TOFD
003f02dc   FS$$TOFD
003f02f8   _SGENTI_1_calc
003f0313   I$$TOFS
003f032d   __args_main
003f0346   C$$EXIT
003f0346   _abort
003f0348   _exit
003f035f   LL$$AND
003f0367   LL$$OR
003f036f   LL$$XOR
003f0377   FS$$CMP
003f038e   _pcUpdate
003f03a1   U$$TOFS
003f03b1   _fcInit
003f03b4   _fcEnable
003f03ba   _fcDisable
003f03c8   _memset
003f03cf   _ISR_ILLEGAL
003f2000   _ConvertToUint32
003f201f   _ConvertToBytes32
003f202c   _ConvertToBytes16
003f2031   _ConvertToUint16
003f2035   _ConvertToUint64
003f2095   _DoCrc32
003f20e3   _EncodeAndTransmitData
003f2102   _DecodePacket
003f23c5   _ServiceRoutine
003f2424   _SendResetMessage
003f2448   _InitCore
003f24b2   _adcSocCnf
003f24c0   _adcSetVScale
003f2524   _adcSetOvp
003f2594   _adcSetOcp
003f25fa   _adcSetIScale
003f265e   _adcSetDac
003f26bf   _adcMacroConfigure
003f26cf   _adcGetVScale
003f26e3   _adcGetOvp
003f2726   _adcGetOcp
003f275a   _adcGetIScale
003f276e   _adcGetDac
003f27c6   _adcCompConfigure
003f27ee   _adcCheckOvp
003f27fe   _adcCheckOcp
003f280e   _sgUpdate
003f2843   _sgSetFreq
003f286f   _sgSetStepMax
003f28b4   _sgSetState
003f28bd   _sgSetRectify
003f28c6   _sgSetOffset
003f28f4   _sgSetInitialPhase
003f2936   _sgSetGainTarget
003f2964   _sgGetFreq
003f298d   _sgSetFMax
003f29e7   _sgInit
003f29fb   _sgGetStepMax
003f2a01   _sgGetState
003f2a0a   _sgGetResolution
003f2a2a   _sgGetRectify
003f2a33   _sgGetOffset
003f2a3f   _sgGetGainTarget
003f2a4a   _sgGetFMax
003f2a50   _sgGainUpdate
003f2a78   _loggdata
003f2ae5   _Init
003f2ae6   _ClearVariables
003f2af4   _DecodeCommands
003f2c20   _Datalogger
003f2cd5   _AddProbes
003f2cda   _AddLoggerVariableBuffers
003f2cdf   _main
003f2ea4   _DLOG_BuffInit
003f2eac   _ADC_SOC_CNF
003f306b   _scSlewUpdate
003f3094   _scSetTarget
003f30ec   _scSetTargetAll
003f30fe   _scSetStep
003f314f   _scSetStepAll
003f3161   _scSetStateAll
003f3171   _scSetState
003f3183   _scGetTarget
003f31ca   _scGetStep
003f3200   _scGetState
003f3211   _cntlUpdateCoefs
003f32d3   _cntlSetCoef
003f3344   _cntlGetCoef
003f337b   _mnStopAll
003f338b   _mnSetupChannels
003f33f8   _mnRunAll
003f3406   _mnConnectNets
003f34d2   _pwmTzConfigure
003f3569   _pwmSocConfigure
003f357a   _pwmSetFreq
003f35b2   _pwmRstTz
003f35c7   _pwmMacroConfigure
003f35e0   _pwmGetFreq
003f3609   _pwmDPLTrigInit
003f3626   _WDogDisable
003f362e   _PieVectTableInit
003f363f   _PieCntlInit
003f365e   _PLLset
003f3690   _MemCopy
003f36a1   _DeviceInit
003f3758   _ByteProtocol_Transmit
003f37bf   _ByteProtocol_Init
003f37ed   _ByteProtocol_DecodeByte
003f387d   _tmpSetOtp
003f38b8   _tmpRead
003f391a   _tmpInit
003f393e   _tmpGetOtp
003f395a   _tmpCheckOtp
003f398e   _DPL_Init
003f3a69   _i2cRead
003f3a9f   _i2cWrite
003f3ae2   _i2cPopMsg
003f3b01   _i2cInit
003f3b29   _bcInit
003f3b8a   _bcEnable
003f3bb3   _bcDisable
003f3bdd   _smInit
003f3c63   FD$$MPY
003f3ce6   FS$$DIV
003f3d69   FS$$SUB
003f3d6e   FS$$ADD
003f3de1   _InitSciaGpio
003f3dfc   _SetupSerialPort
003f3e15   _SCITransmitByte
003f3e1e   _SCIReceiveByte
003f3e22   _SCIDataAvailable
003f3e2a   _InitCommros
003f3ea4   _PWM_2ch_UpCnt_CNF
003f3f00   FS$$MPY
003f3f5a   _c_int00
003f3fca   L$$DIV
003f3fd9   L$$MOD
003f3fe7   UL$$DIV
003f3fee   UL$$MOD
003f3ff4   __register_unlock
003f3ff8   __register_lock
003f3ffc   __nop
003f6000   ___cinit__
003f6000   cinit
003f613a   __IQ10toF
003f614e   __IQ14toF
003f6162   __IQ15toF
003f6176   __IQ24toF
003f618a   __IQ26toF
003f7ff6   code_start
003f7ff8   _CsmPwl
ffffffff   .text
ffffffff   ___binit__
ffffffff   ___c_args__
ffffffff   ___etext__
ffffffff   ___pinit__
ffffffff   ___text__
ffffffff   binit
ffffffff   etext
ffffffff   pinit

[298 symbols]
