******************************************************************************
             TMS320C2000 Linker PC v6.1.3                      
******************************************************************************
>> Linked Tue Nov 05 16:38:31 2013

OUTPUT FILE NAME:   <F2802x_BurnInUnit.out>
ENTRY POINT SYMBOL: "_c_int00"  address: 003f1394


MEMORY CONFIGURATION

         name            origin    length      used     unused   attr    fill
----------------------  --------  ---------  --------  --------  ----  --------
PAGE 0:
  BOOT_RSVD             00000000   00000050  00000000  00000050  RWIX
  progRAM               00008000   00000800  000001f3  0000060d  RWIX
  OTP                   003d7800   00000400  00000000  00000400  RWIX
  FLASHD                003f0000   00002000  000016c0  00000940  RWIX
  FLASHC                003f2000   00002000  00001ffc  00000004  RWIX
  FLASHA                003f6000   00001f80  000004bd  00001ac3  RWIX
  CSM_RSVD              003f7f80   00000076  00000000  00000076  RWIX
  BEGIN                 003f7ff6   00000002  00000002  00000000  RWIX
  CSM_PWL               003f7ff8   00000008  00000000  00000008  RWIX
  IQTABLES              003fe000   00000b50  00000000  00000b50  RWIX
  IQTABLES2             003feb50   0000008c  00000000  0000008c  RWIX
  IQTABLES3             003febdc   000000aa  00000000  000000aa  RWIX
  BOOTROM               003ff27c   00000d44  00000000  00000d44  RWIX
  RESET                 003fffc0   00000002  00000000  00000002  RWIX
  VECTORS               003fffc2   0000003e  00000000  0000003e  RWIX

PAGE 1:
  RAMM0                 00000050   000003b0  00000380  00000030  RWIX
  RAMM1                 00000400   00000400  0000036c  00000094  RWIX
  DEV_EMU               00000880   00000105  00000004  00000101  RWIX
  SYS_PWR_CTL           00000985   00000003  00000003  00000000  RWIX
  FLASH_REGS            00000a80   00000060  00000008  00000058  RWIX
  CSM                   00000ae0   00000010  00000010  00000000  RWIX
  ADC_RESULT            00000b00   00000020  00000020  00000000  RWIX
  CPU_TIMER0            00000c00   00000008  00000008  00000000  RWIX
  CPU_TIMER1            00000c08   00000008  00000008  00000000  RWIX
  CPU_TIMER2            00000c10   00000008  00000008  00000000  RWIX
  PIE_CTRL              00000ce0   00000020  0000001a  00000006  RWIX
  PIE_VECT              00000d00   00000100  00000100  00000000  RWIX
  COMP1                 00006400   00000020  00000014  0000000c  RWIX
  COMP2                 00006420   00000020  00000014  0000000c  RWIX
  EPWM1                 00006800   00000040  0000003a  00000006  RWIX
  EPWM2                 00006840   00000040  0000003a  00000006  RWIX
  EPWM3                 00006880   00000040  0000003a  00000006  RWIX
  EPWM4                 000068c0   00000040  0000003a  00000006  RWIX
  ECAP1                 00006a00   00000020  00000020  00000000  RWIX
  GPIOCTRL              00006f80   00000040  00000040  00000000  RWIX
  GPIODAT               00006fc0   00000020  00000020  00000000  RWIX
  GPIOINT               00006fe0   00000020  0000000a  00000016  RWIX
  SYSTEM                00007010   00000020  0000001f  00000001  RWIX
  SPIA                  00007040   00000010  00000010  00000000  RWIX
  SCIA                  00007050   00000010  00000010  00000000  RWIX
  NMIINTRUPT            00007060   00000010  00000010  00000000  RWIX
  XINTRUPT              00007070   00000010  00000010  00000000  RWIX
  ADC                   00007100   00000080  00000051  0000002f  RWIX
  I2CA                  00007900   00000040  00000022  0000001e  RWIX
  dataRAM               00008800   00000800  000007fe  00000002  RWIX
  PARTID                003d7fff   00000001  00000001  00000000  RWIX
  FLASHB                003f4000   00002000  00000000  00002000  RWIX
  CSM_PWL               003f7ff8   00000008  00000008  00000000  RWIX


SECTION ALLOCATION MAP

 output                                  attributes/
section   page    origin      length       input sections
--------  ----  ----------  ----------   ----------------
.pinit     0    003f6000    00000000     UNINITIALIZED

ramfuncs   0    003f0000    000001f3     RUN ADDR = 00008000
                  003f0000    000001d2     BurnInUnit_ISR.obj (ramfuncs)
                  003f01d2    0000001d     DevInit_F2802x.obj (ramfuncs)
                  003f01ef    00000004     DSP2802x_usDelay.obj (ramfuncs)

.text.1    0    003f01f3    000014cd     
                  003f01f3    0000011b     Spi.obj (.text)
                  003f030e    00000108     Adc.obj (.text)
                  003f0416    000000db     SCPI_respFmtr.obj (.text)
                  003f04f1    000000d7     BurnInUnit_ISR.obj (.text)
                  003f05c8    000000d5     SCPI_specificCmds.obj (.text)
                  003f069d    000000d1     Spi.obj (.text:retain)
                  003f076e    000000cc     SCPI_buildTree.obj (.text)
                  003f083a    000000c4     SCPI_inputBuffer.obj (.text)
                  003f08fe    000000c0     I2c.obj (.text)
                  003f09be    000000b6     Main.obj (.text)
                  003f0a74    000000b4     rts2800_ml.lib : log10.obj (.text)
                  003f0b28    000000af     SCPI_outputQueue.obj (.text)
                  003f0bd7    0000009e     rts2800_ml.lib : exp.obj (.text)
                  003f0c75    00000099     Opp.obj (.text)
                  003f0d0e    0000008f     Tmp.obj (.text)
                  003f0d9d    0000008d     rts2800_ml.lib : _log.obj (.text)
                  003f0e2a    00000088     SCPI_serialEmulation.obj (.text)
                  003f0eb2    00000087     Sci.obj (.text)
                  003f0f39    00000083     rts2800_ml.lib : fd_mpy.obj (.text)
                  003f0fbc    00000083                    : fs_div.obj (.text)
                  003f103f    00000083                    : pow.obj (.text)
                  003f10c2    0000007f     SCPI_parser.obj (.text)
                  003f1141    0000007f     StateMachine.obj (.text)
                  003f11c0    00000078     rts2800_ml.lib : fs_add.obj (.text)
                  003f1238    00000061     I2c.obj (.text:retain)
                  003f1299    0000005c     PWM_2ch_UpCnt_Cnf.obj (.text)
                  003f12f5    0000005a     rts2800_ml.lib : fs_mpy.obj (.text)
                  003f134f    00000045     Pwm.obj (.text)
                  003f1394    00000044     rts2800_ml.lib : boot.obj (.text)
                  003f13d8    00000041                    : ldexp.obj (.text)
                  003f1419    00000038     Sci.obj (.text:retain)
                  003f1451    00000037     Comparator.obj (.text:retain)
                  003f1488    0000002c     SCPI_execCtrl.obj (.text)
                  003f14b4    00000029     rts2800_ml.lib : fs_tol.obj (.text)
                  003f14dd    00000025                    : fs_toi.obj (.text)
                  003f1502    00000022                    : i_div.obj (.text)
                  003f1524    00000021                    : fd_toi.obj (.text)
                  003f1545    0000001f                    : fd_tol.obj (.text)
                  003f1564    0000001e     slaveMode.obj (.text)
                  003f1582    0000001d     rts2800_ml.lib : fs_tou.obj (.text)
                  003f159f    0000001c                    : fs_tofd.obj (.text)
                  003f15bb    0000001b     C28x_SGEN_Lib_fixed.lib : sgti1c.obj (.text)
                  003f15d6    0000001a     rts2800_ml.lib : i_tofs.obj (.text)
                  003f15f0    0000001a                    : l_tofs.obj (.text)
                  003f160a    00000019                    : args_main.obj (.text)
                  003f1623    00000019                    : exit.obj (.text)
                  003f163c    00000017                    : fs_cmp.obj (.text)
                  003f1653    00000014                    : frexp.obj (.text)
                  003f1667    00000013                    : ul_tofs.obj (.text)
                  003f167a    00000010     Timers.obj (.text)
                  003f168a    00000010     rts2800_ml.lib : u_tofs.obj (.text)
                  003f169a    0000000b                    : u_div.obj (.text)
                  003f16a5    00000009                    : _lock.obj (.text)
                  003f16ae    00000008     DSP2802x_CodeStartBranch.obj (.text)
                  003f16b6    00000005     DevInit_F2802x.obj (.text:retain)
                  003f16bb    00000005     rts2800_ml.lib : fs_neg.obj (.text)

.text.2    0    003f2000    00001ffc     
                  003f2000    000002a0     MacroNets.obj (.text)
                  003f22a0    00000291     Otp.obj (.text)
                  003f2531    00000289     Cntl.obj (.text)
                  003f27ba    000001fa     Ocp.obj (.text)
                  003f29b4    000001ee     SCPI_msgEPCtrl.obj (.text)
                  003f2ba2    000001e9     SCPI_lexer.obj (.text)
                  003f2d8b    000001e5     SCPI_string.obj (.text)
                  003f2f70    000001d3     SCPI_status.obj (.text)
                  003f3143    000001bf     ADC_SOC_Cnf.obj (.text)
                  003f3302    000001a1     Comparator.obj (.text)
                  003f34a3    000001a0     SCPI_commonCmds.obj (.text)
                  003f3643    00000195     Ovp.obj (.text)
                  003f37d8    0000017e     SCPI_requiredCmds.obj (.text)
                  003f3956    0000015b     SineGen.obj (.text)
                  003f3ab1    00000153     rts2800_ml.lib : strtod.obj (.text)
                  003f3c04    00000147     DevInit_F2802x.obj (.text)
                  003f3d4b    00000142     EnableCtrl.obj (.text)
                  003f3e8d    0000013e     SlewControl.obj (.text)
                  003f3fcb    00000031     rts2800_ml.lib : modf.obj (.text)

.econst    0    003f6000    000002f8     
                  003f6000    00000101     rts2800_ml.lib : ctype.obj (.econst:.string:__ctypes_)
                  003f6101    00000001     Sci.obj (.econst)
                  003f6102    0000007e     SCPI_requiredCmds.obj (.econst:.string)
                  003f6180    00000060     SCPI_specificCmds.obj (.econst:.string)
                  003f61e0    0000005b     SCPI_commonCmds.obj (.econst:.string)
                  003f623b    00000001     Spi.obj (.econst)
                  003f623c    0000002f     SCPI_serialEmulation.obj (.econst:.string)
                  003f626b    00000001     --HOLE-- [fill = 0]
                  003f626c    00000014     rts2800_ml.lib : strtod.obj (.econst:_digits)
                  003f6280    00000010     Adc.obj (.econst:_$P$T0$1)
                  003f6290    00000010     Adc.obj (.econst:_$P$T1$2)
                  003f62a0    00000010     Adc.obj (.econst:_$P$T2$3)
                  003f62b0    0000000c     rts2800_ml.lib : strtod.obj (.econst:_powerof10)
                  003f62bc    00000008     SCPI_lexer.obj (.econst:.string)
                  003f62c4    00000008     Cntl.obj (.econst)
                  003f62cc    00000008     Ocp.obj (.econst)
                  003f62d4    00000008     Ovp.obj (.econst)
                  003f62dc    00000006     SineGen.obj (.econst)
                  003f62e2    00000005     SCPI_buildTree.obj (.econst:.string)
                  003f62e7    00000001     --HOLE-- [fill = 0]
                  003f62e8    00000004     SCPI_string.obj (.econst:.string)
                  003f62ec    00000004     MacroNets.obj (.econst)
                  003f62f0    00000004     Otp.obj (.econst)
                  003f62f4    00000004     SlewControl.obj (.econst)

.cinit     0    003f62f8    00000189     
                  003f62f8    0000002d     SCPI_string.obj (.cinit)
                  003f6325    00000024     SineGen.obj (.cinit)
                  003f6349    00000022     SCPI_msgEPCtrl.obj (.cinit)
                  003f636b    0000001f     Cntl.obj (.cinit)
                  003f638a    0000001b     MacroNets.obj (.cinit)
                  003f63a5    00000017     Main.obj (.cinit)
                  003f63bc    00000016     Spi.obj (.cinit)
                  003f63d2    00000011     I2c.obj (.cinit)
                  003f63e3    00000010     SCPI_inputBuffer.obj (.cinit)
                  003f63f3    00000010     SCPI_respFmtr.obj (.cinit)
                  003f6403    0000000f     SCPI_lexer.obj (.cinit)
                  003f6412    0000000c     EnableCtrl.obj (.cinit)
                  003f641e    0000000c     SCPI_outputQueue.obj (.cinit)
                  003f642a    0000000c     Tmp.obj (.cinit)
                  003f6436    0000000a     rts2800_ml.lib : _lock.obj (.cinit)
                  003f6440    0000000a                    : exit.obj (.cinit)
                  003f644a    00000009     SCPI_buildTree.obj (.cinit)
                  003f6453    00000008     SCPI_parser.obj (.cinit)
                  003f645b    00000008     StateMachine.obj (.cinit)
                  003f6463    00000004     Ocp.obj (.cinit)
                  003f6467    00000004     Opp.obj (.cinit)
                  003f646b    00000004     Otp.obj (.cinit)
                  003f646f    00000004     Ovp.obj (.cinit)
                  003f6473    00000004     SCPI_specificCmds.obj (.cinit)
                  003f6477    00000004     rts2800_ml.lib : errno.obj (.cinit)
                  003f647b    00000004     slaveMode.obj (.cinit)
                  003f647f    00000002     --HOLE-- [fill = 0]

IQmath     0    003f6481    0000003c     
                  003f6481    00000014     IQmath.lib : IQ14toF.obj (IQmath)
                  003f6495    00000014                : IQ24toF.obj (IQmath)
                  003f64a9    00000014                : IQ26toF.obj (IQmath)

codestart 
*          0    003f7ff6    00000002     
                  003f7ff6    00000002     DSP2802x_CodeStartBranch.obj (codestart)

.reset     0    003fffc0    00000002     DSECT
                  003fffc0    00000002     rts2800_ml.lib : boot.obj (.reset)

vectors    0    003fffc2    00000000     DSECT

.stack     1    00000050    00000380     UNINITIALIZED
                  00000050    00000380     --HOLE--

.ebss.1    1    00000400    0000027c     UNINITIALIZED
                  00000400    000000c8     MacroNets.obj (.ebss)
                  000004c8    0000002e     SCPI_respFmtr.obj (.ebss)
                  000004f6    0000000a     StateMachine.obj (.ebss)
                  00000500    000000a4     SCPI_inputBuffer.obj (.ebss)
                  000005a4    0000001c     Cntl.obj (.ebss)
                  000005c0    000000a4     SCPI_msgEPCtrl.obj (.ebss)
                  00000664    0000000b     EnableCtrl.obj (.ebss)
                  0000066f    0000000a     Tmp.obj (.ebss)
                  00000679    00000001     SCPI_specificCmds.obj (.ebss)
                  0000067a    00000001     rts2800_ml.lib : errno.obj (.ebss)
                  0000067b    00000001     slaveMode.obj (.ebss)

.ebss.2    1    00000680    000000a4     UNINITIALIZED
                  00000680    000000a4     SCPI_outputQueue.obj (.ebss)

.ebss.3    1    00000740    00000027     UNINITIALIZED
                  00000740    00000027     SCPI_string.obj (.ebss)

.ebss.4    1    00000780    00000025     UNINITIALIZED
                  00000780    00000025     SCPI_status.obj (.ebss)

DevEmuRegsFile 
*          1    00000880    00000004     UNINITIALIZED
                  00000880    00000004     DSP2802x_GlobalVariableDefs.obj (DevEmuRegsFile)

SysPwrCtrlRegsFile 
*          1    00000985    00000003     UNINITIALIZED
                  00000985    00000003     DSP2802x_GlobalVariableDefs.obj (SysPwrCtrlRegsFile)

FlashRegsFile 
*          1    00000a80    00000008     UNINITIALIZED
                  00000a80    00000008     DSP2802x_GlobalVariableDefs.obj (FlashRegsFile)

CsmRegsFile 
*          1    00000ae0    00000010     UNINITIALIZED
                  00000ae0    00000010     DSP2802x_GlobalVariableDefs.obj (CsmRegsFile)

AdcResultFile 
*          1    00000b00    00000020     UNINITIALIZED
                  00000b00    00000020     DSP2802x_GlobalVariableDefs.obj (AdcResultFile)

CpuTimer0RegsFile 
*          1    00000c00    00000008     UNINITIALIZED
                  00000c00    00000008     DSP2802x_GlobalVariableDefs.obj (CpuTimer0RegsFile)

CpuTimer1RegsFile 
*          1    00000c08    00000008     UNINITIALIZED
                  00000c08    00000008     DSP2802x_GlobalVariableDefs.obj (CpuTimer1RegsFile)

CpuTimer2RegsFile 
*          1    00000c10    00000008     UNINITIALIZED
                  00000c10    00000008     DSP2802x_GlobalVariableDefs.obj (CpuTimer2RegsFile)

PieCtrlRegsFile 
*          1    00000ce0    0000001a     UNINITIALIZED
                  00000ce0    0000001a     DSP2802x_GlobalVariableDefs.obj (PieCtrlRegsFile)

PieVectTableFile 
*          1    00000d00    00000100     UNINITIALIZED
                  00000d00    00000100     DSP2802x_GlobalVariableDefs.obj (PieVectTableFile)

EmuKeyVar 
*          1    00000d00    00000001     UNINITIALIZED
                  00000d00    00000001     DSP2802x_GlobalVariableDefs.obj (EmuKeyVar)

EmuBModeVar 
*          1    00000d01    00000001     UNINITIALIZED
                  00000d01    00000001     DSP2802x_GlobalVariableDefs.obj (EmuBModeVar)

FlashCallbackVar 
*          1    00000d02    00000002     UNINITIALIZED
                  00000d02    00000002     DSP2802x_GlobalVariableDefs.obj (FlashCallbackVar)

FlashScalingVar 
*          1    00000d04    00000002     UNINITIALIZED
                  00000d04    00000002     DSP2802x_GlobalVariableDefs.obj (FlashScalingVar)

Comp1RegsFile 
*          1    00006400    00000014     UNINITIALIZED
                  00006400    00000014     DSP2802x_GlobalVariableDefs.obj (Comp1RegsFile)

Comp2RegsFile 
*          1    00006420    00000014     UNINITIALIZED
                  00006420    00000014     DSP2802x_GlobalVariableDefs.obj (Comp2RegsFile)

EPwm1RegsFile 
*          1    00006800    0000003a     UNINITIALIZED
                  00006800    0000003a     DSP2802x_GlobalVariableDefs.obj (EPwm1RegsFile)

EPwm2RegsFile 
*          1    00006840    0000003a     UNINITIALIZED
                  00006840    0000003a     DSP2802x_GlobalVariableDefs.obj (EPwm2RegsFile)

EPwm3RegsFile 
*          1    00006880    0000003a     UNINITIALIZED
                  00006880    0000003a     DSP2802x_GlobalVariableDefs.obj (EPwm3RegsFile)

EPwm4RegsFile 
*          1    000068c0    0000003a     UNINITIALIZED
                  000068c0    0000003a     DSP2802x_GlobalVariableDefs.obj (EPwm4RegsFile)

ECap1RegsFile 
*          1    00006a00    00000020     UNINITIALIZED
                  00006a00    00000020     DSP2802x_GlobalVariableDefs.obj (ECap1RegsFile)

GpioCtrlRegsFile 
*          1    00006f80    00000040     UNINITIALIZED
                  00006f80    00000040     DSP2802x_GlobalVariableDefs.obj (GpioCtrlRegsFile)

GpioDataRegsFile 
*          1    00006fc0    00000020     UNINITIALIZED
                  00006fc0    00000020     DSP2802x_GlobalVariableDefs.obj (GpioDataRegsFile)

GpioIntRegsFile 
*          1    00006fe0    0000000a     UNINITIALIZED
                  00006fe0    0000000a     DSP2802x_GlobalVariableDefs.obj (GpioIntRegsFile)

SysCtrlRegsFile 
*          1    00007010    0000001f     UNINITIALIZED
                  00007010    0000001f     DSP2802x_GlobalVariableDefs.obj (SysCtrlRegsFile)

SpiaRegsFile 
*          1    00007040    00000010     UNINITIALIZED
                  00007040    00000010     DSP2802x_GlobalVariableDefs.obj (SpiaRegsFile)

SciaRegsFile 
*          1    00007050    00000010     UNINITIALIZED
                  00007050    00000010     DSP2802x_GlobalVariableDefs.obj (SciaRegsFile)

NmiIntruptRegsFile 
*          1    00007060    00000010     UNINITIALIZED
                  00007060    00000010     DSP2802x_GlobalVariableDefs.obj (NmiIntruptRegsFile)

XIntruptRegsFile 
*          1    00007070    00000010     UNINITIALIZED
                  00007070    00000010     DSP2802x_GlobalVariableDefs.obj (XIntruptRegsFile)

AdcRegsFile 
*          1    00007100    00000051     UNINITIALIZED
                  00007100    00000051     DSP2802x_GlobalVariableDefs.obj (AdcRegsFile)

I2caRegsFile 
*          1    00007900    00000022     UNINITIALIZED
                  00007900    00000022     DSP2802x_GlobalVariableDefs.obj (I2caRegsFile)

SINTBL     1    00008800    00000101     
                  00008800    00000101     C28x_SGEN_Lib_fixed.lib : SINTB360.obj (SINTBL)

ADCDRV_1ch_Section 
*          1    00008902    0000001a     UNINITIALIZED
                  00008902    0000001a     BurnInUnit_ISR.obj (ADCDRV_1ch_Section)

PWMDRV_2ch_UpCnt_Section 
*          1    0000891c    00000012     UNINITIALIZED
                  0000891c    00000012     BurnInUnit_ISR.obj (PWMDRV_2ch_UpCnt_Section)

SGENTI_1ch_Struct 
*          1    0000892e    00000008     UNINITIALIZED
                  0000892e    00000008     SineGen.obj (SGENTI_1ch_Struct)

ZeroNet_Section 
*          1    00008936    00000002     UNINITIALIZED
                  00008936    00000002     BurnInUnit_ISR.obj (ZeroNet_Section)

ISR_Section 
*          1    00008938    00000001     UNINITIALIZED
                  00008938    00000001     BurnInUnit_ISR.obj (ISR_Section)

.ebss.5    1    0000893a    00000006     UNINITIALIZED
                  0000893a    00000004     rts2800_ml.lib : _lock.obj (.ebss)
                  0000893e    00000002     SCPI_parser.obj (.ebss)

CNTL_2P2Z_Coef 
*          1    00008940    00000078     UNINITIALIZED
                  00008940    00000078     Cntl.obj (CNTL_2P2Z_Coef)

.ebss.6    1    000089b8    00000008     UNINITIALIZED
                  000089b8    00000008     Spi.obj (.ebss)

CNTL_2P2Z_Section 
*          1    000089c0    0000006c     UNINITIALIZED
                  000089c0    0000006c     BurnInUnit_ISR.obj (CNTL_2P2Z_Section)

.ebss.7    1    00008a2c    000005d4     UNINITIALIZED
                  00008a2c    0000000e     I2c.obj (.ebss)
                  00008a3a    00000004     rts2800_ml.lib : exit.obj (.ebss)
                  00008a3e    00000001     Ocp.obj (.ebss)
                  00008a3f    00000001     Opp.obj (.ebss)
                  00008a40    00000370     SCPI_buildTree.obj (.ebss)
                  00008db0    0000000e     Main.obj (.ebss)
                  00008dbe    00000001     Otp.obj (.ebss)
                  00008dbf    00000001     Ovp.obj (.ebss)
                  00008dc0    00000208     SineGen.obj (.ebss)
                  00008fc8    00000038     SCPI_lexer.obj (.ebss)

PartIdRegsFile 
*          1    003d7fff    00000001     UNINITIALIZED
                  003d7fff    00000001     DSP2802x_GlobalVariableDefs.obj (PartIdRegsFile)

CsmPwlFile 
*          1    003f7ff8    00000008     UNINITIALIZED
                  003f7ff8    00000008     DSP2802x_GlobalVariableDefs.obj (CsmPwlFile)


GLOBAL SYMBOLS: SORTED ALPHABETICALLY BY Name 

address    name
--------   ----
ffffffff   .text
003f1623   C$$EXIT
003f0f39   FD$$MPY
003f1524   FD$$TOI
003f1545   FD$$TOL
003f11c5   FS$$ADD
003f163c   FS$$CMP
003f0fbc   FS$$DIV
003f12f5   FS$$MPY
003f16bb   FS$$NEG
003f11c0   FS$$SUB
003f159f   FS$$TOFD
003f14dd   FS$$TOI
003f14b4   FS$$TOL
003f1582   FS$$TOU
003f1502   I$$DIV
003f1513   I$$MOD
003f15d6   I$$TOFS
003f15f0   L$$TOFS
00008800   SINTAB_360
003f169a   U$$DIV
003f169f   U$$MOD
003f168a   U$$TOFS
003f1667   UL$$TOFS
00008902   _ADCDRV_1ch_Rlt1
00008914   _ADCDRV_1ch_Rlt10
00008916   _ADCDRV_1ch_Rlt11
00008918   _ADCDRV_1ch_Rlt12
0000891a   _ADCDRV_1ch_Rlt13
00008904   _ADCDRV_1ch_Rlt2
00008906   _ADCDRV_1ch_Rlt3
00008908   _ADCDRV_1ch_Rlt4
0000890a   _ADCDRV_1ch_Rlt5
0000890c   _ADCDRV_1ch_Rlt6
0000890e   _ADCDRV_1ch_Rlt7
00008910   _ADCDRV_1ch_Rlt8
00008912   _ADCDRV_1ch_Rlt9
003f3143   _ADC_SOC_CNF
00007100   _AdcRegs
00000b00   _AdcResult
000004fe   _Alpha_State_Ptr
003f362b   _CLS
000089c6   _CNTL_2P2Z_Coef1
000089d8   _CNTL_2P2Z_Coef2
000089ea   _CNTL_2P2Z_Coef3
000089fc   _CNTL_2P2Z_Coef4
00008a0e   _CNTL_2P2Z_Coef5
00008a20   _CNTL_2P2Z_Coef6
000089c8   _CNTL_2P2Z_DBUFF1
000089da   _CNTL_2P2Z_DBUFF2
000089ec   _CNTL_2P2Z_DBUFF3
00008a00   _CNTL_2P2Z_DBUFF4
00008a10   _CNTL_2P2Z_DBUFF5
00008a22   _CNTL_2P2Z_DBUFF6
000089c2   _CNTL_2P2Z_Fdbk1
000089d4   _CNTL_2P2Z_Fdbk2
000089e6   _CNTL_2P2Z_Fdbk3
000089f8   _CNTL_2P2Z_Fdbk4
00008a0a   _CNTL_2P2Z_Fdbk5
00008a1c   _CNTL_2P2Z_Fdbk6
000089c4   _CNTL_2P2Z_Out1
000089d6   _CNTL_2P2Z_Out2
000089e8   _CNTL_2P2Z_Out3
000089fa   _CNTL_2P2Z_Out4
00008a0c   _CNTL_2P2Z_Out5
00008a1e   _CNTL_2P2Z_Out6
000089c0   _CNTL_2P2Z_Ref1
000089d2   _CNTL_2P2Z_Ref2
000089e4   _CNTL_2P2Z_Ref3
000089f6   _CNTL_2P2Z_Ref4
000089fe   _CNTL_2P2Z_Ref5
00008a1a   _CNTL_2P2Z_Ref6
00006400   _Comp1Regs
00006420   _Comp2Regs
00000c00   _CpuTimer0Regs
00000c08   _CpuTimer1Regs
00000c10   _CpuTimer2Regs
003f7ff8   _CsmPwl
00000ae0   _CsmRegs
003f0eac   _DCL
003f0eaa   _DFC
003f0a6c   _DLOG_BuffInit
00008000   _DPL_ISR
003f04f1   _DPL_Init
000081ef   _DSP28x_usDelay
00000880   _DevEmuRegs
003f3c7f   _DeviceInit
00006a00   _ECap1Regs
00006800   _EPwm1Regs
00006840   _EPwm2Regs
00006880   _EPwm3Regs
000068c0   _EPwm4Regs
003f35fd   _ESE
003f35f3   _ESR
00000d01   _EmuBMode
00000d00   _EmuKey
00000a80   _FlashRegs
00000d04   _Flash_CPUScaleFactor
00000d02   _Flash_CallbackPtr
003f0ea4   _GET
003f0ea2   _GTL
00006f80   _GpioCtrlRegs
00006fc0   _GpioDataRegs
00006fe0   _GpioIntRegs
003f0ea0   _HFC
00007900   _I2caRegs
003f35b0   _IDN
003f16b6   _ISR_ILLEGAL
000081d2   _InitFlash
003f0e9e   _LLO
003f3c6e   _MemCopy
00007060   _NmiIntruptRegs
003f359d   _OPC
003f3c3c   _PLLset
003f0e9c   _POL
0000891c   _PWMDRV_2ch_UpCnt_Duty1A
0000891e   _PWMDRV_2ch_UpCnt_Duty1B
00008922   _PWMDRV_2ch_UpCnt_Duty2A
00008924   _PWMDRV_2ch_UpCnt_Duty2B
00008928   _PWMDRV_2ch_UpCnt_Duty3A
0000892a   _PWMDRV_2ch_UpCnt_Duty3B
00008920   _PWMDRV_2ch_UpCnt_Period1
00008926   _PWMDRV_2ch_UpCnt_Period2
0000892c   _PWMDRV_2ch_UpCnt_Period3
003f1299   _PWM_2ch_UpCnt_CNF
003d7fff   _PartIdRegs
003f3c1d   _PieCntlInit
00000ce0   _PieCtrlRegs
00000d00   _PieVectTable
003f3c0c   _PieVectTableInit
003f3599   _RST
003f01f3   _RamfuncsLoadEnd
003f0000   _RamfuncsLoadStart
00008000   _RamfuncsRunStart
003f0e9a   _SFC
003f15bb   _SGENTI_1_calc
00008dc4   _SGENTI_1ch_VOut
003f3569   _SRE
003f0e98   _SRQ
003f3553   _STB
00007050   _SciaRegs
00000781   _ScpiRegs
00007040   _SpiaRegs
00007010   _SysCtrlRegs
00000985   _SysPwrCtrlRegs
003f3540   _TST
003f353e   _WAI
003f3c04   _WDogDisable
00007070   _XIntruptRegs
003f6481   __IQ14toF
003f6495   __IQ24toF
003f64a9   __IQ26toF
000003d0   __STACK_END
00000380   __STACK_SIZE
00000001   __TI_args_main
ffffffff   ___binit__
ffffffff   ___c_args__
003f62f8   ___cinit__
ffffffff   ___etext__
ffffffff   ___pinit__
ffffffff   ___text__
003f160a   __args_main
00008a3a   __cleanup_ptr
003f6000   __ctypes_
00008a3c   __dtors_ptr
0000893c   __lock
003f0d9d   __log
003f16ad   __nop
003f16a9   __register_lock
003f16a5   __register_unlock
00000050   __stack
0000893a   __unlock
003f1623   _abort
00008940   _acICoefs
0000041c   _acNets
00000440   _acSettings
0000894e   _acVCoefs
003f2f4f   _breakString
003f0811   _buildScpiTree
003f1394   _c_int00
003f069b   _calAll
000005a4   _cfLimits
00008db0   _chan1Target
00008db2   _chan2Target
003f0cd6   _checkAcOpp
003f2505   _checkAcOtp
003f37c7   _checkAcOvp
003f37b6   _checkDcHvOvp
003f29a3   _checkDcMidOcp
003f24d9   _checkDcOtp
003f2490   _checkExtOtp
003f297f   _checkLoadOcp
003f0ca1   _checkLoadOpp
003f2456   _checkLoadOtp
003f3792   _checkLoadOvp
003f296f   _clearAcOcp
003f0c95   _clearAcOpp
003f244a   _clearAcOtp
003f3786   _clearAcOvp
003f377a   _clearDcHvOvp
003f2963   _clearDcMidOcp
003f376a   _clearDcMidOvp
003f243e   _clearDcOtp
003f242f   _clearExtOtp
003f083a   _clearIBuff
003f2954   _clearLoadOcp
003f0c86   _clearLoadOpp
003f2420   _clearLoadOtp
003f375b   _clearLoadOvp
003f0b28   _clearOQueue
003f3132   _clearOperCondRegs
003f3123   _clearQuesCondRegs
003f311e   _commandError
003f0697   _contIdleInit
003f0bd0   _dataOnOQueue
003f0e96   _ddd
00000408   _debugSettings
003f1564   _detectSlaveMode
003f3119   _deviceError
003f3e33   _disableCircuit
000004f6   _disableSection
003f3aad   _disableSinePhaseOut
003f2e41   _dtoa
00000406   _dumpNet
00008db4   _ePWM
00000401   _enableAllFlag
003f3dd3   _enableCircuit
000004f7   _enableSection
003f3aa8   _enableSinePhaseOut
0000067a   _errno
003f148d   _execCtrl
003f3114   _executionError
003f1625   _exit
003f0bd7   _exp
0000040e   _extSettings
003f1653   _frexp
003f347c   _getAcDac
003f279a   _getAcICoef
003f292c   _getAcOcpLevel
003f2926   _getAcOcpState
003f0c80   _getAcOppState
003f240c   _getAcOtpLevel
003f2406   _getAcOtpState
003f3733   _getAcOvpLevel
003f372d   _getAcOvpState
003f277a   _getAcVCoef
003f3dc0   _getCurrentState
003f3705   _getDcHvOvpLevel
003f36ff   _getDcHvOvpState
003f03ee   _getDcHvVoltage
003f03c6   _getDcMidCurrent
003f28fc   _getDcMidOcpLevel
003f28f6   _getDcMidOcpState
003f36f9   _getDcMidOvpState
003f039e   _getDcMidVoltage
003f23f2   _getDcOtpLevel
003f23ec   _getDcOtpState
003f23c5   _getExtOtpLevel
003f23b6   _getExtOtpState
003f0366   _getLoadCurrent
003f2757   _getLoadICoef
003f28c3   _getLoadOcpLevel
003f28b8   _getLoadOcpState
003f0c75   _getLoadOppState
003f239a   _getLoadOtpLevel
003f238f   _getLoadOtpState
003f36ee   _getLoadOvpState
003f3fa1   _getLoadSlewStep
003f3f77   _getLoadSlewTarget
003f3f66   _getLoadState
003f032e   _getLoadVoltage
003f3a9d   _getSineGainStep
003f3a92   _getSineGainTarget
003f3a89   _getSineState
00008a2c   _i2cIsrErr
00008a30   _i2cMsgBlank
003f099f   _i2cPopMsg
003f0926   _i2cRead
003f095c   _i2cWrite
003f3466   _initAcComparator
003f33ba   _initAcTripzone
003f030e   _initAdc
003f26fa   _initCoefs
003f3427   _initDcComparator
003f3d4b   _initEnableControl
003f08fe   _initI2c
003f136c   _initPwm
003f3a6f   _initSine
003f11af   _initStateMachine
003f0d73   _initTemperature
003f3420   _initTripZone
003f0654   _instCat
003f0652   _instNsel
003f0650   _instStat
003f2dff   _itoa
003f13d8   _ldexp
003f2cdd   _lexProgramMsg
00008980   _loadICoefs
00000452   _loadNets
00000480   _loadSettings
003f0a74   _log10
003f09be   _main
003f3fcb   _modf
000005c4   _msgs
00000679   _nSel
00008a3e   _ocpFlagRegister
003f02f2   _oldSpiRxIsr
003f310f   _operationComplete
00008a3f   _oppFlagRegister
00008dbe   _otpFlagRegister
00008dbf   _ovpFlagRegister
003f1116   _parseMsgUnit
003f08b8   _popIBuff
003f0ba0   _popOQueue
003f103f   _pow
003f085a   _pushIBuff
003f0b4c   _pushOQueue
003f310a   _queryError
003f30f8   _readOISumEven
003f30e6   _readQISumEven
003f0d0e   _readTemperature
003f0796   _registerChild
003f34a3   _registerCommonCommands
003f05c8   _registerDeviceCommands
003f0e2a   _registerEmulationCommands
003f3886   _registerRequiredCommands
003f30e1   _requestControl
003f3dad   _resetEnableControl
003f1488   _resetExecCtrl
003f0852   _resetIBuff
003f2bc1   _resetLexer
003f0b44   _resetOQueue
003f10c2   _resetParser
003f04eb   _resetRespFmtr
003f0481   _respFmtr
003f0416   _respond
003f3356   _rstAcTripzone
003f333c   _rstDcTripzone
003f221c   _runAll
003f0ed1   _sciInit
003f0eb2   _sciTx
003f2a0a   _scpi
003f29b4   _scpiChangeIOTx
003f29d9   _scpiInit
003f29bd   _scpiReset
003f29f2   _scpiTest
003f3302   _setAcDac
003f269b   _setAcICoef
003f2860   _setAcOcpLevel
003f235f   _setAcOtpLevel
003f3699   _setAcOvpLevel
003f260c   _setAcVCoef
003f364b   _setDcHvOvpLevel
003f280c   _setDcMidOcpLevel
003f232f   _setDcOtpLevel
003f22de   _setExtOtpLevel
003f2578   _setLoadICoef
003f27c2   _setLoadOcpLevel
003f22a0   _setLoadOtpLevel
003f3f1f   _setLoadSlewStep
003f3ed0   _setLoadSlewTarget
003f3ebe   _setLoadState
003f3eaf   _setLoadStateAll
003f309e   _setOISumBit
003f305b   _setQISumBit
003f3a3b   _setSineGainStep
003f39d5   _setSineGainTarget
003f3a09   _setSineRmsTarget
003f39cc   _setSineState
003f21ac   _setupNets
003f076e   _shortenName
0000892e   _sigGen
00008e00   _sine_abs
00008f00   _sine_sign
0000067b   _slaveModeStatus
003f0244   _spiInit
003f0218   _spiTx_Master
003f01f3   _spiTx_Slave
003f387d   _statOperCond
003f384f   _statOperEnab
003f383e   _statOperEven
003f3838   _statPres
003f382f   _statQuesCond
003f3801   _statQuesEnab
003f37f0   _statQuesEven
003f20a8   _stopAll
00000400   _stopAllFlag
003f2df6   _strcat
003f2d8b   _strchr
003f2de2   _strcmp
003f2ddc   _strcpy
003f2da4   _strcspn
003f2d95   _strspn
003f3ab1   _strtod
003f2dd4   _strtok
003f2db3   _strtok_r
003f37e6   _systErrNext
003f37d8   _systVers
00000402   _testAcPwmFixed
003f167a   _timersSetupReal
00008a80   _tree
003f27ba   _tripAcOcp
003f3643   _tripDcMidOvp
003f2000   _updateDebugSettings
003f2fbd   _updateESB
003f3e8d   _updateLoadSlew
003f2fcb   _updateMAV
003f3053   _updateMSS
003f2fad   _updateOPER
003f2f70   _updateOperReg
003f300c   _updateQUES
003f2fdd   _updateQuesReg
003f301c   _updateSTB
003f39a5   _updateSineGain
003f3956   _updateSineSignal
00000414   _xfmrNets
00000426   _xfmrSettings
ffffffff   binit
003f62f8   cinit
003f7ff6   code_start
ffffffff   etext
ffffffff   pinit


GLOBAL SYMBOLS: SORTED BY Symbol Address 

address    name
--------   ----
00000001   __TI_args_main
00000050   __stack
00000380   __STACK_SIZE
000003d0   __STACK_END
00000400   _stopAllFlag
00000401   _enableAllFlag
00000402   _testAcPwmFixed
00000406   _dumpNet
00000408   _debugSettings
0000040e   _extSettings
00000414   _xfmrNets
0000041c   _acNets
00000426   _xfmrSettings
00000440   _acSettings
00000452   _loadNets
00000480   _loadSettings
000004f6   _disableSection
000004f7   _enableSection
000004fe   _Alpha_State_Ptr
000005a4   _cfLimits
000005c4   _msgs
00000679   _nSel
0000067a   _errno
0000067b   _slaveModeStatus
00000781   _ScpiRegs
00000880   _DevEmuRegs
00000985   _SysPwrCtrlRegs
00000a80   _FlashRegs
00000ae0   _CsmRegs
00000b00   _AdcResult
00000c00   _CpuTimer0Regs
00000c08   _CpuTimer1Regs
00000c10   _CpuTimer2Regs
00000ce0   _PieCtrlRegs
00000d00   _EmuKey
00000d00   _PieVectTable
00000d01   _EmuBMode
00000d02   _Flash_CallbackPtr
00000d04   _Flash_CPUScaleFactor
00006400   _Comp1Regs
00006420   _Comp2Regs
00006800   _EPwm1Regs
00006840   _EPwm2Regs
00006880   _EPwm3Regs
000068c0   _EPwm4Regs
00006a00   _ECap1Regs
00006f80   _GpioCtrlRegs
00006fc0   _GpioDataRegs
00006fe0   _GpioIntRegs
00007010   _SysCtrlRegs
00007040   _SpiaRegs
00007050   _SciaRegs
00007060   _NmiIntruptRegs
00007070   _XIntruptRegs
00007100   _AdcRegs
00007900   _I2caRegs
00008000   _DPL_ISR
00008000   _RamfuncsRunStart
000081d2   _InitFlash
000081ef   _DSP28x_usDelay
00008800   SINTAB_360
00008902   _ADCDRV_1ch_Rlt1
00008904   _ADCDRV_1ch_Rlt2
00008906   _ADCDRV_1ch_Rlt3
00008908   _ADCDRV_1ch_Rlt4
0000890a   _ADCDRV_1ch_Rlt5
0000890c   _ADCDRV_1ch_Rlt6
0000890e   _ADCDRV_1ch_Rlt7
00008910   _ADCDRV_1ch_Rlt8
00008912   _ADCDRV_1ch_Rlt9
00008914   _ADCDRV_1ch_Rlt10
00008916   _ADCDRV_1ch_Rlt11
00008918   _ADCDRV_1ch_Rlt12
0000891a   _ADCDRV_1ch_Rlt13
0000891c   _PWMDRV_2ch_UpCnt_Duty1A
0000891e   _PWMDRV_2ch_UpCnt_Duty1B
00008920   _PWMDRV_2ch_UpCnt_Period1
00008922   _PWMDRV_2ch_UpCnt_Duty2A
00008924   _PWMDRV_2ch_UpCnt_Duty2B
00008926   _PWMDRV_2ch_UpCnt_Period2
00008928   _PWMDRV_2ch_UpCnt_Duty3A
0000892a   _PWMDRV_2ch_UpCnt_Duty3B
0000892c   _PWMDRV_2ch_UpCnt_Period3
0000892e   _sigGen
0000893a   __unlock
0000893c   __lock
00008940   _acICoefs
0000894e   _acVCoefs
00008980   _loadICoefs
000089c0   _CNTL_2P2Z_Ref1
000089c2   _CNTL_2P2Z_Fdbk1
000089c4   _CNTL_2P2Z_Out1
000089c6   _CNTL_2P2Z_Coef1
000089c8   _CNTL_2P2Z_DBUFF1
000089d2   _CNTL_2P2Z_Ref2
000089d4   _CNTL_2P2Z_Fdbk2
000089d6   _CNTL_2P2Z_Out2
000089d8   _CNTL_2P2Z_Coef2
000089da   _CNTL_2P2Z_DBUFF2
000089e4   _CNTL_2P2Z_Ref3
000089e6   _CNTL_2P2Z_Fdbk3
000089e8   _CNTL_2P2Z_Out3
000089ea   _CNTL_2P2Z_Coef3
000089ec   _CNTL_2P2Z_DBUFF3
000089f6   _CNTL_2P2Z_Ref4
000089f8   _CNTL_2P2Z_Fdbk4
000089fa   _CNTL_2P2Z_Out4
000089fc   _CNTL_2P2Z_Coef4
000089fe   _CNTL_2P2Z_Ref5
00008a00   _CNTL_2P2Z_DBUFF4
00008a0a   _CNTL_2P2Z_Fdbk5
00008a0c   _CNTL_2P2Z_Out5
00008a0e   _CNTL_2P2Z_Coef5
00008a10   _CNTL_2P2Z_DBUFF5
00008a1a   _CNTL_2P2Z_Ref6
00008a1c   _CNTL_2P2Z_Fdbk6
00008a1e   _CNTL_2P2Z_Out6
00008a20   _CNTL_2P2Z_Coef6
00008a22   _CNTL_2P2Z_DBUFF6
00008a2c   _i2cIsrErr
00008a30   _i2cMsgBlank
00008a3a   __cleanup_ptr
00008a3c   __dtors_ptr
00008a3e   _ocpFlagRegister
00008a3f   _oppFlagRegister
00008a80   _tree
00008db0   _chan1Target
00008db2   _chan2Target
00008db4   _ePWM
00008dbe   _otpFlagRegister
00008dbf   _ovpFlagRegister
00008dc4   _SGENTI_1ch_VOut
00008e00   _sine_abs
00008f00   _sine_sign
003d7fff   _PartIdRegs
003f0000   _RamfuncsLoadStart
003f01f3   _RamfuncsLoadEnd
003f01f3   _spiTx_Slave
003f0218   _spiTx_Master
003f0244   _spiInit
003f02f2   _oldSpiRxIsr
003f030e   _initAdc
003f032e   _getLoadVoltage
003f0366   _getLoadCurrent
003f039e   _getDcMidVoltage
003f03c6   _getDcMidCurrent
003f03ee   _getDcHvVoltage
003f0416   _respond
003f0481   _respFmtr
003f04eb   _resetRespFmtr
003f04f1   _DPL_Init
003f05c8   _registerDeviceCommands
003f0650   _instStat
003f0652   _instNsel
003f0654   _instCat
003f0697   _contIdleInit
003f069b   _calAll
003f076e   _shortenName
003f0796   _registerChild
003f0811   _buildScpiTree
003f083a   _clearIBuff
003f0852   _resetIBuff
003f085a   _pushIBuff
003f08b8   _popIBuff
003f08fe   _initI2c
003f0926   _i2cRead
003f095c   _i2cWrite
003f099f   _i2cPopMsg
003f09be   _main
003f0a6c   _DLOG_BuffInit
003f0a74   _log10
003f0b28   _clearOQueue
003f0b44   _resetOQueue
003f0b4c   _pushOQueue
003f0ba0   _popOQueue
003f0bd0   _dataOnOQueue
003f0bd7   _exp
003f0c75   _getLoadOppState
003f0c80   _getAcOppState
003f0c86   _clearLoadOpp
003f0c95   _clearAcOpp
003f0ca1   _checkLoadOpp
003f0cd6   _checkAcOpp
003f0d0e   _readTemperature
003f0d73   _initTemperature
003f0d9d   __log
003f0e2a   _registerEmulationCommands
003f0e96   _ddd
003f0e98   _SRQ
003f0e9a   _SFC
003f0e9c   _POL
003f0e9e   _LLO
003f0ea0   _HFC
003f0ea2   _GTL
003f0ea4   _GET
003f0eaa   _DFC
003f0eac   _DCL
003f0eb2   _sciTx
003f0ed1   _sciInit
003f0f39   FD$$MPY
003f0fbc   FS$$DIV
003f103f   _pow
003f10c2   _resetParser
003f1116   _parseMsgUnit
003f11af   _initStateMachine
003f11c0   FS$$SUB
003f11c5   FS$$ADD
003f1299   _PWM_2ch_UpCnt_CNF
003f12f5   FS$$MPY
003f136c   _initPwm
003f1394   _c_int00
003f13d8   _ldexp
003f1488   _resetExecCtrl
003f148d   _execCtrl
003f14b4   FS$$TOL
003f14dd   FS$$TOI
003f1502   I$$DIV
003f1513   I$$MOD
003f1524   FD$$TOI
003f1545   FD$$TOL
003f1564   _detectSlaveMode
003f1582   FS$$TOU
003f159f   FS$$TOFD
003f15bb   _SGENTI_1_calc
003f15d6   I$$TOFS
003f15f0   L$$TOFS
003f160a   __args_main
003f1623   C$$EXIT
003f1623   _abort
003f1625   _exit
003f163c   FS$$CMP
003f1653   _frexp
003f1667   UL$$TOFS
003f167a   _timersSetupReal
003f168a   U$$TOFS
003f169a   U$$DIV
003f169f   U$$MOD
003f16a5   __register_unlock
003f16a9   __register_lock
003f16ad   __nop
003f16b6   _ISR_ILLEGAL
003f16bb   FS$$NEG
003f2000   _updateDebugSettings
003f20a8   _stopAll
003f21ac   _setupNets
003f221c   _runAll
003f22a0   _setLoadOtpLevel
003f22de   _setExtOtpLevel
003f232f   _setDcOtpLevel
003f235f   _setAcOtpLevel
003f238f   _getLoadOtpState
003f239a   _getLoadOtpLevel
003f23b6   _getExtOtpState
003f23c5   _getExtOtpLevel
003f23ec   _getDcOtpState
003f23f2   _getDcOtpLevel
003f2406   _getAcOtpState
003f240c   _getAcOtpLevel
003f2420   _clearLoadOtp
003f242f   _clearExtOtp
003f243e   _clearDcOtp
003f244a   _clearAcOtp
003f2456   _checkLoadOtp
003f2490   _checkExtOtp
003f24d9   _checkDcOtp
003f2505   _checkAcOtp
003f2578   _setLoadICoef
003f260c   _setAcVCoef
003f269b   _setAcICoef
003f26fa   _initCoefs
003f2757   _getLoadICoef
003f277a   _getAcVCoef
003f279a   _getAcICoef
003f27ba   _tripAcOcp
003f27c2   _setLoadOcpLevel
003f280c   _setDcMidOcpLevel
003f2860   _setAcOcpLevel
003f28b8   _getLoadOcpState
003f28c3   _getLoadOcpLevel
003f28f6   _getDcMidOcpState
003f28fc   _getDcMidOcpLevel
003f2926   _getAcOcpState
003f292c   _getAcOcpLevel
003f2954   _clearLoadOcp
003f2963   _clearDcMidOcp
003f296f   _clearAcOcp
003f297f   _checkLoadOcp
003f29a3   _checkDcMidOcp
003f29b4   _scpiChangeIOTx
003f29bd   _scpiReset
003f29d9   _scpiInit
003f29f2   _scpiTest
003f2a0a   _scpi
003f2bc1   _resetLexer
003f2cdd   _lexProgramMsg
003f2d8b   _strchr
003f2d95   _strspn
003f2da4   _strcspn
003f2db3   _strtok_r
003f2dd4   _strtok
003f2ddc   _strcpy
003f2de2   _strcmp
003f2df6   _strcat
003f2dff   _itoa
003f2e41   _dtoa
003f2f4f   _breakString
003f2f70   _updateOperReg
003f2fad   _updateOPER
003f2fbd   _updateESB
003f2fcb   _updateMAV
003f2fdd   _updateQuesReg
003f300c   _updateQUES
003f301c   _updateSTB
003f3053   _updateMSS
003f305b   _setQISumBit
003f309e   _setOISumBit
003f30e1   _requestControl
003f30e6   _readQISumEven
003f30f8   _readOISumEven
003f310a   _queryError
003f310f   _operationComplete
003f3114   _executionError
003f3119   _deviceError
003f311e   _commandError
003f3123   _clearQuesCondRegs
003f3132   _clearOperCondRegs
003f3143   _ADC_SOC_CNF
003f3302   _setAcDac
003f333c   _rstDcTripzone
003f3356   _rstAcTripzone
003f33ba   _initAcTripzone
003f3420   _initTripZone
003f3427   _initDcComparator
003f3466   _initAcComparator
003f347c   _getAcDac
003f34a3   _registerCommonCommands
003f353e   _WAI
003f3540   _TST
003f3553   _STB
003f3569   _SRE
003f3599   _RST
003f359d   _OPC
003f35b0   _IDN
003f35f3   _ESR
003f35fd   _ESE
003f362b   _CLS
003f3643   _tripDcMidOvp
003f364b   _setDcHvOvpLevel
003f3699   _setAcOvpLevel
003f36ee   _getLoadOvpState
003f36f9   _getDcMidOvpState
003f36ff   _getDcHvOvpState
003f3705   _getDcHvOvpLevel
003f372d   _getAcOvpState
003f3733   _getAcOvpLevel
003f375b   _clearLoadOvp
003f376a   _clearDcMidOvp
003f377a   _clearDcHvOvp
003f3786   _clearAcOvp
003f3792   _checkLoadOvp
003f37b6   _checkDcHvOvp
003f37c7   _checkAcOvp
003f37d8   _systVers
003f37e6   _systErrNext
003f37f0   _statQuesEven
003f3801   _statQuesEnab
003f382f   _statQuesCond
003f3838   _statPres
003f383e   _statOperEven
003f384f   _statOperEnab
003f387d   _statOperCond
003f3886   _registerRequiredCommands
003f3956   _updateSineSignal
003f39a5   _updateSineGain
003f39cc   _setSineState
003f39d5   _setSineGainTarget
003f3a09   _setSineRmsTarget
003f3a3b   _setSineGainStep
003f3a6f   _initSine
003f3a89   _getSineState
003f3a92   _getSineGainTarget
003f3a9d   _getSineGainStep
003f3aa8   _enableSinePhaseOut
003f3aad   _disableSinePhaseOut
003f3ab1   _strtod
003f3c04   _WDogDisable
003f3c0c   _PieVectTableInit
003f3c1d   _PieCntlInit
003f3c3c   _PLLset
003f3c6e   _MemCopy
003f3c7f   _DeviceInit
003f3d4b   _initEnableControl
003f3dad   _resetEnableControl
003f3dc0   _getCurrentState
003f3dd3   _enableCircuit
003f3e33   _disableCircuit
003f3e8d   _updateLoadSlew
003f3eaf   _setLoadStateAll
003f3ebe   _setLoadState
003f3ed0   _setLoadSlewTarget
003f3f1f   _setLoadSlewStep
003f3f66   _getLoadState
003f3f77   _getLoadSlewTarget
003f3fa1   _getLoadSlewStep
003f3fcb   _modf
003f6000   __ctypes_
003f62f8   ___cinit__
003f62f8   cinit
003f6481   __IQ14toF
003f6495   __IQ24toF
003f64a9   __IQ26toF
003f7ff6   code_start
003f7ff8   _CsmPwl
ffffffff   .text
ffffffff   ___binit__
ffffffff   ___c_args__
ffffffff   ___etext__
ffffffff   ___pinit__
ffffffff   ___text__
ffffffff   binit
ffffffff   etext
ffffffff   pinit

[422 symbols]
