******************************************************************************
             TMS320C2000 Linker PC v6.1.3                      
******************************************************************************
>> Linked Mon Nov 04 09:48:40 2013

OUTPUT FILE NAME:   <F2802x_BurnInUnit.out>
ENTRY POINT SYMBOL: "_c_int00"  address: 003f130b


MEMORY CONFIGURATION

         name            origin    length      used     unused   attr    fill
----------------------  --------  ---------  --------  --------  ----  --------
PAGE 0:
  BOOT_RSVD             00000000   00000050  00000000  00000050  RWIX
  progRAM               00008000   00000800  000001fe  00000602  RWIX
  OTP                   003d7800   00000400  00000000  00000400  RWIX
  FLASHD                003f0000   00002000  0000164f  000009b1  RWIX
  FLASHC                003f2000   00002000  00002000  00000000  RWIX
  FLASHA                003f6000   00001f80  000004a6  00001ada  RWIX
  CSM_RSVD              003f7f80   00000076  00000000  00000076  RWIX
  BEGIN                 003f7ff6   00000002  00000002  00000000  RWIX
  CSM_PWL               003f7ff8   00000008  00000000  00000008  RWIX
  IQTABLES              003fe000   00000b50  00000000  00000b50  RWIX
  IQTABLES2             003feb50   0000008c  00000000  0000008c  RWIX
  IQTABLES3             003febdc   000000aa  00000000  000000aa  RWIX
  BOOTROM               003ff27c   00000d44  00000000  00000d44  RWIX
  RESET                 003fffc0   00000002  00000000  00000002  RWIX
  VECTORS               003fffc2   0000003e  00000000  0000003e  RWIX

PAGE 1:
  RAMM0                 00000050   000003b0  00000380  00000030  RWIX
  RAMM1                 00000400   00000400  00000286  0000017a  RWIX
  DEV_EMU               00000880   00000105  00000004  00000101  RWIX
  SYS_PWR_CTL           00000985   00000003  00000003  00000000  RWIX
  FLASH_REGS            00000a80   00000060  00000008  00000058  RWIX
  CSM                   00000ae0   00000010  00000010  00000000  RWIX
  ADC_RESULT            00000b00   00000020  00000020  00000000  RWIX
  CPU_TIMER0            00000c00   00000008  00000008  00000000  RWIX
  CPU_TIMER1            00000c08   00000008  00000008  00000000  RWIX
  CPU_TIMER2            00000c10   00000008  00000008  00000000  RWIX
  PIE_CTRL              00000ce0   00000020  0000001a  00000006  RWIX
  PIE_VECT              00000d00   00000100  00000100  00000000  RWIX
  COMP1                 00006400   00000020  00000014  0000000c  RWIX
  COMP2                 00006420   00000020  00000014  0000000c  RWIX
  EPWM1                 00006800   00000040  0000003a  00000006  RWIX
  EPWM2                 00006840   00000040  0000003a  00000006  RWIX
  EPWM3                 00006880   00000040  0000003a  00000006  RWIX
  EPWM4                 000068c0   00000040  0000003a  00000006  RWIX
  ECAP1                 00006a00   00000020  00000020  00000000  RWIX
  GPIOCTRL              00006f80   00000040  00000040  00000000  RWIX
  GPIODAT               00006fc0   00000020  00000020  00000000  RWIX
  GPIOINT               00006fe0   00000020  0000000a  00000016  RWIX
  SYSTEM                00007010   00000020  0000001f  00000001  RWIX
  SPIA                  00007040   00000010  00000010  00000000  RWIX
  SCIA                  00007050   00000010  00000010  00000000  RWIX
  NMIINTRUPT            00007060   00000010  00000010  00000000  RWIX
  XINTRUPT              00007070   00000010  00000010  00000000  RWIX
  ADC                   00007100   00000080  00000051  0000002f  RWIX
  I2CA                  00007900   00000040  00000022  0000001e  RWIX
  dataRAM               00008800   00000800  000007fe  00000002  RWIX
  PARTID                003d7fff   00000001  00000001  00000000  RWIX
  FLASHB                003f4000   00002000  00000000  00002000  RWIX
  CSM_PWL               003f7ff8   00000008  00000008  00000000  RWIX


SECTION ALLOCATION MAP

 output                                  attributes/
section   page    origin      length       input sections
--------  ----  ----------  ----------   ----------------
.pinit     0    003f6000    00000000     UNINITIALIZED

ramfuncs   0    003f0000    000001fe     RUN ADDR = 00008000
                  003f0000    000001dd     BurnInUnit_ISR.obj (ramfuncs)
                  003f01dd    0000001d     DevInit_F2802x.obj (ramfuncs)
                  003f01fa    00000004     DSP2802x_usDelay.obj (ramfuncs)

.text.1    0    003f01fe    00001451     
                  003f01fe    0000011b     Spi.obj (.text)
                  003f0319    00000108     Adc.obj (.text)
                  003f0421    000000f7     Main.obj (.text)
                  003f0518    000000db     SCPI_respFmtr.obj (.text)
                  003f05f3    000000d5     SCPI_specificCmds.obj (.text)
                  003f06c8    000000d1     Spi.obj (.text:retain)
                  003f0799    000000cc     SCPI_buildTree.obj (.text)
                  003f0865    000000c4     SCPI_inputBuffer.obj (.text)
                  003f0929    000000c0     I2c.obj (.text)
                  003f09e9    000000b4     rts2800_ml.lib : log10.obj (.text)
                  003f0a9d    000000af     SCPI_outputQueue.obj (.text)
                  003f0b4c    0000009e     rts2800_ml.lib : exp.obj (.text)
                  003f0bea    00000099     Opp.obj (.text)
                  003f0c83    0000008f     Tmp.obj (.text)
                  003f0d12    0000008d     rts2800_ml.lib : _log.obj (.text)
                  003f0d9f    00000088     SCPI_serialEmulation.obj (.text)
                  003f0e27    00000087     Sci.obj (.text)
                  003f0eae    00000083     rts2800_ml.lib : fd_mpy.obj (.text)
                  003f0f31    00000083                    : fs_div.obj (.text)
                  003f0fb4    00000083                    : pow.obj (.text)
                  003f1037    00000081     StateMachine.obj (.text)
                  003f10b8    0000007f     SCPI_parser.obj (.text)
                  003f1137    00000078     rts2800_ml.lib : fs_add.obj (.text)
                  003f11af    00000061     I2c.obj (.text:retain)
                  003f1210    0000005c     PWM_2ch_UpCnt_Cnf.obj (.text)
                  003f126c    0000005a     rts2800_ml.lib : fs_mpy.obj (.text)
                  003f12c6    00000045     Pwm.obj (.text)
                  003f130b    00000044     rts2800_ml.lib : boot.obj (.text)
                  003f134f    00000041                    : ldexp.obj (.text)
                  003f1390    00000038     Sci.obj (.text:retain)
                  003f13c8    00000037     Comparator.obj (.text:retain)
                  003f13ff    00000031     rts2800_ml.lib : modf.obj (.text)
                  003f1430    0000002c     SCPI_execCtrl.obj (.text)
                  003f145c    00000029     rts2800_ml.lib : fs_tol.obj (.text)
                  003f1485    00000025                    : fs_toi.obj (.text)
                  003f14aa    00000022                    : i_div.obj (.text)
                  003f14cc    00000021                    : fd_toi.obj (.text)
                  003f14ed    0000001f                    : fd_tol.obj (.text)
                  003f150c    0000001e     slaveMode.obj (.text)
                  003f152a    0000001d     rts2800_ml.lib : fs_tou.obj (.text)
                  003f1547    0000001c                    : fs_tofd.obj (.text)
                  003f1563    0000001b     C28x_SGEN_Lib_fixed.lib : sgti1c.obj (.text)
                  003f157e    0000001a     rts2800_ml.lib : i_tofs.obj (.text)
                  003f1598    0000001a                    : l_tofs.obj (.text)
                  003f15b2    00000019                    : exit.obj (.text)
                  003f15cb    00000017                    : fs_cmp.obj (.text)
                  003f15e2    00000014                    : frexp.obj (.text)
                  003f15f6    00000013                    : ul_tofs.obj (.text)
                  003f1609    00000010     Timers.obj (.text)
                  003f1619    00000010     rts2800_ml.lib : u_tofs.obj (.text)
                  003f1629    0000000b                    : u_div.obj (.text)
                  003f1634    00000009                    : _lock.obj (.text)
                  003f163d    00000008     DSP2802x_CodeStartBranch.obj (.text)
                  003f1645    00000005     DevInit_F2802x.obj (.text:retain)
                  003f164a    00000005     rts2800_ml.lib : fs_neg.obj (.text)

.text.2    0    003f2000    00002000     
                  003f2000    00000291     Otp.obj (.text)
                  003f2291    00000289     Cntl.obj (.text)
                  003f251a    000001fa     Ocp.obj (.text)
                  003f2714    000001ee     MacroNets.obj (.text)
                  003f2902    000001ee     SCPI_msgEPCtrl.obj (.text)
                  003f2af0    000001e9     SCPI_lexer.obj (.text)
                  003f2cd9    000001e5     SCPI_string.obj (.text)
                  003f2ebe    000001d3     SCPI_status.obj (.text)
                  003f3091    000001bf     ADC_SOC_Cnf.obj (.text)
                  003f3250    000001a1     Comparator.obj (.text)
                  003f33f1    000001a0     SCPI_commonCmds.obj (.text)
                  003f3591    00000195     Ovp.obj (.text)
                  003f3726    0000017e     SCPI_requiredCmds.obj (.text)
                  003f38a4    00000153     rts2800_ml.lib : strtod.obj (.text)
                  003f39f7    00000151     SineGen.obj (.text)
                  003f3b48    00000147     DevInit_F2802x.obj (.text)
                  003f3c8f    0000013f     EnableCtrl.obj (.text)
                  003f3dce    0000013e     SlewControl.obj (.text)
                  003f3f0c    000000db     BurnInUnit_ISR.obj (.text)
                  003f3fe7    00000019     rts2800_ml.lib : args_main.obj (.text)

.econst    0    003f6000    000002f4     
                  003f6000    00000101     rts2800_ml.lib : ctype.obj (.econst:.string:__ctypes_)
                  003f6101    00000001     Sci.obj (.econst)
                  003f6102    0000007e     SCPI_requiredCmds.obj (.econst:.string)
                  003f6180    00000060     SCPI_specificCmds.obj (.econst:.string)
                  003f61e0    0000005b     SCPI_commonCmds.obj (.econst:.string)
                  003f623b    00000001     Spi.obj (.econst)
                  003f623c    0000002f     SCPI_serialEmulation.obj (.econst:.string)
                  003f626b    00000001     --HOLE-- [fill = 0]
                  003f626c    00000014     rts2800_ml.lib : strtod.obj (.econst:_digits)
                  003f6280    00000010     Adc.obj (.econst:_$P$T0$1)
                  003f6290    00000010     Adc.obj (.econst:_$P$T1$2)
                  003f62a0    00000010     Adc.obj (.econst:_$P$T2$3)
                  003f62b0    0000000c     rts2800_ml.lib : strtod.obj (.econst:_powerof10)
                  003f62bc    00000008     SCPI_lexer.obj (.econst:.string)
                  003f62c4    00000008     Cntl.obj (.econst)
                  003f62cc    00000008     Ocp.obj (.econst)
                  003f62d4    00000008     Ovp.obj (.econst)
                  003f62dc    00000006     SineGen.obj (.econst)
                  003f62e2    00000005     SCPI_buildTree.obj (.econst:.string)
                  003f62e7    00000001     --HOLE-- [fill = 0]
                  003f62e8    00000004     SCPI_string.obj (.econst:.string)
                  003f62ec    00000004     Otp.obj (.econst)
                  003f62f0    00000004     SlewControl.obj (.econst)

.cinit     0    003f62f4    00000176     
                  003f62f4    0000002d     SCPI_string.obj (.cinit)
                  003f6321    00000024     SineGen.obj (.cinit)
                  003f6345    00000022     SCPI_msgEPCtrl.obj (.cinit)
                  003f6367    0000001f     Cntl.obj (.cinit)
                  003f6386    00000016     Spi.obj (.cinit)
                  003f639c    00000012     MacroNets.obj (.cinit)
                  003f63ae    00000011     I2c.obj (.cinit)
                  003f63bf    00000010     SCPI_inputBuffer.obj (.cinit)
                  003f63cf    00000010     SCPI_respFmtr.obj (.cinit)
                  003f63df    0000000f     SCPI_lexer.obj (.cinit)
                  003f63ee    0000000d     Main.obj (.cinit)
                  003f63fb    0000000c     EnableCtrl.obj (.cinit)
                  003f6407    0000000c     SCPI_outputQueue.obj (.cinit)
                  003f6413    0000000c     Tmp.obj (.cinit)
                  003f641f    0000000a     rts2800_ml.lib : _lock.obj (.cinit)
                  003f6429    0000000a                    : exit.obj (.cinit)
                  003f6433    00000009     SCPI_buildTree.obj (.cinit)
                  003f643c    00000008     SCPI_parser.obj (.cinit)
                  003f6444    00000008     StateMachine.obj (.cinit)
                  003f644c    00000004     Ocp.obj (.cinit)
                  003f6450    00000004     Opp.obj (.cinit)
                  003f6454    00000004     Otp.obj (.cinit)
                  003f6458    00000004     Ovp.obj (.cinit)
                  003f645c    00000004     SCPI_specificCmds.obj (.cinit)
                  003f6460    00000004     rts2800_ml.lib : errno.obj (.cinit)
                  003f6464    00000004     slaveMode.obj (.cinit)
                  003f6468    00000002     --HOLE-- [fill = 0]

IQmath     0    003f646a    0000003c     
                  003f646a    00000014     IQmath.lib : IQ14toF.obj (IQmath)
                  003f647e    00000014                : IQ24toF.obj (IQmath)
                  003f6492    00000014                : IQ26toF.obj (IQmath)

codestart 
*          0    003f7ff6    00000002     
                  003f7ff6    00000002     DSP2802x_CodeStartBranch.obj (codestart)

.reset     0    003fffc0    00000002     DSECT
                  003fffc0    00000002     rts2800_ml.lib : boot.obj (.reset)

vectors    0    003fffc2    00000000     DSECT

.stack     1    00000050    00000380     UNINITIALIZED
                  00000050    00000380     --HOLE--

.ebss.1    1    00000400    000000ba     UNINITIALIZED
                  00000400    000000a4     SCPI_inputBuffer.obj (.ebss)
                  000004a4    0000000a     Main.obj (.ebss)
                  000004ae    0000000a     StateMachine.obj (.ebss)
                  000004b8    00000001     rts2800_ml.lib : errno.obj (.ebss)
                  000004b9    00000001     slaveMode.obj (.ebss)

.ebss.2    1    000004c0    000000ae     UNINITIALIZED
                  000004c0    000000a4     SCPI_msgEPCtrl.obj (.ebss)
                  00000564    0000000a     Tmp.obj (.ebss)

.ebss.3    1    00000580    000000a4     UNINITIALIZED
                  00000580    000000a4     SCPI_outputQueue.obj (.ebss)

.ebss.4    1    00000640    0000002e     UNINITIALIZED
                  00000640    0000002e     SCPI_respFmtr.obj (.ebss)

.ebss.5    1    00000680    00000027     UNINITIALIZED
                  00000680    00000027     SCPI_string.obj (.ebss)

.ebss.6    1    000006c0    00000025     UNINITIALIZED
                  000006c0    00000025     SCPI_status.obj (.ebss)

DevEmuRegsFile 
*          1    00000880    00000004     UNINITIALIZED
                  00000880    00000004     DSP2802x_GlobalVariableDefs.obj (DevEmuRegsFile)

SysPwrCtrlRegsFile 
*          1    00000985    00000003     UNINITIALIZED
                  00000985    00000003     DSP2802x_GlobalVariableDefs.obj (SysPwrCtrlRegsFile)

FlashRegsFile 
*          1    00000a80    00000008     UNINITIALIZED
                  00000a80    00000008     DSP2802x_GlobalVariableDefs.obj (FlashRegsFile)

CsmRegsFile 
*          1    00000ae0    00000010     UNINITIALIZED
                  00000ae0    00000010     DSP2802x_GlobalVariableDefs.obj (CsmRegsFile)

AdcResultFile 
*          1    00000b00    00000020     UNINITIALIZED
                  00000b00    00000020     DSP2802x_GlobalVariableDefs.obj (AdcResultFile)

CpuTimer0RegsFile 
*          1    00000c00    00000008     UNINITIALIZED
                  00000c00    00000008     DSP2802x_GlobalVariableDefs.obj (CpuTimer0RegsFile)

CpuTimer1RegsFile 
*          1    00000c08    00000008     UNINITIALIZED
                  00000c08    00000008     DSP2802x_GlobalVariableDefs.obj (CpuTimer1RegsFile)

CpuTimer2RegsFile 
*          1    00000c10    00000008     UNINITIALIZED
                  00000c10    00000008     DSP2802x_GlobalVariableDefs.obj (CpuTimer2RegsFile)

PieCtrlRegsFile 
*          1    00000ce0    0000001a     UNINITIALIZED
                  00000ce0    0000001a     DSP2802x_GlobalVariableDefs.obj (PieCtrlRegsFile)

PieVectTableFile 
*          1    00000d00    00000100     UNINITIALIZED
                  00000d00    00000100     DSP2802x_GlobalVariableDefs.obj (PieVectTableFile)

EmuKeyVar 
*          1    00000d00    00000001     UNINITIALIZED
                  00000d00    00000001     DSP2802x_GlobalVariableDefs.obj (EmuKeyVar)

EmuBModeVar 
*          1    00000d01    00000001     UNINITIALIZED
                  00000d01    00000001     DSP2802x_GlobalVariableDefs.obj (EmuBModeVar)

FlashCallbackVar 
*          1    00000d02    00000002     UNINITIALIZED
                  00000d02    00000002     DSP2802x_GlobalVariableDefs.obj (FlashCallbackVar)

FlashScalingVar 
*          1    00000d04    00000002     UNINITIALIZED
                  00000d04    00000002     DSP2802x_GlobalVariableDefs.obj (FlashScalingVar)

Comp1RegsFile 
*          1    00006400    00000014     UNINITIALIZED
                  00006400    00000014     DSP2802x_GlobalVariableDefs.obj (Comp1RegsFile)

Comp2RegsFile 
*          1    00006420    00000014     UNINITIALIZED
                  00006420    00000014     DSP2802x_GlobalVariableDefs.obj (Comp2RegsFile)

EPwm1RegsFile 
*          1    00006800    0000003a     UNINITIALIZED
                  00006800    0000003a     DSP2802x_GlobalVariableDefs.obj (EPwm1RegsFile)

EPwm2RegsFile 
*          1    00006840    0000003a     UNINITIALIZED
                  00006840    0000003a     DSP2802x_GlobalVariableDefs.obj (EPwm2RegsFile)

EPwm3RegsFile 
*          1    00006880    0000003a     UNINITIALIZED
                  00006880    0000003a     DSP2802x_GlobalVariableDefs.obj (EPwm3RegsFile)

EPwm4RegsFile 
*          1    000068c0    0000003a     UNINITIALIZED
                  000068c0    0000003a     DSP2802x_GlobalVariableDefs.obj (EPwm4RegsFile)

ECap1RegsFile 
*          1    00006a00    00000020     UNINITIALIZED
                  00006a00    00000020     DSP2802x_GlobalVariableDefs.obj (ECap1RegsFile)

GpioCtrlRegsFile 
*          1    00006f80    00000040     UNINITIALIZED
                  00006f80    00000040     DSP2802x_GlobalVariableDefs.obj (GpioCtrlRegsFile)

GpioDataRegsFile 
*          1    00006fc0    00000020     UNINITIALIZED
                  00006fc0    00000020     DSP2802x_GlobalVariableDefs.obj (GpioDataRegsFile)

GpioIntRegsFile 
*          1    00006fe0    0000000a     UNINITIALIZED
                  00006fe0    0000000a     DSP2802x_GlobalVariableDefs.obj (GpioIntRegsFile)

SysCtrlRegsFile 
*          1    00007010    0000001f     UNINITIALIZED
                  00007010    0000001f     DSP2802x_GlobalVariableDefs.obj (SysCtrlRegsFile)

SpiaRegsFile 
*          1    00007040    00000010     UNINITIALIZED
                  00007040    00000010     DSP2802x_GlobalVariableDefs.obj (SpiaRegsFile)

SciaRegsFile 
*          1    00007050    00000010     UNINITIALIZED
                  00007050    00000010     DSP2802x_GlobalVariableDefs.obj (SciaRegsFile)

NmiIntruptRegsFile 
*          1    00007060    00000010     UNINITIALIZED
                  00007060    00000010     DSP2802x_GlobalVariableDefs.obj (NmiIntruptRegsFile)

XIntruptRegsFile 
*          1    00007070    00000010     UNINITIALIZED
                  00007070    00000010     DSP2802x_GlobalVariableDefs.obj (XIntruptRegsFile)

AdcRegsFile 
*          1    00007100    00000051     UNINITIALIZED
                  00007100    00000051     DSP2802x_GlobalVariableDefs.obj (AdcRegsFile)

I2caRegsFile 
*          1    00007900    00000022     UNINITIALIZED
                  00007900    00000022     DSP2802x_GlobalVariableDefs.obj (I2caRegsFile)

SINTBL     1    00008800    00000101     
                  00008800    00000101     C28x_SGEN_Lib_fixed.lib : SINTB360.obj (SINTBL)

ADCDRV_1ch_Section 
*          1    00008902    0000001a     UNINITIALIZED
                  00008902    0000001a     BurnInUnit_ISR.obj (ADCDRV_1ch_Section)

PWMDRV_2ch_UpCnt_Section 
*          1    0000891c    00000012     UNINITIALIZED
                  0000891c    00000012     BurnInUnit_ISR.obj (PWMDRV_2ch_UpCnt_Section)

SGENTI_1ch_Struct 
*          1    0000892e    00000008     UNINITIALIZED
                  0000892e    00000008     SineGen.obj (SGENTI_1ch_Struct)

ISR_Section 
*          1    00008936    00000003     UNINITIALIZED
                  00008936    00000003     BurnInUnit_ISR.obj (ISR_Section)

ZeroNet_Section 
*          1    0000893a    00000002     UNINITIALIZED
                  0000893a    00000002     BurnInUnit_ISR.obj (ZeroNet_Section)

.ebss.7    1    0000893c    00000004     UNINITIALIZED
                  0000893c    00000004     rts2800_ml.lib : _lock.obj (.ebss)

CNTL_2P2Z_Coef 
*          1    00008940    00000078     UNINITIALIZED
                  00008940    00000078     Cntl.obj (CNTL_2P2Z_Coef)

.ebss.8    1    000089b8    00000008     UNINITIALIZED
                  000089b8    00000008     Spi.obj (.ebss)

CNTL_2P2Z_Section 
*          1    000089c0    0000006c     UNINITIALIZED
                  000089c0    0000006c     BurnInUnit_ISR.obj (CNTL_2P2Z_Section)

.ebss.9    1    00008a2c    000005d4     UNINITIALIZED
                  00008a2c    0000000e     I2c.obj (.ebss)
                  00008a3a    00000004     rts2800_ml.lib : exit.obj (.ebss)
                  00008a3e    00000002     SCPI_parser.obj (.ebss)
                  00008a40    00000370     SCPI_buildTree.obj (.ebss)
                  00008db0    0000000b     EnableCtrl.obj (.ebss)
                  00008dbb    00000001     Ocp.obj (.ebss)
                  00008dbc    00000001     Opp.obj (.ebss)
                  00008dbd    00000001     Otp.obj (.ebss)
                  00008dbe    00000001     Ovp.obj (.ebss)
                  00008dbf    00000001     SCPI_specificCmds.obj (.ebss)
                  00008dc0    00000124     SineGen.obj (.ebss)
                  00008ee4    0000001c     Cntl.obj (.ebss)
                  00008f00    000000c8     MacroNets.obj (.ebss)
                  00008fc8    00000038     SCPI_lexer.obj (.ebss)

PartIdRegsFile 
*          1    003d7fff    00000001     UNINITIALIZED
                  003d7fff    00000001     DSP2802x_GlobalVariableDefs.obj (PartIdRegsFile)

CsmPwlFile 
*          1    003f7ff8    00000008     UNINITIALIZED
                  003f7ff8    00000008     DSP2802x_GlobalVariableDefs.obj (CsmPwlFile)


GLOBAL SYMBOLS: SORTED ALPHABETICALLY BY Name 

address    name
--------   ----
ffffffff   .text
003f15b2   C$$EXIT
003f0eae   FD$$MPY
003f14cc   FD$$TOI
003f14ed   FD$$TOL
003f113c   FS$$ADD
003f15cb   FS$$CMP
003f0f31   FS$$DIV
003f126c   FS$$MPY
003f164a   FS$$NEG
003f1137   FS$$SUB
003f1547   FS$$TOFD
003f1485   FS$$TOI
003f145c   FS$$TOL
003f152a   FS$$TOU
003f14aa   I$$DIV
003f14bb   I$$MOD
003f157e   I$$TOFS
003f1598   L$$TOFS
00008800   SINTAB_360
003f1629   U$$DIV
003f162e   U$$MOD
003f1619   U$$TOFS
003f15f6   UL$$TOFS
00008902   _ADCDRV_1ch_Rlt1
00008914   _ADCDRV_1ch_Rlt10
00008916   _ADCDRV_1ch_Rlt11
00008918   _ADCDRV_1ch_Rlt12
0000891a   _ADCDRV_1ch_Rlt13
00008904   _ADCDRV_1ch_Rlt2
00008906   _ADCDRV_1ch_Rlt3
00008908   _ADCDRV_1ch_Rlt4
0000890a   _ADCDRV_1ch_Rlt5
0000890c   _ADCDRV_1ch_Rlt6
0000890e   _ADCDRV_1ch_Rlt7
00008910   _ADCDRV_1ch_Rlt8
00008912   _ADCDRV_1ch_Rlt9
003f3091   _ADC_SOC_CNF
00007100   _AdcRegs
00000b00   _AdcResult
000004b2   _Alpha_State_Ptr
003f3579   _CLS
000089c6   _CNTL_2P2Z_Coef1
000089d8   _CNTL_2P2Z_Coef2
000089ea   _CNTL_2P2Z_Coef3
000089fc   _CNTL_2P2Z_Coef4
00008a0e   _CNTL_2P2Z_Coef5
00008a20   _CNTL_2P2Z_Coef6
000089c8   _CNTL_2P2Z_DBUFF1
000089da   _CNTL_2P2Z_DBUFF2
000089ec   _CNTL_2P2Z_DBUFF3
00008a00   _CNTL_2P2Z_DBUFF4
00008a10   _CNTL_2P2Z_DBUFF5
00008a22   _CNTL_2P2Z_DBUFF6
000089c2   _CNTL_2P2Z_Fdbk1
000089d4   _CNTL_2P2Z_Fdbk2
000089e6   _CNTL_2P2Z_Fdbk3
000089f8   _CNTL_2P2Z_Fdbk4
00008a0a   _CNTL_2P2Z_Fdbk5
00008a1c   _CNTL_2P2Z_Fdbk6
000089c4   _CNTL_2P2Z_Out1
000089d6   _CNTL_2P2Z_Out2
000089e8   _CNTL_2P2Z_Out3
000089fa   _CNTL_2P2Z_Out4
00008a0c   _CNTL_2P2Z_Out5
00008a1e   _CNTL_2P2Z_Out6
000089c0   _CNTL_2P2Z_Ref1
000089d2   _CNTL_2P2Z_Ref2
000089e4   _CNTL_2P2Z_Ref3
000089f6   _CNTL_2P2Z_Ref4
000089fe   _CNTL_2P2Z_Ref5
00008a1a   _CNTL_2P2Z_Ref6
00006400   _Comp1Regs
00006420   _Comp2Regs
00000c00   _CpuTimer0Regs
00000c08   _CpuTimer1Regs
00000c10   _CpuTimer2Regs
003f7ff8   _CsmPwl
00000ae0   _CsmRegs
003f0e21   _DCL
003f0e1f   _DFC
003f0510   _DLOG_BuffInit
00008000   _DPL_ISR
003f3f0c   _DPL_Init
000081fa   _DSP28x_usDelay
00000880   _DevEmuRegs
003f3bc3   _DeviceInit
00006a00   _ECap1Regs
00006800   _EPwm1Regs
00006840   _EPwm2Regs
00006880   _EPwm3Regs
000068c0   _EPwm4Regs
003f354b   _ESE
003f3541   _ESR
00000d01   _EmuBMode
00000d00   _EmuKey
00000a80   _FlashRegs
00000d04   _Flash_CPUScaleFactor
00000d02   _Flash_CallbackPtr
003f0e19   _GET
003f0e17   _GTL
00006f80   _GpioCtrlRegs
00006fc0   _GpioDataRegs
00006fe0   _GpioIntRegs
003f0e15   _HFC
00007900   _I2caRegs
003f34fe   _IDN
003f1645   _ISR_ILLEGAL
000081dd   _InitFlash
003f0e13   _LLO
003f3bb2   _MemCopy
00007060   _NmiIntruptRegs
003f34eb   _OPC
003f3b80   _PLLset
003f0e11   _POL
0000891c   _PWMDRV_2ch_UpCnt_Duty1A
0000891e   _PWMDRV_2ch_UpCnt_Duty1B
00008922   _PWMDRV_2ch_UpCnt_Duty2A
00008924   _PWMDRV_2ch_UpCnt_Duty2B
00008928   _PWMDRV_2ch_UpCnt_Duty3A
0000892a   _PWMDRV_2ch_UpCnt_Duty3B
00008920   _PWMDRV_2ch_UpCnt_Period1
00008926   _PWMDRV_2ch_UpCnt_Period2
0000892c   _PWMDRV_2ch_UpCnt_Period3
003f1210   _PWM_2ch_UpCnt_CNF
003d7fff   _PartIdRegs
003f3b61   _PieCntlInit
00000ce0   _PieCtrlRegs
00000d00   _PieVectTable
003f3b50   _PieVectTableInit
003f34e7   _RST
003f01fe   _RamfuncsLoadEnd
003f0000   _RamfuncsLoadStart
00008000   _RamfuncsRunStart
003f0e0f   _SFC
003f1563   _SGENTI_1_calc
00008dc4   _SGENTI_1ch_VOut
003f34b7   _SRE
003f0e0d   _SRQ
003f34a1   _STB
00007050   _SciaRegs
000006c1   _ScpiRegs
00007040   _SpiaRegs
00007010   _SysCtrlRegs
00000985   _SysPwrCtrlRegs
003f348e   _TST
003f348c   _WAI
003f3b48   _WDogDisable
00007070   _XIntruptRegs
003f646a   __IQ14toF
003f647e   __IQ24toF
003f6492   __IQ26toF
000003d0   __STACK_END
00000380   __STACK_SIZE
00000001   __TI_args_main
ffffffff   ___binit__
ffffffff   ___c_args__
003f62f4   ___cinit__
ffffffff   ___etext__
ffffffff   ___pinit__
ffffffff   ___text__
003f3fe7   __args_main
00008a3a   __cleanup_ptr
003f6000   __ctypes_
00008a3c   __dtors_ptr
0000893e   __lock
003f0d12   __log
003f163c   __nop
003f1638   __register_lock
003f1634   __register_unlock
00000050   __stack
0000893c   __unlock
003f15b2   _abort
00008940   _acICoefs
00008f14   _acNets
00008f2c   _acSettings
0000894e   _acVCoefs
003f2e9d   _breakString
003f083c   _buildScpiTree
003f130b   _c_int00
003f06c6   _calAll
00008ee4   _cfLimits
003f0c4b   _checkAcOpp
003f2265   _checkAcOtp
003f3715   _checkAcOvp
003f3704   _checkDcHvOvp
003f2703   _checkDcMidOcp
003f2239   _checkDcOtp
003f21f0   _checkExtOtp
003f26df   _checkLoadOcp
003f0c16   _checkLoadOpp
003f21b6   _checkLoadOtp
003f36e0   _checkLoadOvp
003f26cf   _clearAcOcp
003f0c0a   _clearAcOpp
003f21aa   _clearAcOtp
003f36d4   _clearAcOvp
003f36c8   _clearDcHvOvp
003f26c3   _clearDcMidOcp
003f36b8   _clearDcMidOvp
003f219e   _clearDcOtp
003f218f   _clearExtOtp
003f0865   _clearIBuff
003f26b4   _clearLoadOcp
003f0bfb   _clearLoadOpp
003f2180   _clearLoadOtp
003f36a9   _clearLoadOvp
003f0a9d   _clearOQueue
003f3080   _clearOperCondRegs
003f3071   _clearQuesCondRegs
003f306c   _commandError
003f06c2   _contIdleInit
003f0b45   _dataOnOQueue
003f0e0b   _ddd
003f150c   _detectSlaveMode
003f3067   _deviceError
003f3d76   _disableCircuit
000004ae   _disableSection
003f2d8f   _dtoa
000004a4   _ePWM
00008f00   _enableAllFlag
003f3d17   _enableCircuit
000004af   _enableSection
000004b8   _errno
003f1435   _execCtrl
003f3062   _executionError
003f15b4   _exit
003f0b4c   _exp
00008f06   _extSettings
003f15e2   _frexp
003f33ca   _getAcDac
003f24fa   _getAcICoef
003f268c   _getAcOcpLevel
003f2686   _getAcOcpState
003f0bf5   _getAcOppState
003f216c   _getAcOtpLevel
003f2166   _getAcOtpState
003f3681   _getAcOvpLevel
003f367b   _getAcOvpState
003f24da   _getAcVCoef
003f3d04   _getCurrentState
003f3653   _getDcHvOvpLevel
003f364d   _getDcHvOvpState
003f03f9   _getDcHvVoltage
003f03d1   _getDcMidCurrent
003f265c   _getDcMidOcpLevel
003f2656   _getDcMidOcpState
003f3647   _getDcMidOvpState
003f03a9   _getDcMidVoltage
003f2152   _getDcOtpLevel
003f214c   _getDcOtpState
003f2125   _getExtOtpLevel
003f2116   _getExtOtpState
003f0371   _getLoadCurrent
003f24b7   _getLoadICoef
003f2623   _getLoadOcpLevel
003f2618   _getLoadOcpState
003f0bea   _getLoadOppState
003f20fa   _getLoadOtpLevel
003f20ef   _getLoadOtpState
003f363c   _getLoadOvpState
003f3ee2   _getLoadSlewStep
003f3eb8   _getLoadSlewTarget
003f3ea7   _getLoadState
003f0339   _getLoadVoltage
003f3b3d   _getSineGainStep
003f3b32   _getSineGainTarget
003f3b29   _getSineState
00008a2c   _i2cIsrErr
00008a30   _i2cMsgBlank
003f09ca   _i2cPopMsg
003f0951   _i2cRead
003f0987   _i2cWrite
003f33b4   _initAcComparator
003f3308   _initAcTripzone
003f0319   _initAdc
003f245a   _initCoefs
003f3375   _initDcComparator
003f3c8f   _initEnableControl
003f0929   _initI2c
003f12e3   _initPwm
003f3b0f   _initSine
003f10a7   _initStateMachine
003f0ce8   _initTemperature
003f336e   _initTripZone
003f067f   _instCat
003f067d   _instNsel
003f067b   _instStat
003f2d4d   _itoa
003f134f   _ldexp
003f2c2b   _lexProgramMsg
00008980   _loadICoefs
00008f40   _loadNets
00008f80   _loadSettings
003f09e9   _log10
003f0421   _main
003f13ff   _modf
000004c4   _msgs
00008dbf   _nSel
00008dbb   _ocpFlagRegister
003f02fd   _oldSpiRxIsr
003f305d   _operationComplete
00008dbc   _oppFlagRegister
00008dbd   _otpFlagRegister
00008dbe   _ovpFlagRegister
003f110c   _parseMsgUnit
003f08e3   _popIBuff
003f0b15   _popOQueue
003f0fb4   _pow
003f0885   _pushIBuff
003f0ac1   _pushOQueue
003f3058   _queryError
003f3046   _readOISumEven
003f3034   _readQISumEven
003f0c83   _readTemperature
003f07c1   _registerChild
003f33f1   _registerCommonCommands
003f05f3   _registerDeviceCommands
003f0d9f   _registerEmulationCommands
003f37d4   _registerRequiredCommands
003f302f   _requestControl
003f3cf1   _resetEnableControl
003f1430   _resetExecCtrl
003f087d   _resetIBuff
003f2b0f   _resetLexer
003f0ab9   _resetOQueue
003f10b8   _resetParser
003f05ed   _resetRespFmtr
003f0583   _respFmtr
003f0518   _respond
003f32a4   _rstAcTripzone
003f328a   _rstDcTripzone
003f2880   _runAll
003f0e46   _sciInit
003f0e27   _sciTx
003f2958   _scpi
003f2902   _scpiChangeIOTx
003f2927   _scpiInit
003f290b   _scpiReset
003f2940   _scpiTest
003f3250   _setAcDac
003f23fb   _setAcICoef
003f25c0   _setAcOcpLevel
003f20bf   _setAcOtpLevel
003f35e7   _setAcOvpLevel
003f236c   _setAcVCoef
003f3599   _setDcHvOvpLevel
003f256c   _setDcMidOcpLevel
003f208f   _setDcOtpLevel
003f203e   _setExtOtpLevel
003f22d8   _setLoadICoef
003f2522   _setLoadOcpLevel
003f2000   _setLoadOtpLevel
003f3e60   _setLoadSlewStep
003f3e11   _setLoadSlewTarget
003f3dff   _setLoadState
003f3df0   _setLoadStateAll
003f2fec   _setOISumBit
003f2fa9   _setQISumBit
003f3adb   _setSineGainStep
003f3a75   _setSineGainTarget
003f3aa9   _setSineRmsTarget
003f3a6c   _setSineState
003f2810   _setupNets
003f0799   _shortenName
0000892e   _sigGen
00008e00   _sine_abs
00008e80   _sine_sign
000004b9   _slaveModeStatus
003f024f   _spiInit
003f0223   _spiTx_Master
003f01fe   _spiTx_Slave
003f37cb   _statOperCond
003f379d   _statOperEnab
003f378c   _statOperEven
003f3786   _statPres
003f377d   _statQuesCond
003f374f   _statQuesEnab
003f373e   _statQuesEven
003f2714   _stopAll
00008f01   _stopAllFlag
003f2d44   _strcat
003f2cd9   _strchr
003f2d30   _strcmp
003f2d2a   _strcpy
003f2cf2   _strcspn
003f2ce3   _strspn
003f38a4   _strtod
003f2d22   _strtok
003f2d01   _strtok_r
003f3734   _systErrNext
003f3726   _systVers
00008f04   _testICtrlDcValue
00008f02   _testVCtrlDcValue
003f1609   _timersSetupReal
00008a80   _tree
003f251a   _tripAcOcp
003f3591   _tripDcMidOvp
003f2f0b   _updateESB
003f3dce   _updateLoadSlew
003f2f19   _updateMAV
003f2fa1   _updateMSS
003f2efb   _updateOPER
003f2ebe   _updateOperReg
003f2f5a   _updateQUES
003f2f2b   _updateQuesReg
003f2f6a   _updateSTB
003f3a45   _updateSineGain
003f39f7   _updateSineSignal
00008f0c   _xfmrNets
00008f1e   _xfmrSettings
ffffffff   binit
003f62f4   cinit
003f7ff6   code_start
ffffffff   etext
ffffffff   pinit


GLOBAL SYMBOLS: SORTED BY Symbol Address 

address    name
--------   ----
00000001   __TI_args_main
00000050   __stack
00000380   __STACK_SIZE
000003d0   __STACK_END
000004a4   _ePWM
000004ae   _disableSection
000004af   _enableSection
000004b2   _Alpha_State_Ptr
000004b8   _errno
000004b9   _slaveModeStatus
000004c4   _msgs
000006c1   _ScpiRegs
00000880   _DevEmuRegs
00000985   _SysPwrCtrlRegs
00000a80   _FlashRegs
00000ae0   _CsmRegs
00000b00   _AdcResult
00000c00   _CpuTimer0Regs
00000c08   _CpuTimer1Regs
00000c10   _CpuTimer2Regs
00000ce0   _PieCtrlRegs
00000d00   _EmuKey
00000d00   _PieVectTable
00000d01   _EmuBMode
00000d02   _Flash_CallbackPtr
00000d04   _Flash_CPUScaleFactor
00006400   _Comp1Regs
00006420   _Comp2Regs
00006800   _EPwm1Regs
00006840   _EPwm2Regs
00006880   _EPwm3Regs
000068c0   _EPwm4Regs
00006a00   _ECap1Regs
00006f80   _GpioCtrlRegs
00006fc0   _GpioDataRegs
00006fe0   _GpioIntRegs
00007010   _SysCtrlRegs
00007040   _SpiaRegs
00007050   _SciaRegs
00007060   _NmiIntruptRegs
00007070   _XIntruptRegs
00007100   _AdcRegs
00007900   _I2caRegs
00008000   _DPL_ISR
00008000   _RamfuncsRunStart
000081dd   _InitFlash
000081fa   _DSP28x_usDelay
00008800   SINTAB_360
00008902   _ADCDRV_1ch_Rlt1
00008904   _ADCDRV_1ch_Rlt2
00008906   _ADCDRV_1ch_Rlt3
00008908   _ADCDRV_1ch_Rlt4
0000890a   _ADCDRV_1ch_Rlt5
0000890c   _ADCDRV_1ch_Rlt6
0000890e   _ADCDRV_1ch_Rlt7
00008910   _ADCDRV_1ch_Rlt8
00008912   _ADCDRV_1ch_Rlt9
00008914   _ADCDRV_1ch_Rlt10
00008916   _ADCDRV_1ch_Rlt11
00008918   _ADCDRV_1ch_Rlt12
0000891a   _ADCDRV_1ch_Rlt13
0000891c   _PWMDRV_2ch_UpCnt_Duty1A
0000891e   _PWMDRV_2ch_UpCnt_Duty1B
00008920   _PWMDRV_2ch_UpCnt_Period1
00008922   _PWMDRV_2ch_UpCnt_Duty2A
00008924   _PWMDRV_2ch_UpCnt_Duty2B
00008926   _PWMDRV_2ch_UpCnt_Period2
00008928   _PWMDRV_2ch_UpCnt_Duty3A
0000892a   _PWMDRV_2ch_UpCnt_Duty3B
0000892c   _PWMDRV_2ch_UpCnt_Period3
0000892e   _sigGen
0000893c   __unlock
0000893e   __lock
00008940   _acICoefs
0000894e   _acVCoefs
00008980   _loadICoefs
000089c0   _CNTL_2P2Z_Ref1
000089c2   _CNTL_2P2Z_Fdbk1
000089c4   _CNTL_2P2Z_Out1
000089c6   _CNTL_2P2Z_Coef1
000089c8   _CNTL_2P2Z_DBUFF1
000089d2   _CNTL_2P2Z_Ref2
000089d4   _CNTL_2P2Z_Fdbk2
000089d6   _CNTL_2P2Z_Out2
000089d8   _CNTL_2P2Z_Coef2
000089da   _CNTL_2P2Z_DBUFF2
000089e4   _CNTL_2P2Z_Ref3
000089e6   _CNTL_2P2Z_Fdbk3
000089e8   _CNTL_2P2Z_Out3
000089ea   _CNTL_2P2Z_Coef3
000089ec   _CNTL_2P2Z_DBUFF3
000089f6   _CNTL_2P2Z_Ref4
000089f8   _CNTL_2P2Z_Fdbk4
000089fa   _CNTL_2P2Z_Out4
000089fc   _CNTL_2P2Z_Coef4
000089fe   _CNTL_2P2Z_Ref5
00008a00   _CNTL_2P2Z_DBUFF4
00008a0a   _CNTL_2P2Z_Fdbk5
00008a0c   _CNTL_2P2Z_Out5
00008a0e   _CNTL_2P2Z_Coef5
00008a10   _CNTL_2P2Z_DBUFF5
00008a1a   _CNTL_2P2Z_Ref6
00008a1c   _CNTL_2P2Z_Fdbk6
00008a1e   _CNTL_2P2Z_Out6
00008a20   _CNTL_2P2Z_Coef6
00008a22   _CNTL_2P2Z_DBUFF6
00008a2c   _i2cIsrErr
00008a30   _i2cMsgBlank
00008a3a   __cleanup_ptr
00008a3c   __dtors_ptr
00008a80   _tree
00008dbb   _ocpFlagRegister
00008dbc   _oppFlagRegister
00008dbd   _otpFlagRegister
00008dbe   _ovpFlagRegister
00008dbf   _nSel
00008dc4   _SGENTI_1ch_VOut
00008e00   _sine_abs
00008e80   _sine_sign
00008ee4   _cfLimits
00008f00   _enableAllFlag
00008f01   _stopAllFlag
00008f02   _testVCtrlDcValue
00008f04   _testICtrlDcValue
00008f06   _extSettings
00008f0c   _xfmrNets
00008f14   _acNets
00008f1e   _xfmrSettings
00008f2c   _acSettings
00008f40   _loadNets
00008f80   _loadSettings
003d7fff   _PartIdRegs
003f0000   _RamfuncsLoadStart
003f01fe   _RamfuncsLoadEnd
003f01fe   _spiTx_Slave
003f0223   _spiTx_Master
003f024f   _spiInit
003f02fd   _oldSpiRxIsr
003f0319   _initAdc
003f0339   _getLoadVoltage
003f0371   _getLoadCurrent
003f03a9   _getDcMidVoltage
003f03d1   _getDcMidCurrent
003f03f9   _getDcHvVoltage
003f0421   _main
003f0510   _DLOG_BuffInit
003f0518   _respond
003f0583   _respFmtr
003f05ed   _resetRespFmtr
003f05f3   _registerDeviceCommands
003f067b   _instStat
003f067d   _instNsel
003f067f   _instCat
003f06c2   _contIdleInit
003f06c6   _calAll
003f0799   _shortenName
003f07c1   _registerChild
003f083c   _buildScpiTree
003f0865   _clearIBuff
003f087d   _resetIBuff
003f0885   _pushIBuff
003f08e3   _popIBuff
003f0929   _initI2c
003f0951   _i2cRead
003f0987   _i2cWrite
003f09ca   _i2cPopMsg
003f09e9   _log10
003f0a9d   _clearOQueue
003f0ab9   _resetOQueue
003f0ac1   _pushOQueue
003f0b15   _popOQueue
003f0b45   _dataOnOQueue
003f0b4c   _exp
003f0bea   _getLoadOppState
003f0bf5   _getAcOppState
003f0bfb   _clearLoadOpp
003f0c0a   _clearAcOpp
003f0c16   _checkLoadOpp
003f0c4b   _checkAcOpp
003f0c83   _readTemperature
003f0ce8   _initTemperature
003f0d12   __log
003f0d9f   _registerEmulationCommands
003f0e0b   _ddd
003f0e0d   _SRQ
003f0e0f   _SFC
003f0e11   _POL
003f0e13   _LLO
003f0e15   _HFC
003f0e17   _GTL
003f0e19   _GET
003f0e1f   _DFC
003f0e21   _DCL
003f0e27   _sciTx
003f0e46   _sciInit
003f0eae   FD$$MPY
003f0f31   FS$$DIV
003f0fb4   _pow
003f10a7   _initStateMachine
003f10b8   _resetParser
003f110c   _parseMsgUnit
003f1137   FS$$SUB
003f113c   FS$$ADD
003f1210   _PWM_2ch_UpCnt_CNF
003f126c   FS$$MPY
003f12e3   _initPwm
003f130b   _c_int00
003f134f   _ldexp
003f13ff   _modf
003f1430   _resetExecCtrl
003f1435   _execCtrl
003f145c   FS$$TOL
003f1485   FS$$TOI
003f14aa   I$$DIV
003f14bb   I$$MOD
003f14cc   FD$$TOI
003f14ed   FD$$TOL
003f150c   _detectSlaveMode
003f152a   FS$$TOU
003f1547   FS$$TOFD
003f1563   _SGENTI_1_calc
003f157e   I$$TOFS
003f1598   L$$TOFS
003f15b2   C$$EXIT
003f15b2   _abort
003f15b4   _exit
003f15cb   FS$$CMP
003f15e2   _frexp
003f15f6   UL$$TOFS
003f1609   _timersSetupReal
003f1619   U$$TOFS
003f1629   U$$DIV
003f162e   U$$MOD
003f1634   __register_unlock
003f1638   __register_lock
003f163c   __nop
003f1645   _ISR_ILLEGAL
003f164a   FS$$NEG
003f2000   _setLoadOtpLevel
003f203e   _setExtOtpLevel
003f208f   _setDcOtpLevel
003f20bf   _setAcOtpLevel
003f20ef   _getLoadOtpState
003f20fa   _getLoadOtpLevel
003f2116   _getExtOtpState
003f2125   _getExtOtpLevel
003f214c   _getDcOtpState
003f2152   _getDcOtpLevel
003f2166   _getAcOtpState
003f216c   _getAcOtpLevel
003f2180   _clearLoadOtp
003f218f   _clearExtOtp
003f219e   _clearDcOtp
003f21aa   _clearAcOtp
003f21b6   _checkLoadOtp
003f21f0   _checkExtOtp
003f2239   _checkDcOtp
003f2265   _checkAcOtp
003f22d8   _setLoadICoef
003f236c   _setAcVCoef
003f23fb   _setAcICoef
003f245a   _initCoefs
003f24b7   _getLoadICoef
003f24da   _getAcVCoef
003f24fa   _getAcICoef
003f251a   _tripAcOcp
003f2522   _setLoadOcpLevel
003f256c   _setDcMidOcpLevel
003f25c0   _setAcOcpLevel
003f2618   _getLoadOcpState
003f2623   _getLoadOcpLevel
003f2656   _getDcMidOcpState
003f265c   _getDcMidOcpLevel
003f2686   _getAcOcpState
003f268c   _getAcOcpLevel
003f26b4   _clearLoadOcp
003f26c3   _clearDcMidOcp
003f26cf   _clearAcOcp
003f26df   _checkLoadOcp
003f2703   _checkDcMidOcp
003f2714   _stopAll
003f2810   _setupNets
003f2880   _runAll
003f2902   _scpiChangeIOTx
003f290b   _scpiReset
003f2927   _scpiInit
003f2940   _scpiTest
003f2958   _scpi
003f2b0f   _resetLexer
003f2c2b   _lexProgramMsg
003f2cd9   _strchr
003f2ce3   _strspn
003f2cf2   _strcspn
003f2d01   _strtok_r
003f2d22   _strtok
003f2d2a   _strcpy
003f2d30   _strcmp
003f2d44   _strcat
003f2d4d   _itoa
003f2d8f   _dtoa
003f2e9d   _breakString
003f2ebe   _updateOperReg
003f2efb   _updateOPER
003f2f0b   _updateESB
003f2f19   _updateMAV
003f2f2b   _updateQuesReg
003f2f5a   _updateQUES
003f2f6a   _updateSTB
003f2fa1   _updateMSS
003f2fa9   _setQISumBit
003f2fec   _setOISumBit
003f302f   _requestControl
003f3034   _readQISumEven
003f3046   _readOISumEven
003f3058   _queryError
003f305d   _operationComplete
003f3062   _executionError
003f3067   _deviceError
003f306c   _commandError
003f3071   _clearQuesCondRegs
003f3080   _clearOperCondRegs
003f3091   _ADC_SOC_CNF
003f3250   _setAcDac
003f328a   _rstDcTripzone
003f32a4   _rstAcTripzone
003f3308   _initAcTripzone
003f336e   _initTripZone
003f3375   _initDcComparator
003f33b4   _initAcComparator
003f33ca   _getAcDac
003f33f1   _registerCommonCommands
003f348c   _WAI
003f348e   _TST
003f34a1   _STB
003f34b7   _SRE
003f34e7   _RST
003f34eb   _OPC
003f34fe   _IDN
003f3541   _ESR
003f354b   _ESE
003f3579   _CLS
003f3591   _tripDcMidOvp
003f3599   _setDcHvOvpLevel
003f35e7   _setAcOvpLevel
003f363c   _getLoadOvpState
003f3647   _getDcMidOvpState
003f364d   _getDcHvOvpState
003f3653   _getDcHvOvpLevel
003f367b   _getAcOvpState
003f3681   _getAcOvpLevel
003f36a9   _clearLoadOvp
003f36b8   _clearDcMidOvp
003f36c8   _clearDcHvOvp
003f36d4   _clearAcOvp
003f36e0   _checkLoadOvp
003f3704   _checkDcHvOvp
003f3715   _checkAcOvp
003f3726   _systVers
003f3734   _systErrNext
003f373e   _statQuesEven
003f374f   _statQuesEnab
003f377d   _statQuesCond
003f3786   _statPres
003f378c   _statOperEven
003f379d   _statOperEnab
003f37cb   _statOperCond
003f37d4   _registerRequiredCommands
003f38a4   _strtod
003f39f7   _updateSineSignal
003f3a45   _updateSineGain
003f3a6c   _setSineState
003f3a75   _setSineGainTarget
003f3aa9   _setSineRmsTarget
003f3adb   _setSineGainStep
003f3b0f   _initSine
003f3b29   _getSineState
003f3b32   _getSineGainTarget
003f3b3d   _getSineGainStep
003f3b48   _WDogDisable
003f3b50   _PieVectTableInit
003f3b61   _PieCntlInit
003f3b80   _PLLset
003f3bb2   _MemCopy
003f3bc3   _DeviceInit
003f3c8f   _initEnableControl
003f3cf1   _resetEnableControl
003f3d04   _getCurrentState
003f3d17   _enableCircuit
003f3d76   _disableCircuit
003f3dce   _updateLoadSlew
003f3df0   _setLoadStateAll
003f3dff   _setLoadState
003f3e11   _setLoadSlewTarget
003f3e60   _setLoadSlewStep
003f3ea7   _getLoadState
003f3eb8   _getLoadSlewTarget
003f3ee2   _getLoadSlewStep
003f3f0c   _DPL_Init
003f3fe7   __args_main
003f6000   __ctypes_
003f62f4   ___cinit__
003f62f4   cinit
003f646a   __IQ14toF
003f647e   __IQ24toF
003f6492   __IQ26toF
003f7ff6   code_start
003f7ff8   _CsmPwl
ffffffff   .text
ffffffff   ___binit__
ffffffff   ___c_args__
ffffffff   ___etext__
ffffffff   ___pinit__
ffffffff   ___text__
ffffffff   binit
ffffffff   etext
ffffffff   pinit

[416 symbols]
