******************************************************************************
             TMS320C2000 Linker PC v6.1.3                      
******************************************************************************
>> Linked Thu Oct 03 12:18:50 2013

OUTPUT FILE NAME:   <F2802x_BurnInUnit.out>
ENTRY POINT SYMBOL: "_c_int00"  address: 003f11e3


MEMORY CONFIGURATION

         name            origin    length      used     unused   attr    fill
----------------------  --------  ---------  --------  --------  ----  --------
PAGE 0:
  BOOT_RSVD             00000000   00000050  00000000  00000050  RWIX
  progRAM               00008000   00000800  00000240  000005c0  RWIX
  OTP                   003d7800   00000400  00000000  00000400  RWIX
  FLASHD                003f0000   00002000  0000155b  00000aa5  RWIX
  FLASHC                003f2000   00002000  00001fff  00000001  RWIX
  FLASHA                003f6000   00001f80  0000064f  00001931  RWIX
  CSM_RSVD              003f7f80   00000076  00000000  00000076  RWIX
  BEGIN                 003f7ff6   00000002  00000002  00000000  RWIX
  CSM_PWL               003f7ff8   00000008  00000000  00000008  RWIX
  IQTABLES              003fe000   00000b50  00000000  00000b50  RWIX
  IQTABLES2             003feb50   0000008c  00000000  0000008c  RWIX
  IQTABLES3             003febdc   000000aa  00000000  000000aa  RWIX
  BOOTROM               003ff27c   00000d44  00000000  00000d44  RWIX
  RESET                 003fffc0   00000002  00000000  00000002  RWIX
  VECTORS               003fffc2   0000003e  00000000  0000003e  RWIX

PAGE 1:
  RAMM0                 00000050   000003b0  00000380  00000030  RWIX
  RAMM1                 00000400   00000400  00000240  000001c0  RWIX
  DEV_EMU               00000880   00000105  00000004  00000101  RWIX
  SYS_PWR_CTL           00000985   00000003  00000003  00000000  RWIX
  FLASH_REGS            00000a80   00000060  00000008  00000058  RWIX
  CSM                   00000ae0   00000010  00000010  00000000  RWIX
  ADC_RESULT            00000b00   00000020  00000020  00000000  RWIX
  CPU_TIMER0            00000c00   00000008  00000008  00000000  RWIX
  CPU_TIMER1            00000c08   00000008  00000008  00000000  RWIX
  CPU_TIMER2            00000c10   00000008  00000008  00000000  RWIX
  PIE_CTRL              00000ce0   00000020  0000001a  00000006  RWIX
  PIE_VECT              00000d00   00000100  00000100  00000000  RWIX
  COMP1                 00006400   00000020  00000014  0000000c  RWIX
  COMP2                 00006420   00000020  00000014  0000000c  RWIX
  EPWM1                 00006800   00000040  0000003a  00000006  RWIX
  EPWM2                 00006840   00000040  0000003a  00000006  RWIX
  EPWM3                 00006880   00000040  0000003a  00000006  RWIX
  EPWM4                 000068c0   00000040  0000003a  00000006  RWIX
  ECAP1                 00006a00   00000020  00000020  00000000  RWIX
  GPIOCTRL              00006f80   00000040  00000040  00000000  RWIX
  GPIODAT               00006fc0   00000020  00000020  00000000  RWIX
  GPIOINT               00006fe0   00000020  0000000a  00000016  RWIX
  SYSTEM                00007010   00000020  0000001f  00000001  RWIX
  SPIA                  00007040   00000010  00000010  00000000  RWIX
  SCIA                  00007050   00000010  00000010  00000000  RWIX
  NMIINTRUPT            00007060   00000010  00000010  00000000  RWIX
  XINTRUPT              00007070   00000010  00000010  00000000  RWIX
  ADC                   00007100   00000080  00000051  0000002f  RWIX
  I2CA                  00007900   00000040  00000022  0000001e  RWIX
  dataRAM               00008800   00000800  000007fe  00000002  RWIX
  PARTID                003d7fff   00000001  00000001  00000000  RWIX
  FLASHB                003f4000   00002000  00000000  00002000  RWIX
  CSM_PWL               003f7ff8   00000008  00000008  00000000  RWIX


SECTION ALLOCATION MAP

 output                                  attributes/
section   page    origin      length       input sections
--------  ----  ----------  ----------   ----------------
.pinit     0    003f6000    00000000     UNINITIALIZED

ramfuncs   0    003f0000    00000240     RUN ADDR = 00008000
                  003f0000    0000021f     BurnInUnit_ISR.obj (ramfuncs)
                  003f021f    0000001d     DevInit_F2802x.obj (ramfuncs)
                  003f023c    00000004     DSP2802x_usDelay.obj (ramfuncs)

.text.1    0    003f0240    0000131b     
                  003f0240    0000011d     Tmp.obj (.text)
                  003f035d    00000107     Cntl.obj (.text)
                  003f0464    000000ec     BurnInUnit_ISR.obj (.text)
                  003f0550    000000db     SCPI_respFmtr.obj (.text)
                  003f062b    000000cc     SCPI_buildTree.obj (.text)
                  003f06f7    000000c5     EnableCtrl.obj (.text)
                  003f07bc    000000c4     SCPI_inputBuffer.obj (.text)
                  003f0880    000000c0     I2c.obj (.text)
                  003f0940    000000b4     rts2800_ml.lib : log10.obj (.text)
                  003f09f4    000000af     SCPI_outputQueue.obj (.text)
                  003f0aa3    000000ae     Spi.obj (.text)
                  003f0b51    0000009e     rts2800_ml.lib : exp.obj (.text)
                  003f0bef    0000008d                    : _log.obj (.text)
                  003f0c7c    00000088     SCPI_serialEmulation.obj (.text)
                  003f0d04    00000087     Sci.obj (.text)
                  003f0d8b    00000083     rts2800_ml.lib : fd_mpy.obj (.text)
                  003f0e0e    00000083                    : fs_div.obj (.text)
                  003f0e91    00000083                    : pow.obj (.text)
                  003f0f14    0000007f     SCPI_parser.obj (.text)
                  003f0f93    0000007b     StateMachine.obj (.text)
                  003f100e    00000078     rts2800_ml.lib : fs_add.obj (.text)
                  003f1086    00000061     I2c.obj (.text:retain)
                  003f10e7    0000005c     PWM_2ch_UpCnt_Cnf.obj (.text)
                  003f1143    0000005a     rts2800_ml.lib : fs_mpy.obj (.text)
                  003f119d    00000046     Main.obj (.text)
                  003f11e3    00000044     rts2800_ml.lib : boot.obj (.text)
                  003f1227    00000041                    : ldexp.obj (.text)
                  003f1268    0000003f     Spi.obj (.text:retain)
                  003f12a7    00000031     rts2800_ml.lib : modf.obj (.text)
                  003f12d8    0000002c     SCPI_execCtrl.obj (.text)
                  003f1304    0000002c     Pwm.obj (.text:retain)
                  003f1330    0000002a     rts2800_ml.lib : l_div.obj (.text)
                  003f135a    00000029                    : fs_tol.obj (.text)
                  003f1383    00000025                    : fs_toi.obj (.text)
                  003f13a8    00000022                    : i_div.obj (.text)
                  003f13ca    00000021                    : fd_toi.obj (.text)
                  003f13eb    0000001f                    : fd_tol.obj (.text)
                  003f140a    0000001d                    : fs_tou.obj (.text)
                  003f1427    0000001c                    : fs_tofd.obj (.text)
                  003f1443    0000001b     C28x_SGEN_Lib_fixed.lib : sgti1c.obj (.text)
                  003f145e    0000001a     rts2800_ml.lib : i_tofs.obj (.text)
                  003f1478    0000001a                    : l_tofs.obj (.text)
                  003f1492    00000019                    : args_main.obj (.text)
                  003f14ab    00000019                    : exit.obj (.text)
                  003f14c4    00000017                    : fs_cmp.obj (.text)
                  003f14db    00000014                    : frexp.obj (.text)
                  003f14ef    00000013     PhaseCtrl.obj (.text)
                  003f1502    00000013     rts2800_ml.lib : ul_tofs.obj (.text)
                  003f1515    00000010     Timers.obj (.text)
                  003f1525    00000010     rts2800_ml.lib : u_tofs.obj (.text)
                  003f1535    0000000b                    : u_div.obj (.text)
                  003f1540    00000009                    : _lock.obj (.text)
                  003f1549    00000008     DSP2802x_CodeStartBranch.obj (.text)
                  003f1551    00000005     DevInit_F2802x.obj (.text:retain)
                  003f1556    00000005     rts2800_ml.lib : fs_neg.obj (.text)

.text.2    0    003f2000    00001fff     
                  003f2000    0000071d     SCPI_specificCmds.obj (.text)
                  003f271d    000003b4     Adc.obj (.text)
                  003f2ad1    000001e9     SCPI_lexer.obj (.text)
                  003f2cba    000001e5     SCPI_msgEPCtrl.obj (.text)
                  003f2e9f    000001e5     SCPI_string.obj (.text)
                  003f3084    000001d3     SCPI_status.obj (.text)
                  003f3257    000001c1     SineGen.obj (.text)
                  003f3418    000001bf     ADC_SOC_Cnf.obj (.text)
                  003f35d7    000001ae     SlewControl.obj (.text)
                  003f3785    000001a0     SCPI_commonCmds.obj (.text)
                  003f3925    0000017e     SCPI_requiredCmds.obj (.text)
                  003f3aa3    00000154     Pwm.obj (.text)
                  003f3bf7    00000153     rts2800_ml.lib : strtod.obj (.text)
                  003f3d4a    00000147     MacroNets.obj (.text)
                  003f3e91    00000136     DevInit_F2802x.obj (.text)
                  003f3fc7    00000038     Sci.obj (.text:retain)

.econst    0    003f6000    00000440     
                  003f6000    0000018f     SCPI_specificCmds.obj (.econst:.string)
                  003f618f    00000101     rts2800_ml.lib : ctype.obj (.econst:.string:__ctypes_)
                  003f6290    0000007e     SCPI_requiredCmds.obj (.econst:.string)
                  003f630e    0000005b     SCPI_commonCmds.obj (.econst:.string)
                  003f6369    00000001     Sci.obj (.econst)
                  003f636a    0000002f     SCPI_serialEmulation.obj (.econst:.string)
                  003f6399    00000001     Spi.obj (.econst)
                  003f639a    00000024     Cntl.obj (.econst:_$P$T0$1)
                  003f63be    00000014     rts2800_ml.lib : strtod.obj (.econst:_digits)
                  003f63d2    00000010     Adc.obj (.econst:_$P$T0$1)
                  003f63e2    00000010     Adc.obj (.econst:_$P$T1$2)
                  003f63f2    00000010     Adc.obj (.econst:_$P$T2$3)
                  003f6402    0000000c     Adc.obj (.econst)
                  003f640e    0000000c     rts2800_ml.lib : strtod.obj (.econst:_powerof10)
                  003f641a    00000008     SCPI_lexer.obj (.econst:.string)
                  003f6422    00000008     Cntl.obj (.econst)
                  003f642a    00000005     SCPI_buildTree.obj (.econst:.string)
                  003f642f    00000001     --HOLE-- [fill = 0]
                  003f6430    00000004     SCPI_string.obj (.econst:.string)
                  003f6434    00000004     SineGen.obj (.econst)
                  003f6438    00000004     SlewControl.obj (.econst)
                  003f643c    00000004     Tmp.obj (.econst)

.cinit     0    003f6440    000001ab     
                  003f6440    00000081     Cntl.obj (.cinit)
                  003f64c1    0000002d     SCPI_string.obj (.cinit)
                  003f64ee    00000022     SCPI_msgEPCtrl.obj (.cinit)
                  003f6510    0000001d     SineGen.obj (.cinit)
                  003f652d    00000011     I2c.obj (.cinit)
                  003f653e    00000010     SCPI_inputBuffer.obj (.cinit)
                  003f654e    00000010     SCPI_respFmtr.obj (.cinit)
                  003f655e    0000000f     SCPI_lexer.obj (.cinit)
                  003f656d    0000000d     MacroNets.obj (.cinit)
                  003f657a    0000000d     Main.obj (.cinit)
                  003f6587    0000000c     EnableCtrl.obj (.cinit)
                  003f6593    0000000c     Pwm.obj (.cinit)
                  003f659f    0000000c     SCPI_outputQueue.obj (.cinit)
                  003f65ab    0000000c     Tmp.obj (.cinit)
                  003f65b7    0000000a     rts2800_ml.lib : _lock.obj (.cinit)
                  003f65c1    0000000a                    : exit.obj (.cinit)
                  003f65cb    00000009     SCPI_buildTree.obj (.cinit)
                  003f65d4    00000008     SCPI_parser.obj (.cinit)
                  003f65dc    00000005     PhaseCtrl.obj (.cinit)
                  003f65e1    00000004     SCPI_specificCmds.obj (.cinit)
                  003f65e5    00000004     rts2800_ml.lib : errno.obj (.cinit)
                  003f65e9    00000002     --HOLE-- [fill = 0]

IQmath     0    003f65eb    00000064     
                  003f65eb    00000014     IQmath.lib : IQ10toF.obj (IQmath)
                  003f65ff    00000014                : IQ14toF.obj (IQmath)
                  003f6613    00000014                : IQ15toF.obj (IQmath)
                  003f6627    00000014                : IQ24toF.obj (IQmath)
                  003f663b    00000014                : IQ26toF.obj (IQmath)

codestart 
*          0    003f7ff6    00000002     
                  003f7ff6    00000002     DSP2802x_CodeStartBranch.obj (codestart)

.reset     0    003fffc0    00000002     DSECT
                  003fffc0    00000002     rts2800_ml.lib : boot.obj (.reset)

vectors    0    003fffc2    00000000     DSECT

.stack     1    00000050    00000380     UNINITIALIZED
                  00000050    00000380     --HOLE--

.ebss.1    1    00000400    000000a4     UNINITIALIZED
                  00000400    000000a4     SCPI_msgEPCtrl.obj (.ebss)

.ebss.2    1    000004c0    000000a4     UNINITIALIZED
                  000004c0    000000a4     SCPI_outputQueue.obj (.ebss)

.ebss.3    1    00000580    0000007e     UNINITIALIZED
                  00000580    0000007e     Cntl.obj (.ebss)

.ebss.4    1    00000600    0000002e     UNINITIALIZED
                  00000600    0000002e     SCPI_respFmtr.obj (.ebss)

.ebss.5    1    00000640    00000027     UNINITIALIZED
                  00000640    00000027     SCPI_string.obj (.ebss)

.ebss.6    1    00000680    00000025     UNINITIALIZED
                  00000680    00000025     SCPI_status.obj (.ebss)

DevEmuRegsFile 
*          1    00000880    00000004     UNINITIALIZED
                  00000880    00000004     DSP2802x_GlobalVariableDefs.obj (DevEmuRegsFile)

SysPwrCtrlRegsFile 
*          1    00000985    00000003     UNINITIALIZED
                  00000985    00000003     DSP2802x_GlobalVariableDefs.obj (SysPwrCtrlRegsFile)

FlashRegsFile 
*          1    00000a80    00000008     UNINITIALIZED
                  00000a80    00000008     DSP2802x_GlobalVariableDefs.obj (FlashRegsFile)

CsmRegsFile 
*          1    00000ae0    00000010     UNINITIALIZED
                  00000ae0    00000010     DSP2802x_GlobalVariableDefs.obj (CsmRegsFile)

AdcResultFile 
*          1    00000b00    00000020     UNINITIALIZED
                  00000b00    00000020     DSP2802x_GlobalVariableDefs.obj (AdcResultFile)

CpuTimer0RegsFile 
*          1    00000c00    00000008     UNINITIALIZED
                  00000c00    00000008     DSP2802x_GlobalVariableDefs.obj (CpuTimer0RegsFile)

CpuTimer1RegsFile 
*          1    00000c08    00000008     UNINITIALIZED
                  00000c08    00000008     DSP2802x_GlobalVariableDefs.obj (CpuTimer1RegsFile)

CpuTimer2RegsFile 
*          1    00000c10    00000008     UNINITIALIZED
                  00000c10    00000008     DSP2802x_GlobalVariableDefs.obj (CpuTimer2RegsFile)

PieCtrlRegsFile 
*          1    00000ce0    0000001a     UNINITIALIZED
                  00000ce0    0000001a     DSP2802x_GlobalVariableDefs.obj (PieCtrlRegsFile)

PieVectTableFile 
*          1    00000d00    00000100     UNINITIALIZED
                  00000d00    00000100     DSP2802x_GlobalVariableDefs.obj (PieVectTableFile)

EmuKeyVar 
*          1    00000d00    00000001     UNINITIALIZED
                  00000d00    00000001     DSP2802x_GlobalVariableDefs.obj (EmuKeyVar)

EmuBModeVar 
*          1    00000d01    00000001     UNINITIALIZED
                  00000d01    00000001     DSP2802x_GlobalVariableDefs.obj (EmuBModeVar)

FlashCallbackVar 
*          1    00000d02    00000002     UNINITIALIZED
                  00000d02    00000002     DSP2802x_GlobalVariableDefs.obj (FlashCallbackVar)

FlashScalingVar 
*          1    00000d04    00000002     UNINITIALIZED
                  00000d04    00000002     DSP2802x_GlobalVariableDefs.obj (FlashScalingVar)

Comp1RegsFile 
*          1    00006400    00000014     UNINITIALIZED
                  00006400    00000014     DSP2802x_GlobalVariableDefs.obj (Comp1RegsFile)

Comp2RegsFile 
*          1    00006420    00000014     UNINITIALIZED
                  00006420    00000014     DSP2802x_GlobalVariableDefs.obj (Comp2RegsFile)

EPwm1RegsFile 
*          1    00006800    0000003a     UNINITIALIZED
                  00006800    0000003a     DSP2802x_GlobalVariableDefs.obj (EPwm1RegsFile)

EPwm2RegsFile 
*          1    00006840    0000003a     UNINITIALIZED
                  00006840    0000003a     DSP2802x_GlobalVariableDefs.obj (EPwm2RegsFile)

EPwm3RegsFile 
*          1    00006880    0000003a     UNINITIALIZED
                  00006880    0000003a     DSP2802x_GlobalVariableDefs.obj (EPwm3RegsFile)

EPwm4RegsFile 
*          1    000068c0    0000003a     UNINITIALIZED
                  000068c0    0000003a     DSP2802x_GlobalVariableDefs.obj (EPwm4RegsFile)

ECap1RegsFile 
*          1    00006a00    00000020     UNINITIALIZED
                  00006a00    00000020     DSP2802x_GlobalVariableDefs.obj (ECap1RegsFile)

GpioCtrlRegsFile 
*          1    00006f80    00000040     UNINITIALIZED
                  00006f80    00000040     DSP2802x_GlobalVariableDefs.obj (GpioCtrlRegsFile)

GpioDataRegsFile 
*          1    00006fc0    00000020     UNINITIALIZED
                  00006fc0    00000020     DSP2802x_GlobalVariableDefs.obj (GpioDataRegsFile)

GpioIntRegsFile 
*          1    00006fe0    0000000a     UNINITIALIZED
                  00006fe0    0000000a     DSP2802x_GlobalVariableDefs.obj (GpioIntRegsFile)

SysCtrlRegsFile 
*          1    00007010    0000001f     UNINITIALIZED
                  00007010    0000001f     DSP2802x_GlobalVariableDefs.obj (SysCtrlRegsFile)

SpiaRegsFile 
*          1    00007040    00000010     UNINITIALIZED
                  00007040    00000010     DSP2802x_GlobalVariableDefs.obj (SpiaRegsFile)

SciaRegsFile 
*          1    00007050    00000010     UNINITIALIZED
                  00007050    00000010     DSP2802x_GlobalVariableDefs.obj (SciaRegsFile)

NmiIntruptRegsFile 
*          1    00007060    00000010     UNINITIALIZED
                  00007060    00000010     DSP2802x_GlobalVariableDefs.obj (NmiIntruptRegsFile)

XIntruptRegsFile 
*          1    00007070    00000010     UNINITIALIZED
                  00007070    00000010     DSP2802x_GlobalVariableDefs.obj (XIntruptRegsFile)

AdcRegsFile 
*          1    00007100    00000051     UNINITIALIZED
                  00007100    00000051     DSP2802x_GlobalVariableDefs.obj (AdcRegsFile)

I2caRegsFile 
*          1    00007900    00000022     UNINITIALIZED
                  00007900    00000022     DSP2802x_GlobalVariableDefs.obj (I2caRegsFile)

SINTBL     1    00008800    00000101     
                  00008800    00000101     C28x_SGEN_Lib_fixed.lib : SINTB360.obj (SINTBL)

CNTL_3P3Z_Section 
*          1    00008902    0000002c     UNINITIALIZED
                  00008902    0000002c     BurnInUnit_ISR.obj (CNTL_3P3Z_Section)

PWMDRV_2ch_UpCnt_Section 
*          1    0000892e    00000012     UNINITIALIZED
                  0000892e    00000012     BurnInUnit_ISR.obj (PWMDRV_2ch_UpCnt_Section)

CNTL_2P2Z_Section 
*          1    00008940    0000005a     UNINITIALIZED
                  00008940    0000005a     BurnInUnit_ISR.obj (CNTL_2P2Z_Section)

CNTL_3P3Z_Coef 
*          1    0000899a    00000024     UNINITIALIZED
                  0000899a    00000024     Cntl.obj (CNTL_3P3Z_Coef)

ZeroNet_Section 
*          1    000089be    00000002     UNINITIALIZED
                  000089be    00000002     BurnInUnit_ISR.obj (ZeroNet_Section)

CNTL_2P2Z_Coef 
*          1    000089c0    00000046     UNINITIALIZED
                  000089c0    00000046     Cntl.obj (CNTL_2P2Z_Coef)

ADCDRV_1ch_Section 
*          1    00008a06    0000001a     UNINITIALIZED
                  00008a06    0000001a     BurnInUnit_ISR.obj (ADCDRV_1ch_Section)

SGENTI_1ch_Struct 
*          1    00008a20    00000008     UNINITIALIZED
                  00008a20    00000008     SineGen.obj (SGENTI_1ch_Struct)

ISR_Section 
*          1    00008a28    00000003     UNINITIALIZED
                  00008a28    00000003     BurnInUnit_ISR.obj (ISR_Section)

.ebss.7    1    00008a2c    000005d4     UNINITIALIZED
                  00008a2c    0000000e     I2c.obj (.ebss)
                  00008a3a    00000006     SineGen.obj (.ebss)
                  00008a40    00000370     SCPI_buildTree.obj (.ebss)
                  00008db0    0000000b     EnableCtrl.obj (.ebss)
                  00008dbb    00000001     SCPI_specificCmds.obj (.ebss)
                  00008dbc    00000004     rts2800_ml.lib : _lock.obj (.ebss)
                  00008dc0    0000013c     MacroNets.obj (.ebss)
                  00008efc    00000004     rts2800_ml.lib : exit.obj (.ebss)
                  00008f00    000000a4     SCPI_inputBuffer.obj (.ebss)
                  00008fa4    0000000a     Main.obj (.ebss)
                  00008fae    0000000a     Tmp.obj (.ebss)
                  00008fb8    00000008     StateMachine.obj (.ebss)
                  00008fc0    00000038     SCPI_lexer.obj (.ebss)
                  00008ff8    00000003     Pwm.obj (.ebss)
                  00008ffb    00000001     rts2800_ml.lib : errno.obj (.ebss)
                  00008ffc    00000002     PhaseCtrl.obj (.ebss)
                  00008ffe    00000002     SCPI_parser.obj (.ebss)

PartIdRegsFile 
*          1    003d7fff    00000001     UNINITIALIZED
                  003d7fff    00000001     DSP2802x_GlobalVariableDefs.obj (PartIdRegsFile)

CsmPwlFile 
*          1    003f7ff8    00000008     UNINITIALIZED
                  003f7ff8    00000008     DSP2802x_GlobalVariableDefs.obj (CsmPwlFile)


GLOBAL SYMBOLS: SORTED ALPHABETICALLY BY Name 

address    name
--------   ----
ffffffff   .text
003f14ab   C$$EXIT
003f0d8b   FD$$MPY
003f13ca   FD$$TOI
003f13eb   FD$$TOL
003f1013   FS$$ADD
003f14c4   FS$$CMP
003f0e0e   FS$$DIV
003f1143   FS$$MPY
003f1556   FS$$NEG
003f100e   FS$$SUB
003f1427   FS$$TOFD
003f1383   FS$$TOI
003f135a   FS$$TOL
003f140a   FS$$TOU
003f13a8   I$$DIV
003f13b9   I$$MOD
003f145e   I$$TOFS
003f1330   L$$DIV
003f133f   L$$MOD
003f1478   L$$TOFS
00008800   SINTAB_360
003f1535   U$$DIV
003f153a   U$$MOD
003f1525   U$$TOFS
003f134d   UL$$DIV
003f1354   UL$$MOD
003f1502   UL$$TOFS
00008a06   _ADCDRV_1ch_Rlt1
00008a18   _ADCDRV_1ch_Rlt10
00008a1a   _ADCDRV_1ch_Rlt11
00008a1c   _ADCDRV_1ch_Rlt12
00008a1e   _ADCDRV_1ch_Rlt13
00008a08   _ADCDRV_1ch_Rlt2
00008a0a   _ADCDRV_1ch_Rlt3
00008a0c   _ADCDRV_1ch_Rlt4
00008a0e   _ADCDRV_1ch_Rlt5
00008a10   _ADCDRV_1ch_Rlt6
00008a12   _ADCDRV_1ch_Rlt7
00008a14   _ADCDRV_1ch_Rlt8
00008a16   _ADCDRV_1ch_Rlt9
003f3418   _ADC_SOC_CNF
00007100   _AdcRegs
00000b00   _AdcResult
00008fbe   _Alpha_State_Ptr
003f390d   _CLS
00008946   _CNTL_2P2Z_Coef1
00008958   _CNTL_2P2Z_Coef2
0000896a   _CNTL_2P2Z_Coef3
0000897c   _CNTL_2P2Z_Coef4
0000898e   _CNTL_2P2Z_Coef5
00008948   _CNTL_2P2Z_DBUFF1
0000895a   _CNTL_2P2Z_DBUFF2
0000896c   _CNTL_2P2Z_DBUFF3
00008980   _CNTL_2P2Z_DBUFF4
00008990   _CNTL_2P2Z_DBUFF5
00008942   _CNTL_2P2Z_Fdbk1
00008954   _CNTL_2P2Z_Fdbk2
00008966   _CNTL_2P2Z_Fdbk3
00008978   _CNTL_2P2Z_Fdbk4
0000898a   _CNTL_2P2Z_Fdbk5
00008944   _CNTL_2P2Z_Out1
00008956   _CNTL_2P2Z_Out2
00008968   _CNTL_2P2Z_Out3
0000897a   _CNTL_2P2Z_Out4
0000898c   _CNTL_2P2Z_Out5
00008940   _CNTL_2P2Z_Ref1
00008952   _CNTL_2P2Z_Ref2
00008964   _CNTL_2P2Z_Ref3
00008976   _CNTL_2P2Z_Ref4
0000897e   _CNTL_2P2Z_Ref5
00008908   _CNTL_3P3Z_Coef1
0000891e   _CNTL_3P3Z_Coef2
0000890a   _CNTL_3P3Z_DBUFF1
00008920   _CNTL_3P3Z_DBUFF2
00008904   _CNTL_3P3Z_Fdbk1
0000891a   _CNTL_3P3Z_Fdbk2
00008906   _CNTL_3P3Z_Out1
0000891c   _CNTL_3P3Z_Out2
00008902   _CNTL_3P3Z_Ref1
00008918   _CNTL_3P3Z_Ref2
00006400   _Comp1Regs
00006420   _Comp2Regs
00000c00   _CpuTimer0Regs
00000c08   _CpuTimer1Regs
00000c10   _CpuTimer2Regs
003f7ff8   _CsmPwl
00000ae0   _CsmRegs
003f0cfe   _DCL
003f0cfc   _DFC
003f11db   _DLOG_BuffInit
00008000   _DPL_ISR
003f0464   _DPL_Init
0000823c   _DSP28x_usDelay
00000880   _DevEmuRegs
003f3f0c   _DeviceInit
00006a00   _ECap1Regs
00006800   _EPwm1Regs
00006840   _EPwm2Regs
00006880   _EPwm3Regs
000068c0   _EPwm4Regs
003f38df   _ESE
003f38d5   _ESR
00000d01   _EmuBMode
00000d00   _EmuKey
00000a80   _FlashRegs
00000d04   _Flash_CPUScaleFactor
00000d02   _Flash_CallbackPtr
003f0cf6   _GET
003f0cf4   _GTL
00006f80   _GpioCtrlRegs
00006fc0   _GpioDataRegs
00006fe0   _GpioIntRegs
003f0cf2   _HFC
00007900   _I2caRegs
003f3892   _IDN
003f1551   _ISR_ILLEGAL
0000821f   _InitFlash
003f0cf0   _LLO
003f3efb   _MemCopy
00007060   _NmiIntruptRegs
003f387f   _OPC
00008ffc   _PHASE_CTRL_In
003f3ec9   _PLLset
003f0cee   _POL
0000892e   _PWMDRV_2ch_UpCnt_Duty1A
00008930   _PWMDRV_2ch_UpCnt_Duty1B
00008934   _PWMDRV_2ch_UpCnt_Duty2A
00008936   _PWMDRV_2ch_UpCnt_Duty2B
0000893a   _PWMDRV_2ch_UpCnt_Duty3A
0000893c   _PWMDRV_2ch_UpCnt_Duty3B
00008932   _PWMDRV_2ch_UpCnt_Period1
00008938   _PWMDRV_2ch_UpCnt_Period2
0000893e   _PWMDRV_2ch_UpCnt_Period3
003f10e7   _PWM_2ch_UpCnt_CNF
003d7fff   _PartIdRegs
003f3eaa   _PieCntlInit
00000ce0   _PieCtrlRegs
00000d00   _PieVectTable
003f3e99   _PieVectTableInit
003f387b   _RST
003f0240   _RamfuncsLoadEnd
003f0000   _RamfuncsLoadStart
00008000   _RamfuncsRunStart
003f0cec   _SFC
003f1443   _SGENTI_1_calc
00008a3c   _SGENTI_1ch_Sign
00008a3e   _SGENTI_1ch_VOut
003f384b   _SRE
003f0cea   _SRQ
003f3835   _STB
00007050   _SciaRegs
00000681   _ScpiRegs
00007040   _SpiaRegs
00007010   _SysCtrlRegs
00000985   _SysPwrCtrlRegs
003f3822   _TST
003f3820   _WAI
003f3e91   _WDogDisable
00007070   _XIntruptRegs
003f65eb   __IQ10toF
003f65ff   __IQ14toF
003f6613   __IQ15toF
003f6627   __IQ24toF
003f663b   __IQ26toF
000003d0   __STACK_END
00000380   __STACK_SIZE
00000001   __TI_args_main
ffffffff   ___binit__
ffffffff   ___c_args__
003f6440   ___cinit__
ffffffff   ___etext__
ffffffff   ___pinit__
ffffffff   ___text__
003f1492   __args_main
00008efc   __cleanup_ptr
003f618f   __ctypes_
00008efe   __dtors_ptr
00008dbe   __lock
003f0bef   __log
003f1548   __nop
003f1544   __register_lock
003f1540   __register_unlock
00000050   __stack
00008dbc   __unlock
003f14ab   _abort
003f2ac1   _adcCheckOcp
003f2ab1   _adcCheckOvp
003f2a89   _adcCompConfigure
003f2a66   _adcGetCurrent
003f2a0d   _adcGetDac
003f29f8   _adcGetIScale
003f29c3   _adcGetOcp
003f297f   _adcGetOvp
003f296a   _adcGetVScale
003f2947   _adcGetVoltage
003f2942   _adcMacroConfigure
003f28e0   _adcSetDac
003f287b   _adcSetIScale
003f2813   _adcSetOcp
003f27a2   _adcSetOvp
003f273d   _adcSetVScale
003f271d   _adcSocCnf
003f3063   _breakString
003f06ce   _buildScpiTree
003f11e3   _c_int00
003f271b   _calAll
00008e00   _channel
003f07bc   _clearIBuff
003f09f4   _clearOQueue
003f3246   _clearOperCondRegs
003f3237   _clearQuesCondRegs
003f042c   _cntlGetCoef
003f03b5   _cntlSetCoef
003f035d   _cntlUpdateCoefs
000089c0   _coefs2
0000899a   _coefs3
003f3232   _commandError
00008ff8   _comp1Trig
00008ffa   _comp2Trig
003f2719   _contIdleInit
003f0a9c   _dataOnOQueue
003f0ce8   _ddd
003f322d   _deviceError
003f2f55   _dtoa
00008fa4   _ePWM
003f0792   _ecDisable
003f0769   _ecEnable
003f0708   _ecInit
003f06f7   _ecReset
00008dc0   _enableAll
00008ffb   _errno
003f12dd   _execCtrl
003f3228   _executionError
003f14ad   _exit
003f0b51   _exp
003f14db   _frexp
003f0918   _i2cInit
00008a2c   _i2cIsrErr
00008a30   _i2cMsgBlank
003f08f9   _i2cPopMsg
003f0880   _i2cRead
003f08b6   _i2cWrite
003f2717   _inpStat
003f26f8   _instCat
003f26cf   _instNsel
003f26cd   _instStat
003f2f13   _itoa
003f1227   _ldexp
003f2c0c   _lexProgramMsg
003f0940   _log10
003f119d   _main
003f26b4   _measCurr
003f269b   _measTemp
003f2682   _measVolt
003f3db6   _mnConnectNets
003f3da9   _mnRunAll
003f3d58   _mnSetupChannels
003f3d4a   _mnStopAll
003f12a7   _modf
00000404   _msgs
00008dbb   _nSel
003f3223   _operationComplete
003f2680   _outpStat
003f0f68   _parseMsgUnit
003f14ef   _pcUpdate
003f083a   _popIBuff
003f0a6c   _popOQueue
003f0e91   _pow
003f07dc   _pushIBuff
003f0a18   _pushOQueue
003f3bda   _pwmDPLTrigInit
003f3bb1   _pwmGetFreq
003f3b98   _pwmMacroConfigure
003f3b83   _pwmRstTz
003f3b4b   _pwmSetFreq
003f3b3a   _pwmSocConfigure
003f3aa3   _pwmTzConfigure
003f321e   _queryError
003f320c   _readOISumEven
003f31fa   _readQISumEven
003f0653   _registerChild
003f3785   _registerCommonCommands
003f2286   _registerDeviceCommands
003f0c7c   _registerEmulationCommands
003f39d3   _registerRequiredCommands
003f31f5   _requestControl
003f12d8   _resetExecCtrl
003f07d4   _resetIBuff
003f2af0   _resetLexer
003f0a10   _resetOQueue
003f0f14   _resetParser
003f0625   _resetRespFmtr
003f05bb   _respFmtr
003f0550   _respond
003f3773   _scGetState
003f373d   _scGetStep
003f36f6   _scGetTarget
003f36e3   _scSetState
003f36d4   _scSetStateAll
003f366e   _scSetStep
003f36c2   _scSetStepAll
003f3601   _scSetTarget
003f365c   _scSetTargetAll
003f35d7   _scSlewUpdate
003f0d23   _sciInit
003f0d04   _sciTx
003f2d07   _scpi
003f2cd6   _scpiInit
003f2cba   _scpiReset
003f2cef   _scpiTest
003f31b2   _setOISumBit
003f316f   _setQISumBit
003f33ee   _sgGainUpdate
003f33c5   _sgGetFreq
003f33ba   _sgGetGainTarget
003f33ae   _sgGetOffset
003f33a5   _sgGetRectify
003f3385   _sgGetResolution
003f337c   _sgGetState
003f3368   _sgInit
003f333c   _sgSetFreq
003f330e   _sgSetGainTarget
003f32cc   _sgSetInitialPhase
003f329e   _sgSetOffset
003f3295   _sgSetRectify
003f328c   _sgSetState
003f3257   _sgUpdate
003f062b   _shortenName
00008a20   _sigGen
003f0f93   _smInit
003f224e   _sourCurrCoef
003f2223   _sourCurrLev
003f2209   _sourCurrLim
003f21e9   _sourCurrProt
003f21c9   _sourCurrRang
003f219e   _sourCurrSlew
003f217b   _sourFreqFix
003f215a   _sourFreqGain
003f2139   _sourFreqOffs
003f2119   _sourTempProt
003f20e0   _sourVoltCoef
003f20b4   _sourVoltLev
003f209a   _sourVoltLim
003f207a   _sourVoltProt
003f205a   _sourVoltRang
003f202e   _sourVoltSlew
003f0ac8   _spiInit
003f0aa3   _spiTx
003f39ca   _statOperCond
003f399c   _statOperEnab
003f398b   _statOperEven
003f3985   _statPres
003f397c   _statQuesCond
003f202c   _statQuesCurrCond
003f202a   _statQuesCurrEnab
003f2028   _statQuesCurrEven
003f394e   _statQuesEnab
003f2026   _statQuesEthCond
003f2024   _statQuesEthEnab
003f2022   _statQuesEthEven
003f393d   _statQuesEven
003f2020   _statQuesIicbCond
003f201e   _statQuesIicbEnab
003f201c   _statQuesIicbEven
003f201a   _statQuesScinCond
003f2018   _statQuesScinEnab
003f2016   _statQuesScinEven
003f2014   _statQuesTempCond
003f2012   _statQuesTempEnab
003f2010   _statQuesTempEven
003f200e   _statQuesVoltCond
003f200c   _statQuesVoltEnab
003f200a   _statQuesVoltEven
00008dc1   _stopAll
003f2f0a   _strcat
003f2e9f   _strchr
003f2ef6   _strcmp
003f2ef0   _strcpy
003f2eb8   _strcspn
003f2ea9   _strspn
003f3bf7   _strtod
003f2ee8   _strtok
003f2ec7   _strtok_r
003f2008   _systCommScinBaud
003f2006   _systCommScinDbit
003f2004   _systCommScinEcho
003f2002   _systCommScinPar
003f2000   _systCommScinSbit
003f3933   _systErrNext
003f3925   _systVers
003f1515   _timersSetupReal
003f0328   _tmpCheckOtp
003f030b   _tmpGetOtp
003f02e1   _tmpInit
003f027c   _tmpRead
003f0240   _tmpSetOtp
00008a80   _tree
003f30d1   _updateESB
003f30df   _updateMAV
003f3167   _updateMSS
003f30c1   _updateOPER
003f3084   _updateOperReg
003f3120   _updateQUES
003f30f1   _updateQuesReg
003f3130   _updateSTB
ffffffff   binit
003f6440   cinit
003f7ff6   code_start
ffffffff   etext
ffffffff   pinit


GLOBAL SYMBOLS: SORTED BY Symbol Address 

address    name
--------   ----
00000001   __TI_args_main
00000050   __stack
00000380   __STACK_SIZE
000003d0   __STACK_END
00000404   _msgs
00000681   _ScpiRegs
00000880   _DevEmuRegs
00000985   _SysPwrCtrlRegs
00000a80   _FlashRegs
00000ae0   _CsmRegs
00000b00   _AdcResult
00000c00   _CpuTimer0Regs
00000c08   _CpuTimer1Regs
00000c10   _CpuTimer2Regs
00000ce0   _PieCtrlRegs
00000d00   _EmuKey
00000d00   _PieVectTable
00000d01   _EmuBMode
00000d02   _Flash_CallbackPtr
00000d04   _Flash_CPUScaleFactor
00006400   _Comp1Regs
00006420   _Comp2Regs
00006800   _EPwm1Regs
00006840   _EPwm2Regs
00006880   _EPwm3Regs
000068c0   _EPwm4Regs
00006a00   _ECap1Regs
00006f80   _GpioCtrlRegs
00006fc0   _GpioDataRegs
00006fe0   _GpioIntRegs
00007010   _SysCtrlRegs
00007040   _SpiaRegs
00007050   _SciaRegs
00007060   _NmiIntruptRegs
00007070   _XIntruptRegs
00007100   _AdcRegs
00007900   _I2caRegs
00008000   _DPL_ISR
00008000   _RamfuncsRunStart
0000821f   _InitFlash
0000823c   _DSP28x_usDelay
00008800   SINTAB_360
00008902   _CNTL_3P3Z_Ref1
00008904   _CNTL_3P3Z_Fdbk1
00008906   _CNTL_3P3Z_Out1
00008908   _CNTL_3P3Z_Coef1
0000890a   _CNTL_3P3Z_DBUFF1
00008918   _CNTL_3P3Z_Ref2
0000891a   _CNTL_3P3Z_Fdbk2
0000891c   _CNTL_3P3Z_Out2
0000891e   _CNTL_3P3Z_Coef2
00008920   _CNTL_3P3Z_DBUFF2
0000892e   _PWMDRV_2ch_UpCnt_Duty1A
00008930   _PWMDRV_2ch_UpCnt_Duty1B
00008932   _PWMDRV_2ch_UpCnt_Period1
00008934   _PWMDRV_2ch_UpCnt_Duty2A
00008936   _PWMDRV_2ch_UpCnt_Duty2B
00008938   _PWMDRV_2ch_UpCnt_Period2
0000893a   _PWMDRV_2ch_UpCnt_Duty3A
0000893c   _PWMDRV_2ch_UpCnt_Duty3B
0000893e   _PWMDRV_2ch_UpCnt_Period3
00008940   _CNTL_2P2Z_Ref1
00008942   _CNTL_2P2Z_Fdbk1
00008944   _CNTL_2P2Z_Out1
00008946   _CNTL_2P2Z_Coef1
00008948   _CNTL_2P2Z_DBUFF1
00008952   _CNTL_2P2Z_Ref2
00008954   _CNTL_2P2Z_Fdbk2
00008956   _CNTL_2P2Z_Out2
00008958   _CNTL_2P2Z_Coef2
0000895a   _CNTL_2P2Z_DBUFF2
00008964   _CNTL_2P2Z_Ref3
00008966   _CNTL_2P2Z_Fdbk3
00008968   _CNTL_2P2Z_Out3
0000896a   _CNTL_2P2Z_Coef3
0000896c   _CNTL_2P2Z_DBUFF3
00008976   _CNTL_2P2Z_Ref4
00008978   _CNTL_2P2Z_Fdbk4
0000897a   _CNTL_2P2Z_Out4
0000897c   _CNTL_2P2Z_Coef4
0000897e   _CNTL_2P2Z_Ref5
00008980   _CNTL_2P2Z_DBUFF4
0000898a   _CNTL_2P2Z_Fdbk5
0000898c   _CNTL_2P2Z_Out5
0000898e   _CNTL_2P2Z_Coef5
00008990   _CNTL_2P2Z_DBUFF5
0000899a   _coefs3
000089c0   _coefs2
00008a06   _ADCDRV_1ch_Rlt1
00008a08   _ADCDRV_1ch_Rlt2
00008a0a   _ADCDRV_1ch_Rlt3
00008a0c   _ADCDRV_1ch_Rlt4
00008a0e   _ADCDRV_1ch_Rlt5
00008a10   _ADCDRV_1ch_Rlt6
00008a12   _ADCDRV_1ch_Rlt7
00008a14   _ADCDRV_1ch_Rlt8
00008a16   _ADCDRV_1ch_Rlt9
00008a18   _ADCDRV_1ch_Rlt10
00008a1a   _ADCDRV_1ch_Rlt11
00008a1c   _ADCDRV_1ch_Rlt12
00008a1e   _ADCDRV_1ch_Rlt13
00008a20   _sigGen
00008a2c   _i2cIsrErr
00008a30   _i2cMsgBlank
00008a3c   _SGENTI_1ch_Sign
00008a3e   _SGENTI_1ch_VOut
00008a80   _tree
00008dbb   _nSel
00008dbc   __unlock
00008dbe   __lock
00008dc0   _enableAll
00008dc1   _stopAll
00008e00   _channel
00008efc   __cleanup_ptr
00008efe   __dtors_ptr
00008fa4   _ePWM
00008fbe   _Alpha_State_Ptr
00008ff8   _comp1Trig
00008ffa   _comp2Trig
00008ffb   _errno
00008ffc   _PHASE_CTRL_In
003d7fff   _PartIdRegs
003f0000   _RamfuncsLoadStart
003f0240   _RamfuncsLoadEnd
003f0240   _tmpSetOtp
003f027c   _tmpRead
003f02e1   _tmpInit
003f030b   _tmpGetOtp
003f0328   _tmpCheckOtp
003f035d   _cntlUpdateCoefs
003f03b5   _cntlSetCoef
003f042c   _cntlGetCoef
003f0464   _DPL_Init
003f0550   _respond
003f05bb   _respFmtr
003f0625   _resetRespFmtr
003f062b   _shortenName
003f0653   _registerChild
003f06ce   _buildScpiTree
003f06f7   _ecReset
003f0708   _ecInit
003f0769   _ecEnable
003f0792   _ecDisable
003f07bc   _clearIBuff
003f07d4   _resetIBuff
003f07dc   _pushIBuff
003f083a   _popIBuff
003f0880   _i2cRead
003f08b6   _i2cWrite
003f08f9   _i2cPopMsg
003f0918   _i2cInit
003f0940   _log10
003f09f4   _clearOQueue
003f0a10   _resetOQueue
003f0a18   _pushOQueue
003f0a6c   _popOQueue
003f0a9c   _dataOnOQueue
003f0aa3   _spiTx
003f0ac8   _spiInit
003f0b51   _exp
003f0bef   __log
003f0c7c   _registerEmulationCommands
003f0ce8   _ddd
003f0cea   _SRQ
003f0cec   _SFC
003f0cee   _POL
003f0cf0   _LLO
003f0cf2   _HFC
003f0cf4   _GTL
003f0cf6   _GET
003f0cfc   _DFC
003f0cfe   _DCL
003f0d04   _sciTx
003f0d23   _sciInit
003f0d8b   FD$$MPY
003f0e0e   FS$$DIV
003f0e91   _pow
003f0f14   _resetParser
003f0f68   _parseMsgUnit
003f0f93   _smInit
003f100e   FS$$SUB
003f1013   FS$$ADD
003f10e7   _PWM_2ch_UpCnt_CNF
003f1143   FS$$MPY
003f119d   _main
003f11db   _DLOG_BuffInit
003f11e3   _c_int00
003f1227   _ldexp
003f12a7   _modf
003f12d8   _resetExecCtrl
003f12dd   _execCtrl
003f1330   L$$DIV
003f133f   L$$MOD
003f134d   UL$$DIV
003f1354   UL$$MOD
003f135a   FS$$TOL
003f1383   FS$$TOI
003f13a8   I$$DIV
003f13b9   I$$MOD
003f13ca   FD$$TOI
003f13eb   FD$$TOL
003f140a   FS$$TOU
003f1427   FS$$TOFD
003f1443   _SGENTI_1_calc
003f145e   I$$TOFS
003f1478   L$$TOFS
003f1492   __args_main
003f14ab   C$$EXIT
003f14ab   _abort
003f14ad   _exit
003f14c4   FS$$CMP
003f14db   _frexp
003f14ef   _pcUpdate
003f1502   UL$$TOFS
003f1515   _timersSetupReal
003f1525   U$$TOFS
003f1535   U$$DIV
003f153a   U$$MOD
003f1540   __register_unlock
003f1544   __register_lock
003f1548   __nop
003f1551   _ISR_ILLEGAL
003f1556   FS$$NEG
003f2000   _systCommScinSbit
003f2002   _systCommScinPar
003f2004   _systCommScinEcho
003f2006   _systCommScinDbit
003f2008   _systCommScinBaud
003f200a   _statQuesVoltEven
003f200c   _statQuesVoltEnab
003f200e   _statQuesVoltCond
003f2010   _statQuesTempEven
003f2012   _statQuesTempEnab
003f2014   _statQuesTempCond
003f2016   _statQuesScinEven
003f2018   _statQuesScinEnab
003f201a   _statQuesScinCond
003f201c   _statQuesIicbEven
003f201e   _statQuesIicbEnab
003f2020   _statQuesIicbCond
003f2022   _statQuesEthEven
003f2024   _statQuesEthEnab
003f2026   _statQuesEthCond
003f2028   _statQuesCurrEven
003f202a   _statQuesCurrEnab
003f202c   _statQuesCurrCond
003f202e   _sourVoltSlew
003f205a   _sourVoltRang
003f207a   _sourVoltProt
003f209a   _sourVoltLim
003f20b4   _sourVoltLev
003f20e0   _sourVoltCoef
003f2119   _sourTempProt
003f2139   _sourFreqOffs
003f215a   _sourFreqGain
003f217b   _sourFreqFix
003f219e   _sourCurrSlew
003f21c9   _sourCurrRang
003f21e9   _sourCurrProt
003f2209   _sourCurrLim
003f2223   _sourCurrLev
003f224e   _sourCurrCoef
003f2286   _registerDeviceCommands
003f2680   _outpStat
003f2682   _measVolt
003f269b   _measTemp
003f26b4   _measCurr
003f26cd   _instStat
003f26cf   _instNsel
003f26f8   _instCat
003f2717   _inpStat
003f2719   _contIdleInit
003f271b   _calAll
003f271d   _adcSocCnf
003f273d   _adcSetVScale
003f27a2   _adcSetOvp
003f2813   _adcSetOcp
003f287b   _adcSetIScale
003f28e0   _adcSetDac
003f2942   _adcMacroConfigure
003f2947   _adcGetVoltage
003f296a   _adcGetVScale
003f297f   _adcGetOvp
003f29c3   _adcGetOcp
003f29f8   _adcGetIScale
003f2a0d   _adcGetDac
003f2a66   _adcGetCurrent
003f2a89   _adcCompConfigure
003f2ab1   _adcCheckOvp
003f2ac1   _adcCheckOcp
003f2af0   _resetLexer
003f2c0c   _lexProgramMsg
003f2cba   _scpiReset
003f2cd6   _scpiInit
003f2cef   _scpiTest
003f2d07   _scpi
003f2e9f   _strchr
003f2ea9   _strspn
003f2eb8   _strcspn
003f2ec7   _strtok_r
003f2ee8   _strtok
003f2ef0   _strcpy
003f2ef6   _strcmp
003f2f0a   _strcat
003f2f13   _itoa
003f2f55   _dtoa
003f3063   _breakString
003f3084   _updateOperReg
003f30c1   _updateOPER
003f30d1   _updateESB
003f30df   _updateMAV
003f30f1   _updateQuesReg
003f3120   _updateQUES
003f3130   _updateSTB
003f3167   _updateMSS
003f316f   _setQISumBit
003f31b2   _setOISumBit
003f31f5   _requestControl
003f31fa   _readQISumEven
003f320c   _readOISumEven
003f321e   _queryError
003f3223   _operationComplete
003f3228   _executionError
003f322d   _deviceError
003f3232   _commandError
003f3237   _clearQuesCondRegs
003f3246   _clearOperCondRegs
003f3257   _sgUpdate
003f328c   _sgSetState
003f3295   _sgSetRectify
003f329e   _sgSetOffset
003f32cc   _sgSetInitialPhase
003f330e   _sgSetGainTarget
003f333c   _sgSetFreq
003f3368   _sgInit
003f337c   _sgGetState
003f3385   _sgGetResolution
003f33a5   _sgGetRectify
003f33ae   _sgGetOffset
003f33ba   _sgGetGainTarget
003f33c5   _sgGetFreq
003f33ee   _sgGainUpdate
003f3418   _ADC_SOC_CNF
003f35d7   _scSlewUpdate
003f3601   _scSetTarget
003f365c   _scSetTargetAll
003f366e   _scSetStep
003f36c2   _scSetStepAll
003f36d4   _scSetStateAll
003f36e3   _scSetState
003f36f6   _scGetTarget
003f373d   _scGetStep
003f3773   _scGetState
003f3785   _registerCommonCommands
003f3820   _WAI
003f3822   _TST
003f3835   _STB
003f384b   _SRE
003f387b   _RST
003f387f   _OPC
003f3892   _IDN
003f38d5   _ESR
003f38df   _ESE
003f390d   _CLS
003f3925   _systVers
003f3933   _systErrNext
003f393d   _statQuesEven
003f394e   _statQuesEnab
003f397c   _statQuesCond
003f3985   _statPres
003f398b   _statOperEven
003f399c   _statOperEnab
003f39ca   _statOperCond
003f39d3   _registerRequiredCommands
003f3aa3   _pwmTzConfigure
003f3b3a   _pwmSocConfigure
003f3b4b   _pwmSetFreq
003f3b83   _pwmRstTz
003f3b98   _pwmMacroConfigure
003f3bb1   _pwmGetFreq
003f3bda   _pwmDPLTrigInit
003f3bf7   _strtod
003f3d4a   _mnStopAll
003f3d58   _mnSetupChannels
003f3da9   _mnRunAll
003f3db6   _mnConnectNets
003f3e91   _WDogDisable
003f3e99   _PieVectTableInit
003f3eaa   _PieCntlInit
003f3ec9   _PLLset
003f3efb   _MemCopy
003f3f0c   _DeviceInit
003f618f   __ctypes_
003f6440   ___cinit__
003f6440   cinit
003f65eb   __IQ10toF
003f65ff   __IQ14toF
003f6613   __IQ15toF
003f6627   __IQ24toF
003f663b   __IQ26toF
003f7ff6   code_start
003f7ff8   _CsmPwl
ffffffff   .text
ffffffff   ___binit__
ffffffff   ___c_args__
ffffffff   ___etext__
ffffffff   ___pinit__
ffffffff   ___text__
ffffffff   binit
ffffffff   etext
ffffffff   pinit

[411 symbols]
